185.25.35.11 - - [31/Oct/2020:14:29:56 +0000] "GET /robots.txt HTTP/1.0" 200 924 "-" "robots"
185.25.35.14 - - [31/Oct/2020:14:29:58 +0000] "GET /phpBB/viewforum.php?f=12 HTTP/1.0" 403 1054 "-" "magpie-crawler/1.1 (U; Linux amd64; en-GB; +http://www.brandwatch.net)"
50.18.9.147 - - [31/Oct/2020:14:31:36 +0000] "GET /robots.txt HTTP/1.0" 200 924 "-" "Mozilla/5.0 (Macintosh; Intel Mac OS X 10_11_4) AppleWebKit/537.36 (KHTML, like Gecko) Chrome/50.0.2661.102 Safari/537.36"
13.57.8.119 - - [31/Oct/2020:14:31:36 +0000] "GET / HTTP/1.0" 200 239 "-" "Mozilla/5.0 (X11; Linux x86_64) AppleWebKit/537.36 (KHTML, like Gecko) HeadlessChrome/77.0.3835.0 Safari/537.36"
50.18.9.147 - - [31/Oct/2020:14:31:37 +0000] "HEAD / HTTP/1.0" 200 278 "-" "Mozilla/5.0 (Macintosh; Intel Mac OS X 10_11_4) AppleWebKit/537.36 (KHTML, like Gecko) Chrome/50.0.2661.102 Safari/537.36"
13.57.8.119 - - [31/Oct/2020:14:31:37 +0000] "GET /css/quickmenu.css HTTP/1.0" 200 246 "http://www.saratogahistory.com/" "Mozilla/5.0 (X11; Linux x86_64) AppleWebKit/537.36 (KHTML, like Gecko) HeadlessChrome/77.0.3835.0 Safari/537.36"
13.57.8.119 - - [31/Oct/2020:14:31:37 +0000] "GET /css/shf.css HTTP/1.0" 200 240 "http://www.saratogahistory.com/" "Mozilla/5.0 (X11; Linux x86_64) AppleWebKit/537.36 (KHTML, like Gecko) HeadlessChrome/77.0.3835.0 Safari/537.36"
13.57.8.119 - - [31/Oct/2020:14:31:37 +0000] "GET /javascript/quickmenu.js HTTP/1.0" 200 266 "http://www.saratogahistory.com/" "Mozilla/5.0 (X11; Linux x86_64) AppleWebKit/537.36 (KHTML, like Gecko) HeadlessChrome/77.0.3835.0 Safari/537.36"
13.57.8.119 - - [31/Oct/2020:14:31:37 +0000] "GET /javascript/utilities.js HTTP/1.0" 200 266 "http://www.saratogahistory.com/" "Mozilla/5.0 (X11; Linux x86_64) AppleWebKit/537.36 (KHTML, like Gecko) HeadlessChrome/77.0.3835.0 Safari/537.36"
50.18.9.147 - - [31/Oct/2020:14:31:37 +0000] "HEAD / HTTP/1.0" 200 278 "-" "Mozilla/5.0 (Macintosh; Intel Mac OS X 10_11_4) AppleWebKit/537.36 (KHTML, like Gecko) Chrome/50.0.2661.102 Safari/537.36"
50.18.9.147 - - [31/Oct/2020:14:31:37 +0000] "GET / HTTP/1.0" 200 239 "-" "Mozilla/5.0 (Macintosh; Intel Mac OS X 10_11_4) AppleWebKit/537.36 (KHTML, like Gecko) Chrome/50.0.2661.102 Safari/537.36"
50.18.9.147 - - [31/Oct/2020:14:31:38 +0000] "HEAD /index.htm HTTP/1.0" 200 278 "-" "Mozilla/5.0 (Macintosh; Intel Mac OS X 10_11_4) AppleWebKit/537.36 (KHTML, like Gecko) Chrome/50.0.2661.102 Safari/537.36"
50.18.9.147 - - [31/Oct/2020:14:31:38 +0000] "HEAD /overview.htm HTTP/1.0" 200 277 "-" "Mozilla/5.0 (Macintosh; Intel Mac OS X 10_11_4) AppleWebKit/537.36 (KHTML, like Gecko) Chrome/50.0.2661.102 Safari/537.36"
50.18.9.147 - - [31/Oct/2020:14:31:38 +0000] "HEAD /newsletter.htm HTTP/1.0" 200 278 "-" "Mozilla/5.0 (Macintosh; Intel Mac OS X 10_11_4) AppleWebKit/537.36 (KHTML, like Gecko) Chrome/50.0.2661.102 Safari/537.36"
50.18.9.147 - - [31/Oct/2020:14:31:39 +0000] "HEAD /membership.htm HTTP/1.0" 200 277 "-" "Mozilla/5.0 (Macintosh; Intel Mac OS X 10_11_4) AppleWebKit/537.36 (KHTML, like Gecko) Chrome/50.0.2661.102 Safari/537.36"
50.18.9.147 - - [31/Oct/2020:14:31:39 +0000] "HEAD /location_and_hours.htm HTTP/1.0" 200 278 "-" "Mozilla/5.0 (Macintosh; Intel Mac OS X 10_11_4) AppleWebKit/537.36 (KHTML, like Gecko) Chrome/50.0.2661.102 Safari/537.36"
50.18.9.147 - - [31/Oct/2020:14:31:39 +0000] "HEAD /volunteers.htm HTTP/1.0" 200 278 "-" "Mozilla/5.0 (Macintosh; Intel Mac OS X 10_11_4) AppleWebKit/537.36 (KHTML, like Gecko) Chrome/50.0.2661.102 Safari/537.36"
50.18.9.147 - - [31/Oct/2020:14:31:39 +0000] "GET /index.htm HTTP/1.0" 200 239 "-" "Mozilla/5.0 (Macintosh; Intel Mac OS X 10_11_4) AppleWebKit/537.36 (KHTML, like Gecko) Chrome/50.0.2661.102 Safari/537.36"
50.18.9.147 - - [31/Oct/2020:14:31:39 +0000] "GET /overview.htm HTTP/1.0" 200 242 "-" "Mozilla/5.0 (Macintosh; Intel Mac OS X 10_11_4) AppleWebKit/537.36 (KHTML, like Gecko) Chrome/50.0.2661.102 Safari/537.36"
50.18.9.147 - - [31/Oct/2020:14:31:40 +0000] "GET /newsletter.htm HTTP/1.0" 200 244 "-" "Mozilla/5.0 (Macintosh; Intel Mac OS X 10_11_4) AppleWebKit/537.36 (KHTML, like Gecko) Chrome/50.0.2661.102 Safari/537.36"
50.18.9.147 - - [31/Oct/2020:14:31:40 +0000] "GET /membership.htm HTTP/1.0" 200 244 "-" "Mozilla/5.0 (Macintosh; Intel Mac OS X 10_11_4) AppleWebKit/537.36 (KHTML, like Gecko) Chrome/50.0.2661.102 Safari/537.36"
50.18.9.147 - - [31/Oct/2020:14:31:40 +0000] "GET /location_and_hours.htm HTTP/1.0" 200 252 "-" "Mozilla/5.0 (Macintosh; Intel Mac OS X 10_11_4) AppleWebKit/537.36 (KHTML, like Gecko) Chrome/50.0.2661.102 Safari/537.36"
50.18.9.147 - - [31/Oct/2020:14:31:41 +0000] "GET /volunteers.htm HTTP/1.0" 200 244 "-" "Mozilla/5.0 (Macintosh; Intel Mac OS X 10_11_4) AppleWebKit/537.36 (KHTML, like Gecko) Chrome/50.0.2661.102 Safari/537.36"
51.68.143.212 - - [31/Oct/2020:14:32:52 +0000] "GET /phpBB/index.php HTTP/1.0" 403 1054 "http://www.saratogahistory.com/phpBB/index.php" "Mozilla/5.0 (Windows NT 10.0; Win64; x64) AppleWebKit/537.36 (KHTML, like Gecko) Chrome/67.0.3396.99 Safari/537.36"
51.68.143.212 - - [31/Oct/2020:14:32:53 +0000] "GET / HTTP/1.0" 200 239 "http://www.saratogahistory.com/phpBB/index.php" "Mozilla/5.0 (Windows NT 10.0; Win64; x64) AppleWebKit/537.36 (KHTML, like Gecko) Chrome/67.0.3396.99 Safari/537.36"
51.68.143.212 - - [31/Oct/2020:14:32:54 +0000] "GET /board_of_directors.htm HTTP/1.0" 200 252 "http://www.saratogahistory.com/board_of_directors.htm" "Mozilla/5.0 (Windows NT 10.0; Win64; x64) AppleWebKit/537.36 (KHTML, like Gecko) Chrome/67.0.3396.99 Safari/537.36"
51.68.143.212 - - [31/Oct/2020:14:32:55 +0000] "POST /contact_mailer.php HTTP/1.0" 200 8330 "http://www.saratogahistory.com/board_of_directors.htm" "Mozilla/5.0 (Windows NT 10.0; Win64; x64) AppleWebKit/537.36 (KHTML, like Gecko) Chrome/67.0.3396.99 Safari/537.36"
103.131.71.198 - - [31/Oct/2020:14:37:00 +0000] "GET /robots.txt HTTP/1.0" 200 924 "-" "Mozilla/5.0 (compatible; coccocbot-image/1.0; +http://help.coccoc.com/searchengine)"
44.234.115.21 - - [31/Oct/2020:14:39:50 +0000] "GET / HTTP/1.0" 200 239 "-" "python-requests/2.23.0"
217.170.206.138 - - [31/Oct/2020:14:57:02 +0000] "GET /phpBB/index.php HTTP/1.0" 403 1054 "http://www.saratogahistory.com/phpBB/index.php" "Mozilla/5.0 (Windows NT 6.3; Win64; x64) AppleWebKit/537.36 (KHTML, like Gecko) Chrome/67.0.3396.99 Safari/537.36"
217.170.206.138 - - [31/Oct/2020:14:57:03 +0000] "GET / HTTP/1.0" 200 239 "http://www.saratogahistory.com/phpBB/index.php" "Mozilla/5.0 (Windows NT 6.3; Win64; x64) AppleWebKit/537.36 (KHTML, like Gecko) Chrome/67.0.3396.99 Safari/537.36"
217.170.206.138 - - [31/Oct/2020:14:57:04 +0000] "GET /board_of_directors.htm HTTP/1.0" 200 252 "http://www.saratogahistory.com/board_of_directors.htm" "Mozilla/5.0 (Windows NT 6.3; Win64; x64) AppleWebKit/537.36 (KHTML, like Gecko) Chrome/67.0.3396.99 Safari/537.36"
217.170.206.138 - - [31/Oct/2020:14:57:04 +0000] "POST /contact_mailer.php HTTP/1.0" 200 8330 "http://www.saratogahistory.com/board_of_directors.htm" "Mozilla/5.0 (Windows NT 6.3; Win64; x64) AppleWebKit/537.36 (KHTML, like Gecko) Chrome/67.0.3396.99 Safari/537.36"
77.75.79.54 - - [31/Oct/2020:15:04:10 +0000] "GET /robots.txt HTTP/1.0" 200 924 "-" "Mozilla/5.0 (compatible; SeznamBot/3.2; +http://napoveda.seznam.cz/en/seznambot-intro/)"
34.74.134.16 - - [31/Oct/2020:15:07:43 +0000] "GET /.env HTTP/1.0" 404 1067 "-" "Mozilla/5.0 (X11; Linux x86_64) AppleWebKit/537.36 (KHTML, like Gecko) Chrome/81.0.4044.129 Safari/537.36"
34.74.134.16 - - [31/Oct/2020:15:07:43 +0000] "POST / HTTP/1.0" 200 26578 "-" "Mozilla/5.0 (X11; Linux x86_64) AppleWebKit/537.36 (KHTML, like Gecko) Chrome/81.0.4044.129 Safari/537.36"
69.209.100.144 - - [31/Oct/2020:15:08:53 +0000] "GET /History/called_saratoga.htm HTTP/1.0" 200 257 "https://www.google.com/" "Mozilla/5.0 (iPhone; CPU iPhone OS 13_7 like Mac OS X) AppleWebKit/605.1.15 (KHTML, like Gecko) Version/13.1.2 Mobile/15E148 Safari/604.1"
69.209.100.144 - - [31/Oct/2020:15:08:53 +0000] "GET /css/shf.css HTTP/1.0" 200 240 "http://www.saratogahistory.com/History/called_saratoga.htm" "Mozilla/5.0 (iPhone; CPU iPhone OS 13_7 like Mac OS X) AppleWebKit/605.1.15 (KHTML, like Gecko) Version/13.1.2 Mobile/15E148 Safari/604.1"
69.209.100.144 - - [31/Oct/2020:15:08:53 +0000] "GET /css/quickmenu.css HTTP/1.0" 200 246 "http://www.saratogahistory.com/History/called_saratoga.htm" "Mozilla/5.0 (iPhone; CPU iPhone OS 13_7 like Mac OS X) AppleWebKit/605.1.15 (KHTML, like Gecko) Version/13.1.2 Mobile/15E148 Safari/604.1"
69.209.100.144 - - [31/Oct/2020:15:08:53 +0000] "GET /javascript/quickmenu.js HTTP/1.0" 200 266 "http://www.saratogahistory.com/History/called_saratoga.htm" "Mozilla/5.0 (iPhone; CPU iPhone OS 13_7 like Mac OS X) AppleWebKit/605.1.15 (KHTML, like Gecko) Version/13.1.2 Mobile/15E148 Safari/604.1"
69.209.100.144 - - [31/Oct/2020:15:08:53 +0000] "GET /javascript/utilities.js HTTP/1.0" 200 266 "http://www.saratogahistory.com/History/called_saratoga.htm" "Mozilla/5.0 (iPhone; CPU iPhone OS 13_7 like Mac OS X) AppleWebKit/605.1.15 (KHTML, like Gecko) Version/13.1.2 Mobile/15E148 Safari/604.1"
69.209.100.144 - - [31/Oct/2020:15:08:53 +0000] "GET /shf_Assets/banner7.jpg HTTP/1.0" 200 253 "http://www.saratogahistory.com/History/called_saratoga.htm" "Mozilla/5.0 (iPhone; CPU iPhone OS 13_7 like Mac OS X) AppleWebKit/605.1.15 (KHTML, like Gecko) Version/13.1.2 Mobile/15E148 Safari/604.1"
69.209.100.144 - - [31/Oct/2020:15:08:53 +0000] "GET /shf_Assets/backgnd.gif HTTP/1.0" 200 396 "http://www.saratogahistory.com/History/called_saratoga.htm" "Mozilla/5.0 (iPhone; CPU iPhone OS 13_7 like Mac OS X) AppleWebKit/605.1.15 (KHTML, like Gecko) Version/13.1.2 Mobile/15E148 Safari/604.1"
69.209.100.144 - - [31/Oct/2020:15:08:54 +0000] "GET /shf_Assets/favicon.ico HTTP/1.0" 200 267 "http://www.saratogahistory.com/History/called_saratoga.htm" "Mozilla/5.0 (iPhone; CPU iPhone OS 13_7 like Mac OS X) AppleWebKit/605.1.15 (KHTML, like Gecko) Version/13.1.2 Mobile/15E148 Safari/604.1"
66.249.72.55 - - [31/Oct/2020:15:12:48 +0000] "GET /newsletters/2012_September.pdf HTTP/1.0" 200 266 "-" "Mozilla/5.0 (Linux; Android 6.0.1; Nexus 5X Build/MMB29P) AppleWebKit/537.36 (KHTML, like Gecko) Chrome/86.0.4240.96 Mobile Safari/537.36 (compatible; Googlebot/2.1; +http://www.google.com/bot.html)"
71.198.50.14 - - [31/Oct/2020:15:24:51 +0000] "GET / HTTP/1.0" 200 239 "-" "Mozilla/5.0 (iPhone; CPU iPhone OS 13_7 like Mac OS X) AppleWebKit/605.1.15 (KHTML, like Gecko) Version/13.1.2 Mobile/15E148 Safari/604.1"
71.198.50.14 - - [31/Oct/2020:15:24:51 +0000] "GET /css/shf.css HTTP/1.0" 200 240 "http://www.saratogahistory.com/" "Mozilla/5.0 (iPhone; CPU iPhone OS 13_7 like Mac OS X) AppleWebKit/605.1.15 (KHTML, like Gecko) Version/13.1.2 Mobile/15E148 Safari/604.1"
71.198.50.14 - - [31/Oct/2020:15:24:51 +0000] "GET /javascript/utilities.js HTTP/1.0" 200 266 "http://www.saratogahistory.com/" "Mozilla/5.0 (iPhone; CPU iPhone OS 13_7 like Mac OS X) AppleWebKit/605.1.15 (KHTML, like Gecko) Version/13.1.2 Mobile/15E148 Safari/604.1"
71.198.50.14 - - [31/Oct/2020:15:24:51 +0000] "GET /shf_Assets/banner7.jpg HTTP/1.0" 200 253 "http://www.saratogahistory.com/" "Mozilla/5.0 (iPhone; CPU iPhone OS 13_7 like Mac OS X) AppleWebKit/605.1.15 (KHTML, like Gecko) Version/13.1.2 Mobile/15E148 Safari/604.1"
71.198.50.14 - - [31/Oct/2020:15:24:51 +0000] "GET /css/quickmenu.css HTTP/1.0" 200 246 "http://www.saratogahistory.com/" "Mozilla/5.0 (iPhone; CPU iPhone OS 13_7 like Mac OS X) AppleWebKit/605.1.15 (KHTML, like Gecko) Version/13.1.2 Mobile/15E148 Safari/604.1"
71.198.50.14 - - [31/Oct/2020:15:24:51 +0000] "GET /javascript/quickmenu.js HTTP/1.0" 200 266 "http://www.saratogahistory.com/" "Mozilla/5.0 (iPhone; CPU iPhone OS 13_7 like Mac OS X) AppleWebKit/605.1.15 (KHTML, like Gecko) Version/13.1.2 Mobile/15E148 Safari/604.1"
71.198.50.14 - - [31/Oct/2020:15:24:52 +0000] "GET /shf_Assets/Notice.png HTTP/1.0" 200 251 "http://www.saratogahistory.com/" "Mozilla/5.0 (iPhone; CPU iPhone OS 13_7 like Mac OS X) AppleWebKit/605.1.15 (KHTML, like Gecko) Version/13.1.2 Mobile/15E148 Safari/604.1"
71.198.50.14 - - [31/Oct/2020:15:24:52 +0000] "GET /shf_Assets/19thAmendment.png HTTP/1.0" 200 258 "http://www.saratogahistory.com/" "Mozilla/5.0 (iPhone; CPU iPhone OS 13_7 like Mac OS X) AppleWebKit/605.1.15 (KHTML, like Gecko) Version/13.1.2 Mobile/15E148 Safari/604.1"
71.198.50.14 - - [31/Oct/2020:15:24:52 +0000] "GET /shf_Assets/PItrain.jpg HTTP/1.0" 200 253 "http://www.saratogahistory.com/" "Mozilla/5.0 (iPhone; CPU iPhone OS 13_7 like Mac OS X) AppleWebKit/605.1.15 (KHTML, like Gecko) Version/13.1.2 Mobile/15E148 Safari/604.1"
71.198.50.14 - - [31/Oct/2020:15:24:52 +0000] "GET /shf_Assets/buildings.gif HTTP/1.0" 200 254 "http://www.saratogahistory.com/" "Mozilla/5.0 (iPhone; CPU iPhone OS 13_7 like Mac OS X) AppleWebKit/605.1.15 (KHTML, like Gecko) Version/13.1.2 Mobile/15E148 Safari/604.1"
71.198.50.14 - - [31/Oct/2020:15:24:52 +0000] "GET /shf_Assets/blksmith.jpg HTTP/1.0" 200 254 "http://www.saratogahistory.com/" "Mozilla/5.0 (iPhone; CPU iPhone OS 13_7 like Mac OS X) AppleWebKit/605.1.15 (KHTML, like Gecko) Version/13.1.2 Mobile/15E148 Safari/604.1"
71.198.50.14 - - [31/Oct/2020:15:24:52 +0000] "GET /shf_Assets/SHF%20Museum3.jpg HTTP/1.0" 200 257 "http://www.saratogahistory.com/" "Mozilla/5.0 (iPhone; CPU iPhone OS 13_7 like Mac OS X) AppleWebKit/605.1.15 (KHTML, like Gecko) Version/13.1.2 Mobile/15E148 Safari/604.1"
71.198.50.14 - - [31/Oct/2020:15:24:52 +0000] "GET /shf_Assets/memory.jpg HTTP/1.0" 200 252 "http://www.saratogahistory.com/" "Mozilla/5.0 (iPhone; CPU iPhone OS 13_7 like Mac OS X) AppleWebKit/605.1.15 (KHTML, like Gecko) Version/13.1.2 Mobile/15E148 Safari/604.1"
71.198.50.14 - - [31/Oct/2020:15:24:52 +0000] "GET /shf_Assets/bike.jpg HTTP/1.0" 200 250 "http://www.saratogahistory.com/" "Mozilla/5.0 (iPhone; CPU iPhone OS 13_7 like Mac OS X) AppleWebKit/605.1.15 (KHTML, like Gecko) Version/13.1.2 Mobile/15E148 Safari/604.1"
71.198.50.14 - - [31/Oct/2020:15:24:52 +0000] "GET /shf_Assets/hands.gif HTTP/1.0" 200 250 "http://www.saratogahistory.com/" "Mozilla/5.0 (iPhone; CPU iPhone OS 13_7 like Mac OS X) AppleWebKit/605.1.15 (KHTML, like Gecko) Version/13.1.2 Mobile/15E148 Safari/604.1"
71.198.50.14 - - [31/Oct/2020:15:24:52 +0000] "GET /shf_Assets/microphone.gif HTTP/1.0" 200 255 "http://www.saratogahistory.com/" "Mozilla/5.0 (iPhone; CPU iPhone OS 13_7 like Mac OS X) AppleWebKit/605.1.15 (KHTML, like Gecko) Version/13.1.2 Mobile/15E148 Safari/604.1"
71.198.50.14 - - [31/Oct/2020:15:24:52 +0000] "GET /shf_Assets/books-2.jpg HTTP/1.0" 200 253 "http://www.saratogahistory.com/" "Mozilla/5.0 (iPhone; CPU iPhone OS 13_7 like Mac OS X) AppleWebKit/605.1.15 (KHTML, like Gecko) Version/13.1.2 Mobile/15E148 Safari/604.1"
71.198.50.14 - - [31/Oct/2020:15:24:52 +0000] "GET /shf_Assets/amazon.jpg HTTP/1.0" 200 252 "http://www.saratogahistory.com/" "Mozilla/5.0 (iPhone; CPU iPhone OS 13_7 like Mac OS X) AppleWebKit/605.1.15 (KHTML, like Gecko) Version/13.1.2 Mobile/15E148 Safari/604.1"
71.198.50.14 - - [31/Oct/2020:15:24:52 +0000] "GET /shf_Assets/backgnd.gif HTTP/1.0" 200 396 "http://www.saratogahistory.com/" "Mozilla/5.0 (iPhone; CPU iPhone OS 13_7 like Mac OS X) AppleWebKit/605.1.15 (KHTML, like Gecko) Version/13.1.2 Mobile/15E148 Safari/604.1"
71.198.50.14 - - [31/Oct/2020:15:24:52 +0000] "GET /shf_Assets/favicon.ico HTTP/1.0" 200 267 "http://www.saratogahistory.com/" "Mozilla/5.0 (iPhone; CPU iPhone OS 13_7 like Mac OS X) AppleWebKit/605.1.15 (KHTML, like Gecko) Version/13.1.2 Mobile/15E148 Safari/604.1"
207.46.13.158 - - [31/Oct/2020:15:25:36 +0000] "GET /inthenews/ HTTP/1.0" 200 250 "-" "Mozilla/5.0 (compatible; bingbot/2.0; +http://www.bing.com/bingbot.htm)"
34.72.37.237 - - [31/Oct/2020:15:34:37 +0000] "GET /misc%20documents/Cover%20Sheet.pdf HTTP/1.0" 200 266 "-" "Go-http-client/1.1"
73.222.115.90 - - [31/Oct/2020:15:36:25 +0000] "GET / HTTP/1.0" 200 239 "-" "Mozilla/5.0 (Macintosh; Intel Mac OS X 10_15_4) AppleWebKit/605.1.15 (KHTML, like Gecko) Version/13.1.2 Safari/605.1.15"
73.222.115.90 - - [31/Oct/2020:15:36:25 +0000] "GET /css/shf.css HTTP/1.0" 200 240 "http://www.saratogahistory.com/" "Mozilla/5.0 (Macintosh; Intel Mac OS X 10_15_4) AppleWebKit/605.1.15 (KHTML, like Gecko) Version/13.1.2 Safari/605.1.15"
66.249.72.55 - - [31/Oct/2020:15:36:32 +0000] "GET /phpBB/viewforum.php?f=12&sid=c789f2a6242c356b141b718cc841bccd HTTP/1.0" 403 1054 "-" "Mozilla/5.0 (Linux; Android 6.0.1; Nexus 5X Build/MMB29P) AppleWebKit/537.36 (KHTML, like Gecko) Chrome/86.0.4240.96 Mobile Safari/537.36 (compatible; Googlebot/2.1; +http://www.google.com/bot.html)"
66.249.72.53 - - [31/Oct/2020:15:41:32 +0000] "GET /phpBB/profile.php?mode=viewprofile&u=2&sid=c789f2a6242c356b141b718cc841bccd HTTP/1.0" 403 1054 "-" "Mozilla/5.0 (Linux; Android 6.0.1; Nexus 5X Build/MMB29P) AppleWebKit/537.36 (KHTML, like Gecko) Chrome/86.0.4240.96 Mobile Safari/537.36 (compatible; Googlebot/2.1; +http://www.google.com/bot.html)"
185.25.35.13 - - [31/Oct/2020:15:42:54 +0000] "GET /robots.txt HTTP/1.0" 200 924 "-" "robots"
185.25.35.14 - - [31/Oct/2020:15:42:54 +0000] "GET /phpBB/viewforum.php?f=13 HTTP/1.0" 403 1054 "-" "magpie-crawler/1.1 (U; Linux amd64; en-GB; +http://www.brandwatch.net)"
66.249.72.53 - - [31/Oct/2020:15:43:07 +0000] "GET /index.htm HTTP/1.0" 200 239 "-" "Mozilla/5.0 (Linux; Android 6.0.1; Nexus 5X Build/MMB29P) AppleWebKit/537.36 (KHTML, like Gecko) Chrome/86.0.4240.96 Mobile Safari/537.36 (compatible; Googlebot/2.1; +http://www.google.com/bot.html)"
52.149.58.69 - - [31/Oct/2020:15:53:46 +0000] "GET / HTTP/1.0" 200 239 "-" "Mozilla/5.0 (iPhone; CPU iPhone OS 13_3 like Mac OS X) AppleWebKit/605.1.15 (KHTML%2C like Gecko) Mobile/15E148"
66.249.72.57 - - [31/Oct/2020:16:00:30 +0000] "GET /newsletters/2010_May.pdf HTTP/1.0" 200 260 "-" "Mozilla/5.0 (Linux; Android 6.0.1; Nexus 5X Build/MMB29P) AppleWebKit/537.36 (KHTML, like Gecko) Chrome/86.0.4240.96 Mobile Safari/537.36 (compatible; Googlebot/2.1; +http://www.google.com/bot.html)"
216.211.81.76 - - [31/Oct/2020:16:01:48 +0000] "GET /History/sarah_brown.htm HTTP/1.0" 200 253 "https://www.google.com/" "Mozilla/5.0 (Macintosh; Intel Mac OS X 10_15_6) AppleWebKit/537.36 (KHTML, like Gecko) Chrome/86.0.4240.80 Safari/537.36"
216.211.81.76 - - [31/Oct/2020:16:01:48 +0000] "GET /css/shf.css HTTP/1.0" 200 240 "http://www.saratogahistory.com/History/sarah_brown.htm" "Mozilla/5.0 (Macintosh; Intel Mac OS X 10_15_6) AppleWebKit/537.36 (KHTML, like Gecko) Chrome/86.0.4240.80 Safari/537.36"
216.211.81.76 - - [31/Oct/2020:16:01:48 +0000] "GET /css/quickmenu.css HTTP/1.0" 200 246 "http://www.saratogahistory.com/History/sarah_brown.htm" "Mozilla/5.0 (Macintosh; Intel Mac OS X 10_15_6) AppleWebKit/537.36 (KHTML, like Gecko) Chrome/86.0.4240.80 Safari/537.36"
216.211.81.76 - - [31/Oct/2020:16:01:48 +0000] "GET /javascript/quickmenu.js HTTP/1.0" 200 266 "http://www.saratogahistory.com/History/sarah_brown.htm" "Mozilla/5.0 (Macintosh; Intel Mac OS X 10_15_6) AppleWebKit/537.36 (KHTML, like Gecko) Chrome/86.0.4240.80 Safari/537.36"
216.211.81.76 - - [31/Oct/2020:16:01:48 +0000] "GET /javascript/utilities.js HTTP/1.0" 200 266 "http://www.saratogahistory.com/History/sarah_brown.htm" "Mozilla/5.0 (Macintosh; Intel Mac OS X 10_15_6) AppleWebKit/537.36 (KHTML, like Gecko) Chrome/86.0.4240.80 Safari/537.36"
216.211.81.76 - - [31/Oct/2020:16:01:48 +0000] "GET /shf_Assets/banner7.jpg HTTP/1.0" 200 253 "http://www.saratogahistory.com/History/sarah_brown.htm" "Mozilla/5.0 (Macintosh; Intel Mac OS X 10_15_6) AppleWebKit/537.36 (KHTML, like Gecko) Chrome/86.0.4240.80 Safari/537.36"
216.211.81.76 - - [31/Oct/2020:16:01:48 +0000] "GET /shf_Assets/backgnd.gif HTTP/1.0" 200 396 "http://www.saratogahistory.com/css/shf.css" "Mozilla/5.0 (Macintosh; Intel Mac OS X 10_15_6) AppleWebKit/537.36 (KHTML, like Gecko) Chrome/86.0.4240.80 Safari/537.36"
216.211.81.76 - - [31/Oct/2020:16:01:48 +0000] "GET /homepageDrafts/qmimages/arrow_5.gif HTTP/1.0" 404 1067 "http://www.saratogahistory.com/css/quickmenu.css" "Mozilla/5.0 (Macintosh; Intel Mac OS X 10_15_6) AppleWebKit/537.36 (KHTML, like Gecko) Chrome/86.0.4240.80 Safari/537.36"
216.211.81.76 - - [31/Oct/2020:16:01:48 +0000] "GET /shf_Assets/favicon.ico HTTP/1.0" 200 267 "http://www.saratogahistory.com/History/sarah_brown.htm" "Mozilla/5.0 (Macintosh; Intel Mac OS X 10_15_6) AppleWebKit/537.36 (KHTML, like Gecko) Chrome/86.0.4240.80 Safari/537.36"
13.127.255.127 - - [31/Oct/2020:16:07:30 +0000] "GET /board_of_directors.htm HTTP/1.0" 200 252 "-" "Python-urllib/3.6"
13.127.255.127 - - [31/Oct/2020:16:07:30 +0000] "GET /History/florence_cunningham.htm HTTP/1.0" 200 261 "-" "Python-urllib/3.6"
13.127.255.127 - - [31/Oct/2020:16:07:31 +0000] "GET /misc%20documents/2010-Saratoga-Historical-Bike-Ride.pdf HTTP/1.0" 200 289 "-" "Python-urllib/3.6"
13.127.255.127 - - [31/Oct/2020:16:07:33 +0000] "GET /newsletter.htm HTTP/1.0" 200 244 "-" "Python-urllib/3.6"
13.127.255.127 - - [31/Oct/2020:16:07:34 +0000] "GET /History/called_saratoga.htm HTTP/1.0" 200 257 "-" "Python-urllib/3.6"
13.127.255.127 - - [31/Oct/2020:16:07:35 +0000] "GET /History/PIrailroad.htm HTTP/1.0" 200 252 "-" "Python-urllib/3.6"
13.127.255.127 - - [31/Oct/2020:16:07:35 +0000] "GET /History/abijah_mccall.htm HTTP/1.0" 200 255 "-" "Python-urllib/3.6"
13.127.255.127 - - [31/Oct/2020:16:07:36 +0000] "GET /History/japanese_gardens.htm HTTP/1.0" 200 258 "-" "Python-urllib/3.6"
13.127.255.127 - - [31/Oct/2020:16:07:37 +0000] "GET /misc%20documents/2010-Saratoga-Historical-Walking-Tour.pdf HTTP/1.0" 200 292 "-" "Python-urllib/3.6"
13.127.255.127 - - [31/Oct/2020:16:07:39 +0000] "GET /location_and_hours.htm HTTP/1.0" 200 252 "-" "Python-urllib/3.6"
13.127.255.127 - - [31/Oct/2020:16:07:39 +0000] "GET /History/sarah_brown.htm HTTP/1.0" 200 253 "-" "Python-urllib/3.6"
13.127.255.127 - - [31/Oct/2020:16:07:40 +0000] "GET /History/winehistory.htm HTTP/1.0" 200 253 "-" "Python-urllib/3.6"
13.127.255.127 - - [31/Oct/2020:16:07:41 +0000] "GET / HTTP/1.0" 200 239 "-" "Python-urllib/3.6"
13.127.255.127 - - [31/Oct/2020:16:07:41 +0000] "GET /./index.htm HTTP/1.0" 200 239 "-" "Python-urllib/3.6"
13.127.255.127 - - [31/Oct/2020:16:07:42 +0000] "GET /History/cob.htm HTTP/1.0" 200 245 "-" "Python-urllib/3.6"
13.127.255.127 - - [31/Oct/2020:16:07:43 +0000] "GET /History/WWII.htm HTTP/1.0" 200 246 "-" "Python-urllib/3.6"
13.127.255.127 - - [31/Oct/2020:16:07:44 +0000] "GET /History/peeper.htm HTTP/1.0" 200 248 "-" "Python-urllib/3.6"
13.127.255.127 - - [31/Oct/2020:16:07:44 +0000] "GET /inthenews HTTP/1.0" 301 474 "-" "Python-urllib/3.6"
13.127.255.127 - - [31/Oct/2020:16:07:45 +0000] "GET /inthenews/ HTTP/1.0" 200 250 "-" "Python-urllib/3.6"
13.127.255.127 - - [31/Oct/2020:16:07:45 +0000] "GET /misc%20documents/Reminisce%20about%20Saratoga.pdf HTTP/1.0" 200 279 "-" "Python-urllib/3.6"
13.127.255.127 - - [31/Oct/2020:16:07:46 +0000] "GET /misc%20documents/Park%20Garden%20Tour%202010%20final.pdf HTTP/1.0" 200 282 "-" "Python-urllib/3.6"
13.127.255.127 - - [31/Oct/2020:16:07:49 +0000] "GET /volunteers.htm HTTP/1.0" 200 244 "-" "Python-urllib/3.6"
13.127.255.127 - - [31/Oct/2020:16:07:49 +0000] "GET /membership.htm HTTP/1.0" 200 244 "-" "Python-urllib/3.6"
13.127.255.127 - - [31/Oct/2020:16:07:50 +0000] "GET /History/isabella_blaney.htm HTTP/1.0" 200 257 "-" "Python-urllib/3.6"
13.127.255.127 - - [31/Oct/2020:16:07:50 +0000] "GET /History/WWI.htm HTTP/1.0" 200 245 "-" "Python-urllib/3.6"
13.127.255.127 - - [31/Oct/2020:16:07:51 +0000] "GET /History/kevin_moran.htm HTTP/1.0" 200 253 "-" "Python-urllib/3.6"
13.127.255.127 - - [31/Oct/2020:16:07:51 +0000] "GET /History/KoreanWar.htm HTTP/1.0" 200 251 "-" "Python-urllib/3.6"
13.127.255.127 - - [31/Oct/2020:16:07:52 +0000] "GET /overview.htm HTTP/1.0" 200 242 "-" "Python-urllib/3.6"
77.88.5.246 - - [31/Oct/2020:16:08:55 +0000] "GET /robots.txt HTTP/1.0" 200 924 "-" "Mozilla/5.0 (compatible; YandexBot/3.0; +http://yandex.com/bots)"
93.158.161.10 - - [31/Oct/2020:16:08:58 +0000] "GET / HTTP/1.0" 200 239 "-" "Mozilla/5.0 (compatible; YandexBot/3.0; +http://yandex.com/bots)"
198.238.192.228 - - [31/Oct/2020:16:18:55 +0000] "GET /History/sarah_brown.htm HTTP/1.0" 200 253 "https://www.google.com/" "Mozilla/5.0 (Windows NT 10.0; Win64; x64) AppleWebKit/537.36 (KHTML, like Gecko) Chrome/86.0.4240.111 Safari/537.36"
198.238.192.228 - - [31/Oct/2020:16:18:55 +0000] "GET /css/shf.css HTTP/1.0" 200 240 "http://www.saratogahistory.com/History/sarah_brown.htm" "Mozilla/5.0 (Windows NT 10.0; Win64; x64) AppleWebKit/537.36 (KHTML, like Gecko) Chrome/86.0.4240.111 Safari/537.36"
198.238.192.228 - - [31/Oct/2020:16:18:55 +0000] "GET /css/quickmenu.css HTTP/1.0" 200 246 "http://www.saratogahistory.com/History/sarah_brown.htm" "Mozilla/5.0 (Windows NT 10.0; Win64; x64) AppleWebKit/537.36 (KHTML, like Gecko) Chrome/86.0.4240.111 Safari/537.36"
198.238.192.228 - - [31/Oct/2020:16:18:55 +0000] "GET /javascript/utilities.js HTTP/1.0" 200 266 "http://www.saratogahistory.com/History/sarah_brown.htm" "Mozilla/5.0 (Windows NT 10.0; Win64; x64) AppleWebKit/537.36 (KHTML, like Gecko) Chrome/86.0.4240.111 Safari/537.36"
198.238.192.228 - - [31/Oct/2020:16:18:55 +0000] "GET /javascript/quickmenu.js HTTP/1.0" 200 266 "http://www.saratogahistory.com/History/sarah_brown.htm" "Mozilla/5.0 (Windows NT 10.0; Win64; x64) AppleWebKit/537.36 (KHTML, like Gecko) Chrome/86.0.4240.111 Safari/537.36"
198.238.192.228 - - [31/Oct/2020:16:18:55 +0000] "GET /shf_Assets/banner7.jpg HTTP/1.0" 200 253 "http://www.saratogahistory.com/History/sarah_brown.htm" "Mozilla/5.0 (Windows NT 10.0; Win64; x64) AppleWebKit/537.36 (KHTML, like Gecko) Chrome/86.0.4240.111 Safari/537.36"
198.238.192.228 - - [31/Oct/2020:16:18:55 +0000] "GET /homepageDrafts/qmimages/arrow_5.gif HTTP/1.0" 404 1067 "http://www.saratogahistory.com/css/quickmenu.css" "Mozilla/5.0 (Windows NT 10.0; Win64; x64) AppleWebKit/537.36 (KHTML, like Gecko) Chrome/86.0.4240.111 Safari/537.36"
198.238.192.228 - - [31/Oct/2020:16:18:55 +0000] "GET /shf_Assets/backgnd.gif HTTP/1.0" 200 396 "http://www.saratogahistory.com/css/shf.css" "Mozilla/5.0 (Windows NT 10.0; Win64; x64) AppleWebKit/537.36 (KHTML, like Gecko) Chrome/86.0.4240.111 Safari/537.36"
198.238.192.228 - - [31/Oct/2020:16:18:55 +0000] "GET /shf_Assets/favicon.ico HTTP/1.0" 200 267 "http://www.saratogahistory.com/History/sarah_brown.htm" "Mozilla/5.0 (Windows NT 10.0; Win64; x64) AppleWebKit/537.36 (KHTML, like Gecko) Chrome/86.0.4240.111 Safari/537.36"
185.25.35.13 - - [31/Oct/2020:16:19:11 +0000] "GET /robots.txt HTTP/1.0" 200 924 "-" "robots"
185.25.35.14 - - [31/Oct/2020:16:19:12 +0000] "GET /phpBB/viewforum.php?f=11 HTTP/1.0" 403 1054 "-" "magpie-crawler/1.1 (U; Linux amd64; en-GB; +http://www.brandwatch.net)"
138.36.158.49 - - [31/Oct/2020:16:22:44 +0000] "GET /board_of_directors.htm HTTP/1.0" 200 252 "http://www.saratogahistory.com/board_of_directors.htm" "Mozilla/5.0 (Windows NT 6.1; Win64; x64) AppleWebKit/537.36 (KHTML, like Gecko) Chrome/68.0.3440.84 Safari/537.36"
138.36.158.49 - - [31/Oct/2020:16:22:52 +0000] "GET /board_of_directors.htm HTTP/1.0" 200 252 "http://www.saratogahistory.com/board_of_directors.htm" "Mozilla/5.0 (Windows NT 6.1; Win64; x64) AppleWebKit/537.36 (KHTML, like Gecko) Chrome/68.0.3440.84 Safari/537.36"
178.159.37.172 - - [31/Oct/2020:16:27:23 +0000] "GET /board_of_directors.htm HTTP/1.0" 200 252 "http://www.saratogahistory.com/board_of_directors.htm" "Mozilla/5.0 (Windows NT 6.1; WOW64) AppleWebKit/537.36 (KHTML, like Gecko) Chrome/67.0.3396.87 Safari/537.36 OPR/54.0.2952.64 (Edition Yx)"
178.159.37.172 - - [31/Oct/2020:16:27:23 +0000] "POST /contact_mailer.php HTTP/1.0" 200 8330 "http://www.saratogahistory.com/board_of_directors.htm" "Mozilla/5.0 (Windows NT 6.1; WOW64) AppleWebKit/537.36 (KHTML, like Gecko) Chrome/67.0.3396.87 Safari/537.36 OPR/54.0.2952.64 (Edition Yx)"
73.93.49.159 - - [31/Oct/2020:16:31:19 +0000] "GET /new_membership.htm HTTP/1.0" 200 248 "-" "Mozilla/5.0 (X11; Ubuntu; Linux x86_64; rv:82.0) Gecko/20100101 Firefox/82.0"
73.93.49.159 - - [31/Oct/2020:16:31:20 +0000] "GET /css/shf.css HTTP/1.0" 200 240 "http://www.saratogahistory.com/new_membership.htm" "Mozilla/5.0 (X11; Ubuntu; Linux x86_64; rv:82.0) Gecko/20100101 Firefox/82.0"
73.93.49.159 - - [31/Oct/2020:16:31:20 +0000] "GET /shf_Assets/backgnd.gif HTTP/1.0" 200 396 "http://www.saratogahistory.com/css/shf.css" "Mozilla/5.0 (X11; Ubuntu; Linux x86_64; rv:82.0) Gecko/20100101 Firefox/82.0"
73.93.49.159 - - [31/Oct/2020:16:31:20 +0000] "GET /shf_Assets/checkwriter.gif HTTP/1.0" 200 256 "http://www.saratogahistory.com/new_membership.htm" "Mozilla/5.0 (X11; Ubuntu; Linux x86_64; rv:82.0) Gecko/20100101 Firefox/82.0"
73.93.49.159 - - [31/Oct/2020:16:31:20 +0000] "GET /shf_Assets/favicon.ico HTTP/1.0" 200 267 "http://www.saratogahistory.com/new_membership.htm" "Mozilla/5.0 (X11; Ubuntu; Linux x86_64; rv:82.0) Gecko/20100101 Firefox/82.0"
73.93.49.159 - - [31/Oct/2020:16:31:46 +0000] "POST /membership_confirm.php HTTP/1.0" 200 14956 "http://www.saratogahistory.com/new_membership.htm" "Mozilla/5.0 (X11; Ubuntu; Linux x86_64; rv:82.0) Gecko/20100101 Firefox/82.0"
73.93.49.159 - - [31/Oct/2020:16:33:12 +0000] "POST /membershipconfirmation.php HTTP/1.0" 500 196 "http://www.saratogahistory.com/membership_confirm.php" "Mozilla/5.0 (X11; Ubuntu; Linux x86_64; rv:82.0) Gecko/20100101 Firefox/82.0"
73.93.49.159 - - [31/Oct/2020:16:33:13 +0000] "GET /favicon.ico HTTP/1.0" 200 256 "http://www.saratogahistory.com/membershipconfirmation.php" "Mozilla/5.0 (X11; Ubuntu; Linux x86_64; rv:82.0) Gecko/20100101 Firefox/82.0"
73.93.49.159 - - [31/Oct/2020:16:33:41 +0000] "POST /membershipconfirmation.php HTTP/1.0" 500 196 "http://www.saratogahistory.com/membership_confirm.php" "Mozilla/5.0 (X11; Ubuntu; Linux x86_64; rv:82.0) Gecko/20100101 Firefox/82.0"
77.75.77.109 - - [31/Oct/2020:16:33:44 +0000] "GET /robots.txt HTTP/1.0" 200 924 "-" "Mozilla/5.0 (compatible; SeznamBot/3.2; +http://napoveda.seznam.cz/en/seznambot-intro/)"
73.93.49.159 - - [31/Oct/2020:16:34:43 +0000] "POST /membershipconfirmation.php HTTP/1.0" 200 10757 "http://www.saratogahistory.com/membership_confirm.php" "Mozilla/5.0 (X11; Ubuntu; Linux x86_64; rv:82.0) Gecko/20100101 Firefox/82.0"
73.93.49.159 - - [31/Oct/2020:16:34:43 +0000] "GET /javascript/quickmenu.js HTTP/1.0" 200 266 "http://www.saratogahistory.com/membershipconfirmation.php" "Mozilla/5.0 (X11; Ubuntu; Linux x86_64; rv:82.0) Gecko/20100101 Firefox/82.0"
73.93.49.159 - - [31/Oct/2020:16:34:43 +0000] "GET /javascript/utilities.js HTTP/1.0" 200 266 "http://www.saratogahistory.com/membershipconfirmation.php" "Mozilla/5.0 (X11; Ubuntu; Linux x86_64; rv:82.0) Gecko/20100101 Firefox/82.0"
73.93.49.159 - - [31/Oct/2020:16:34:43 +0000] "GET /shf_Assets/banner7.jpg HTTP/1.0" 200 253 "http://www.saratogahistory.com/membershipconfirmation.php" "Mozilla/5.0 (X11; Ubuntu; Linux x86_64; rv:82.0) Gecko/20100101 Firefox/82.0"
73.93.49.159 - - [31/Oct/2020:16:34:43 +0000] "GET /shf_Assets/favicon.ico HTTP/1.0" 200 267 "http://www.saratogahistory.com/membershipconfirmation.php" "Mozilla/5.0 (X11; Ubuntu; Linux x86_64; rv:82.0) Gecko/20100101 Firefox/82.0"
185.25.35.14 - - [31/Oct/2020:16:39:39 +0000] "GET /robots.txt HTTP/1.0" 200 924 "-" "robots"
185.25.35.13 - - [31/Oct/2020:16:39:40 +0000] "GET /phpBB/viewforum.php?f=1 HTTP/1.0" 403 1054 "-" "magpie-crawler/1.1 (U; Linux amd64; en-GB; +http://www.brandwatch.net)"
119.18.149.75 - - [31/Oct/2020:17:03:46 +0000] "GET /board_of_directors.htm HTTP/1.0" 200 252 "http://www.saratogahistory.com/board_of_directors.htm" "Mozilla/5.0 (Windows NT 6.1) AppleWebKit/537.36 (KHTML, like Gecko) Chrome/67.0.3396.87 Safari/537.36"
119.18.149.75 - - [31/Oct/2020:17:03:48 +0000] "GET /board_of_directors.htm HTTP/1.0" 200 252 "http://www.saratogahistory.com/board_of_directors.htm" "Mozilla/5.0 (Windows NT 6.1) AppleWebKit/537.36 (KHTML, like Gecko) Chrome/67.0.3396.87 Safari/537.36"
93.158.161.10 - - [31/Oct/2020:17:05:03 +0000] "GET /board_of_directors.htm HTTP/1.0" 200 252 "-" "Mozilla/5.0 (compatible; YandexBot/3.0; +http://yandex.com/bots)"
178.93.55.7 - - [31/Oct/2020:17:06:27 +0000] "GET / HTTP/1.0" 200 239 "http://www.saratogahistory.com/" "Mozilla/5.0 (Windows NT 6.3; Win64; x64) AppleWebKit/537.36 (KHTML, like Gecko) Chrome/67.0.3396.99 Safari/537.36"
178.93.55.7 - - [31/Oct/2020:17:06:29 +0000] "GET /board_of_directors.htm HTTP/1.0" 200 252 "http://www.saratogahistory.com/board_of_directors.htm" "Mozilla/5.0 (Windows NT 6.3; Win64; x64) AppleWebKit/537.36 (KHTML, like Gecko) Chrome/67.0.3396.99 Safari/537.36"
74.125.212.56 - - [31/Oct/2020:17:07:39 +0000] "GET /History/sarah_brown.htm HTTP/1.0" 200 253 "-" "Mozilla/5.0 (Linux; U; Android 4.3; en-us; SM-N900T Build/JSS15J) AppleWebKit/534.30 (KHTML, like Gecko) Version/4.0 Mobile Safari/534.30"
74.125.212.56 - - [31/Oct/2020:17:07:39 +0000] "GET /javascript/quickmenu.js HTTP/1.0" 200 266 "http://www.saratogahistory.com/History/sarah_brown.htm" "Mozilla/5.0 (Linux; U; Android 4.3; en-us; SM-N900T Build/JSS15J) AppleWebKit/534.30 (KHTML, like Gecko) Version/4.0 Mobile Safari/534.30"
74.125.212.56 - - [31/Oct/2020:17:07:39 +0000] "GET /css/quickmenu.css HTTP/1.0" 200 246 "http://www.saratogahistory.com/History/sarah_brown.htm" "Mozilla/5.0 (Linux; U; Android 4.3; en-us; SM-N900T Build/JSS15J) AppleWebKit/534.30 (KHTML, like Gecko) Version/4.0 Mobile Safari/534.30"
74.125.212.54 - - [31/Oct/2020:17:07:39 +0000] "GET /css/shf.css HTTP/1.0" 200 240 "http://www.saratogahistory.com/History/sarah_brown.htm" "Mozilla/5.0 (Linux; U; Android 4.3; en-us; SM-N900T Build/JSS15J) AppleWebKit/534.30 (KHTML, like Gecko) Version/4.0 Mobile Safari/534.30"
74.125.212.56 - - [31/Oct/2020:17:07:39 +0000] "GET /javascript/utilities.js HTTP/1.0" 200 266 "http://www.saratogahistory.com/History/sarah_brown.htm" "Mozilla/5.0 (Linux; U; Android 4.3; en-us; SM-N900T Build/JSS15J) AppleWebKit/534.30 (KHTML, like Gecko) Version/4.0 Mobile Safari/534.30"
74.125.212.52 - - [31/Oct/2020:17:07:39 +0000] "GET /homepageDrafts/qmimages/arrow_5.gif HTTP/1.0" 404 1067 "http://www.saratogahistory.com/css/quickmenu.css" "Mozilla/5.0 (Linux; U; Android 4.3; en-us; SM-N900T Build/JSS15J) AppleWebKit/534.30 (KHTML, like Gecko) Version/4.0 Mobile Safari/534.30"
74.125.212.52 - - [31/Oct/2020:17:07:39 +0000] "GET /shf_Assets/backgnd.gif HTTP/1.0" 200 396 "http://www.saratogahistory.com/css/shf.css" "Mozilla/5.0 (Linux; U; Android 4.3; en-us; SM-N900T Build/JSS15J) AppleWebKit/534.30 (KHTML, like Gecko) Version/4.0 Mobile Safari/534.30"
74.125.212.54 - - [31/Oct/2020:17:07:39 +0000] "GET /shf_Assets/banner7.jpg HTTP/1.0" 200 253 "http://www.saratogahistory.com/History/sarah_brown.htm" "Mozilla/5.0 (Linux; U; Android 4.3; en-us; SM-N900T Build/JSS15J) AppleWebKit/534.30 (KHTML, like Gecko) Version/4.0 Mobile Safari/534.30"
74.125.212.52 - - [31/Oct/2020:17:07:39 +0000] "GET / HTTP/1.0" 200 239 "-" "Mozilla/5.0 (Linux; U; Android 4.3; en-us; SM-N900T Build/JSS15J) AppleWebKit/534.30 (KHTML, like Gecko) Version/4.0 Mobile Safari/534.30"
66.249.83.22 - - [31/Oct/2020:17:07:39 +0000] "GET / HTTP/1.0" 200 239 "-" "Mozilla/5.0 (X11; Linux x86_64) AppleWebKit/537.36 (KHTML, like Gecko) Chrome/81.0.4044.92 Safari/537.36"
66.249.83.22 - - [31/Oct/2020:17:07:40 +0000] "GET /css/quickmenu.css HTTP/1.0" 200 246 "http://www.saratogahistory.com/" "Mozilla/5.0 (X11; Linux x86_64) AppleWebKit/537.36 (KHTML, like Gecko) Chrome/81.0.4044.92 Safari/537.36"
66.249.83.22 - - [31/Oct/2020:17:07:40 +0000] "GET /css/shf.css HTTP/1.0" 200 240 "http://www.saratogahistory.com/" "Mozilla/5.0 (X11; Linux x86_64) AppleWebKit/537.36 (KHTML, like Gecko) Chrome/81.0.4044.92 Safari/537.36"
66.249.83.22 - - [31/Oct/2020:17:07:40 +0000] "GET /javascript/quickmenu.js HTTP/1.0" 200 266 "http://www.saratogahistory.com/" "Mozilla/5.0 (X11; Linux x86_64) AppleWebKit/537.36 (KHTML, like Gecko) Chrome/81.0.4044.92 Safari/537.36"
74.125.212.54 - - [31/Oct/2020:17:07:40 +0000] "GET /javascript/utilities.js HTTP/1.0" 200 266 "http://www.saratogahistory.com/" "Mozilla/5.0 (Linux; U; Android 4.3; en-us; SM-N900T Build/JSS15J) AppleWebKit/534.30 (KHTML, like Gecko) Version/4.0 Mobile Safari/534.30"
66.249.83.22 - - [31/Oct/2020:17:07:40 +0000] "GET /javascript/utilities.js HTTP/1.0" 200 266 "http://www.saratogahistory.com/" "Mozilla/5.0 (X11; Linux x86_64) AppleWebKit/537.36 (KHTML, like Gecko) Chrome/81.0.4044.92 Safari/537.36"
74.125.212.54 - - [31/Oct/2020:17:07:40 +0000] "GET /css/quickmenu.css HTTP/1.0" 200 246 "http://www.saratogahistory.com/" "Mozilla/5.0 (Linux; U; Android 4.3; en-us; SM-N900T Build/JSS15J) AppleWebKit/534.30 (KHTML, like Gecko) Version/4.0 Mobile Safari/534.30"
74.125.212.56 - - [31/Oct/2020:17:07:40 +0000] "GET /css/shf.css HTTP/1.0" 200 240 "http://www.saratogahistory.com/" "Mozilla/5.0 (Linux; U; Android 4.3; en-us; SM-N900T Build/JSS15J) AppleWebKit/534.30 (KHTML, like Gecko) Version/4.0 Mobile Safari/534.30"
74.125.212.56 - - [31/Oct/2020:17:07:40 +0000] "GET /javascript/quickmenu.js HTTP/1.0" 200 266 "http://www.saratogahistory.com/" "Mozilla/5.0 (Linux; U; Android 4.3; en-us; SM-N900T Build/JSS15J) AppleWebKit/534.30 (KHTML, like Gecko) Version/4.0 Mobile Safari/534.30"
66.249.83.22 - - [31/Oct/2020:17:07:40 +0000] "GET /shf_Assets/banner7.jpg HTTP/1.0" 200 253 "http://www.saratogahistory.com/" "Mozilla/5.0 (X11; Linux x86_64) AppleWebKit/537.36 (KHTML, like Gecko) Chrome/81.0.4044.92 Safari/537.36"
66.249.83.22 - - [31/Oct/2020:17:07:40 +0000] "GET /shf_Assets/Notice.png HTTP/1.0" 200 251 "http://www.saratogahistory.com/" "Mozilla/5.0 (X11; Linux x86_64) AppleWebKit/537.36 (KHTML, like Gecko) Chrome/81.0.4044.92 Safari/537.36"
66.249.83.22 - - [31/Oct/2020:17:07:40 +0000] "GET /shf_Assets/blksmith.jpg HTTP/1.0" 200 254 "http://www.saratogahistory.com/" "Mozilla/5.0 (X11; Linux x86_64) AppleWebKit/537.36 (KHTML, like Gecko) Chrome/81.0.4044.92 Safari/537.36"
66.249.83.24 - - [31/Oct/2020:17:07:40 +0000] "GET /shf_Assets/buildings.gif HTTP/1.0" 200 254 "http://www.saratogahistory.com/" "Mozilla/5.0 (X11; Linux x86_64) AppleWebKit/537.36 (KHTML, like Gecko) Chrome/81.0.4044.92 Safari/537.36"
66.249.83.22 - - [31/Oct/2020:17:07:40 +0000] "GET /shf_Assets/SHF%20Museum3.jpg HTTP/1.0" 200 257 "http://www.saratogahistory.com/" "Mozilla/5.0 (X11; Linux x86_64) AppleWebKit/537.36 (KHTML, like Gecko) Chrome/81.0.4044.92 Safari/537.36"
74.125.212.52 - - [31/Oct/2020:17:07:40 +0000] "GET /shf_Assets/banner7.jpg HTTP/1.0" 200 253 "http://www.saratogahistory.com/" "Mozilla/5.0 (Linux; U; Android 4.3; en-us; SM-N900T Build/JSS15J) AppleWebKit/534.30 (KHTML, like Gecko) Version/4.0 Mobile Safari/534.30"
66.249.83.22 - - [31/Oct/2020:17:07:40 +0000] "GET /shf_Assets/19thAmendment.png HTTP/1.0" 200 258 "http://www.saratogahistory.com/" "Mozilla/5.0 (X11; Linux x86_64) AppleWebKit/537.36 (KHTML, like Gecko) Chrome/81.0.4044.92 Safari/537.36"
66.249.83.22 - - [31/Oct/2020:17:07:40 +0000] "GET /shf_Assets/bike.jpg HTTP/1.0" 200 250 "http://www.saratogahistory.com/" "Mozilla/5.0 (X11; Linux x86_64) AppleWebKit/537.36 (KHTML, like Gecko) Chrome/81.0.4044.92 Safari/537.36"
66.249.83.22 - - [31/Oct/2020:17:07:40 +0000] "GET /shf_Assets/hands.gif HTTP/1.0" 200 250 "http://www.saratogahistory.com/" "Mozilla/5.0 (X11; Linux x86_64) AppleWebKit/537.36 (KHTML, like Gecko) Chrome/81.0.4044.92 Safari/537.36"
66.249.83.24 - - [31/Oct/2020:17:07:40 +0000] "GET /shf_Assets/memory.jpg HTTP/1.0" 200 252 "http://www.saratogahistory.com/" "Mozilla/5.0 (X11; Linux x86_64) AppleWebKit/537.36 (KHTML, like Gecko) Chrome/81.0.4044.92 Safari/537.36"
66.249.83.24 - - [31/Oct/2020:17:07:40 +0000] "GET /shf_Assets/PItrain.jpg HTTP/1.0" 200 253 "http://www.saratogahistory.com/" "Mozilla/5.0 (X11; Linux x86_64) AppleWebKit/537.36 (KHTML, like Gecko) Chrome/81.0.4044.92 Safari/537.36"
74.125.212.52 - - [31/Oct/2020:17:07:40 +0000] "GET /shf_Assets/favicon.ico HTTP/1.0" 200 267 "http://www.saratogahistory.com/History/sarah_brown.htm" "Mozilla/5.0 (Linux; U; Android 4.3; en-us; SM-N900T Build/JSS15J) AppleWebKit/534.30 (KHTML, like Gecko) Version/4.0 Mobile Safari/534.30"
74.125.212.56 - - [31/Oct/2020:17:07:40 +0000] "GET /shf_Assets/blksmith.jpg HTTP/1.0" 200 254 "http://www.saratogahistory.com/" "Mozilla/5.0 (Linux; U; Android 4.3; en-us; SM-N900T Build/JSS15J) AppleWebKit/534.30 (KHTML, like Gecko) Version/4.0 Mobile Safari/534.30"
66.249.83.22 - - [31/Oct/2020:17:07:40 +0000] "GET /shf_Assets/microphone.gif HTTP/1.0" 200 255 "http://www.saratogahistory.com/" "Mozilla/5.0 (X11; Linux x86_64) AppleWebKit/537.36 (KHTML, like Gecko) Chrome/81.0.4044.92 Safari/537.36"
66.249.83.24 - - [31/Oct/2020:17:07:40 +0000] "GET /shf_Assets/books-2.jpg HTTP/1.0" 200 253 "http://www.saratogahistory.com/" "Mozilla/5.0 (X11; Linux x86_64) AppleWebKit/537.36 (KHTML, like Gecko) Chrome/81.0.4044.92 Safari/537.36"
66.249.83.22 - - [31/Oct/2020:17:07:40 +0000] "GET /shf_Assets/amazon.jpg HTTP/1.0" 200 252 "http://www.saratogahistory.com/" "Mozilla/5.0 (X11; Linux x86_64) AppleWebKit/537.36 (KHTML, like Gecko) Chrome/81.0.4044.92 Safari/537.36"
66.249.83.22 - - [31/Oct/2020:17:07:40 +0000] "GET /shf_Assets/backgnd.gif HTTP/1.0" 200 396 "http://www.saratogahistory.com/css/shf.css" "Mozilla/5.0 (X11; Linux x86_64) AppleWebKit/537.36 (KHTML, like Gecko) Chrome/81.0.4044.92 Safari/537.36"
74.125.212.54 - - [31/Oct/2020:17:07:40 +0000] "GET /shf_Assets/PItrain.jpg HTTP/1.0" 200 253 "http://www.saratogahistory.com/" "Mozilla/5.0 (Linux; U; Android 4.3; en-us; SM-N900T Build/JSS15J) AppleWebKit/534.30 (KHTML, like Gecko) Version/4.0 Mobile Safari/534.30"
74.125.212.56 - - [31/Oct/2020:17:07:40 +0000] "GET /shf_Assets/buildings.gif HTTP/1.0" 200 254 "http://www.saratogahistory.com/" "Mozilla/5.0 (Linux; U; Android 4.3; en-us; SM-N900T Build/JSS15J) AppleWebKit/534.30 (KHTML, like Gecko) Version/4.0 Mobile Safari/534.30"
74.125.212.56 - - [31/Oct/2020:17:07:40 +0000] "GET /shf_Assets/hands.gif HTTP/1.0" 200 250 "http://www.saratogahistory.com/" "Mozilla/5.0 (Linux; U; Android 4.3; en-us; SM-N900T Build/JSS15J) AppleWebKit/534.30 (KHTML, like Gecko) Version/4.0 Mobile Safari/534.30"
66.249.83.20 - - [31/Oct/2020:17:07:40 +0000] "GET /homepageDrafts/qmimages/arrow_5.gif HTTP/1.0" 404 1067 "http://www.saratogahistory.com/css/quickmenu.css" "Mozilla/5.0 (X11; Linux x86_64) AppleWebKit/537.36 (KHTML, like Gecko) Chrome/81.0.4044.92 Safari/537.36"
74.125.212.52 - - [31/Oct/2020:17:07:40 +0000] "GET /shf_Assets/Notice.png HTTP/1.0" 200 251 "http://www.saratogahistory.com/" "Mozilla/5.0 (Linux; U; Android 4.3; en-us; SM-N900T Build/JSS15J) AppleWebKit/534.30 (KHTML, like Gecko) Version/4.0 Mobile Safari/534.30"
74.125.212.52 - - [31/Oct/2020:17:07:40 +0000] "GET /shf_Assets/19thAmendment.png HTTP/1.0" 200 258 "http://www.saratogahistory.com/" "Mozilla/5.0 (Linux; U; Android 4.3; en-us; SM-N900T Build/JSS15J) AppleWebKit/534.30 (KHTML, like Gecko) Version/4.0 Mobile Safari/534.30"
74.125.212.52 - - [31/Oct/2020:17:07:40 +0000] "GET /shf_Assets/backgnd.gif HTTP/1.0" 200 396 "http://www.saratogahistory.com/css/shf.css" "Mozilla/5.0 (Linux; U; Android 4.3; en-us; SM-N900T Build/JSS15J) AppleWebKit/534.30 (KHTML, like Gecko) Version/4.0 Mobile Safari/534.30"
74.125.212.52 - - [31/Oct/2020:17:07:40 +0000] "GET /shf_Assets/SHF%20Museum3.jpg HTTP/1.0" 200 257 "http://www.saratogahistory.com/" "Mozilla/5.0 (Linux; U; Android 4.3; en-us; SM-N900T Build/JSS15J) AppleWebKit/534.30 (KHTML, like Gecko) Version/4.0 Mobile Safari/534.30"
66.249.83.20 - - [31/Oct/2020:17:07:40 +0000] "GET /shf_Assets/favicon.ico HTTP/1.0" 200 267 "http://www.saratogahistory.com/" "Mozilla/5.0 (X11; Linux x86_64) AppleWebKit/537.36 (KHTML, like Gecko) Chrome/81.0.4044.92 Safari/537.36"
74.125.212.54 - - [31/Oct/2020:17:07:40 +0000] "GET /shf_Assets/memory.jpg HTTP/1.0" 200 252 "http://www.saratogahistory.com/" "Mozilla/5.0 (Linux; U; Android 4.3; en-us; SM-N900T Build/JSS15J) AppleWebKit/534.30 (KHTML, like Gecko) Version/4.0 Mobile Safari/534.30"
74.125.212.56 - - [31/Oct/2020:17:07:40 +0000] "GET /shf_Assets/microphone.gif HTTP/1.0" 200 255 "http://www.saratogahistory.com/" "Mozilla/5.0 (Linux; U; Android 4.3; en-us; SM-N900T Build/JSS15J) AppleWebKit/534.30 (KHTML, like Gecko) Version/4.0 Mobile Safari/534.30"
74.125.209.54 - - [31/Oct/2020:17:07:40 +0000] "GET /blossomfestival/ HTTP/1.0" 200 255 "-" "Mozilla/5.0 (X11; Linux x86_64) AppleWebKit/537.36 (KHTML, like Gecko) Chrome/81.0.4044.92 Safari/537.36"
74.125.212.56 - - [31/Oct/2020:17:07:40 +0000] "GET /shf_Assets/bike.jpg HTTP/1.0" 200 250 "http://www.saratogahistory.com/" "Mozilla/5.0 (Linux; U; Android 4.3; en-us; SM-N900T Build/JSS15J) AppleWebKit/534.30 (KHTML, like Gecko) Version/4.0 Mobile Safari/534.30"
74.125.212.52 - - [31/Oct/2020:17:07:40 +0000] "GET /shf_Assets/amazon.jpg HTTP/1.0" 200 252 "http://www.saratogahistory.com/" "Mozilla/5.0 (Linux; U; Android 4.3; en-us; SM-N900T Build/JSS15J) AppleWebKit/534.30 (KHTML, like Gecko) Version/4.0 Mobile Safari/534.30"
74.125.212.54 - - [31/Oct/2020:17:07:40 +0000] "GET /shf_Assets/books-2.jpg HTTP/1.0" 200 253 "http://www.saratogahistory.com/" "Mozilla/5.0 (Linux; U; Android 4.3; en-us; SM-N900T Build/JSS15J) AppleWebKit/534.30 (KHTML, like Gecko) Version/4.0 Mobile Safari/534.30"
74.125.212.56 - - [31/Oct/2020:17:07:40 +0000] "GET /shf_Assets/favicon.ico HTTP/1.0" 200 267 "http://www.saratogahistory.com/" "Mozilla/5.0 (Linux; U; Android 4.3; en-us; SM-N900T Build/JSS15J) AppleWebKit/534.30 (KHTML, like Gecko) Version/4.0 Mobile Safari/534.30"
74.125.209.56 - - [31/Oct/2020:17:07:40 +0000] "GET /css/quickmenu.css HTTP/1.0" 200 246 "http://www.saratogahistory.com/blossomfestival/" "Mozilla/5.0 (X11; Linux x86_64) AppleWebKit/537.36 (KHTML, like Gecko) Chrome/81.0.4044.92 Safari/537.36"
74.125.209.52 - - [31/Oct/2020:17:07:40 +0000] "GET /javascript/quickmenu.js HTTP/1.0" 200 266 "http://www.saratogahistory.com/blossomfestival/" "Mozilla/5.0 (X11; Linux x86_64) AppleWebKit/537.36 (KHTML, like Gecko) Chrome/81.0.4044.92 Safari/537.36"
74.125.209.52 - - [31/Oct/2020:17:07:40 +0000] "GET /css/shf.css HTTP/1.0" 200 240 "http://www.saratogahistory.com/blossomfestival/" "Mozilla/5.0 (X11; Linux x86_64) AppleWebKit/537.36 (KHTML, like Gecko) Chrome/81.0.4044.92 Safari/537.36"
74.125.209.54 - - [31/Oct/2020:17:07:40 +0000] "GET /javascript/utilities.js HTTP/1.0" 200 266 "http://www.saratogahistory.com/blossomfestival/" "Mozilla/5.0 (X11; Linux x86_64) AppleWebKit/537.36 (KHTML, like Gecko) Chrome/81.0.4044.92 Safari/537.36"
74.125.209.54 - - [31/Oct/2020:17:07:40 +0000] "GET /shf_Assets/banner7.jpg HTTP/1.0" 200 253 "http://www.saratogahistory.com/blossomfestival/" "Mozilla/5.0 (X11; Linux x86_64) AppleWebKit/537.36 (KHTML, like Gecko) Chrome/81.0.4044.92 Safari/537.36"
74.125.209.56 - - [31/Oct/2020:17:07:40 +0000] "GET /shf_Assets/IOOF%20photos%20005.jpg HTTP/1.0" 200 261 "http://www.saratogahistory.com/blossomfestival/" "Mozilla/5.0 (X11; Linux x86_64) AppleWebKit/537.36 (KHTML, like Gecko) Chrome/81.0.4044.92 Safari/537.36"
74.125.209.54 - - [31/Oct/2020:17:07:40 +0000] "GET /shf_Assets/Phelan%20news%20clip.jpg HTTP/1.0" 200 262 "http://www.saratogahistory.com/blossomfestival/" "Mozilla/5.0 (X11; Linux x86_64) AppleWebKit/537.36 (KHTML, like Gecko) Chrome/81.0.4044.92 Safari/537.36"
74.125.209.56 - - [31/Oct/2020:17:07:40 +0000] "GET /shf_Assets/backgnd.gif HTTP/1.0" 200 396 "http://www.saratogahistory.com/css/shf.css" "Mozilla/5.0 (X11; Linux x86_64) AppleWebKit/537.36 (KHTML, like Gecko) Chrome/81.0.4044.92 Safari/537.36"
74.125.209.54 - - [31/Oct/2020:17:07:40 +0000] "GET /homepageDrafts/qmimages/arrow_5.gif HTTP/1.0" 404 1067 "http://www.saratogahistory.com/css/quickmenu.css" "Mozilla/5.0 (X11; Linux x86_64) AppleWebKit/537.36 (KHTML, like Gecko) Chrome/81.0.4044.92 Safari/537.36"
74.125.209.54 - - [31/Oct/2020:17:07:41 +0000] "GET /shf_Assets/favicon.ico HTTP/1.0" 200 267 "http://www.saratogahistory.com/blossomfestival/" "Mozilla/5.0 (X11; Linux x86_64) AppleWebKit/537.36 (KHTML, like Gecko) Chrome/81.0.4044.92 Safari/537.36"
185.224.132.45 - - [31/Oct/2020:17:17:08 +0000] "HEAD / HTTP/1.0" 200 278 "https://grandprint.com.ua" "Mozilla/5.0 (compatible; MSIE5.00; Windows 2002)"
77.220.215.153 - - [31/Oct/2020:17:17:14 +0000] "HEAD / HTTP/1.0" 200 278 "https://service-masterov.ru" "Mozilla/3.0 (compatible; MSIE5.00; Windows 2007)"
212.86.109.31 - - [31/Oct/2020:17:17:14 +0000] "HEAD / HTTP/1.0" 200 278 "http://varshavka45.ru" "Mozilla/2.0 (compatible; MSIE3.00; Windows 2008)"
93.158.161.10 - - [31/Oct/2020:17:17:15 +0000] "GET /shf_Assets/favicon.ico HTTP/1.0" 200 267 "-" "Mozilla/5.0 (compatible; YandexImages/3.0; +http://yandex.com/bots)"
185.203.240.129 - - [31/Oct/2020:17:17:19 +0000] "HEAD / HTTP/1.0" 200 278 "https://cool-answers.ru" "Mozilla/8.0 (compatible; MSIE2.00; Windows 2004)"
85.209.89.205 - - [31/Oct/2020:17:18:23 +0000] "HEAD / HTTP/1.0" 200 278 "https://xn-----7kcbtcaw9bbc6ayev7d.xn--p1ai" "Mozilla/2.0 (compatible; MSIE6.00; Windows 2004)"
45.132.107.248 - - [31/Oct/2020:17:19:21 +0000] "HEAD / HTTP/1.0" 200 278 "https://24rabota.kg" "Mozilla/5.0 (compatible; MSIE6.00; Windows 2002)"
85.209.89.224 - - [31/Oct/2020:17:20:53 +0000] "HEAD / HTTP/1.0" 200 278 "https://nissan-auto.in" "Mozilla/2.0 (compatible; MSIE7.00; Windows 2008)"
85.209.89.217 - - [31/Oct/2020:17:20:53 +0000] "HEAD / HTTP/1.0" 200 278 "http://malinca.ru" "Mozilla/5.0 (compatible; MSIE7.00; Windows 2008)"
85.209.89.216 - - [31/Oct/2020:17:21:46 +0000] "HEAD / HTTP/1.0" 200 278 "https://v45.ru" "Mozilla/7.0 (compatible; MSIE3.00; Windows 2006)"
85.209.89.241 - - [31/Oct/2020:17:21:48 +0000] "HEAD / HTTP/1.0" 200 278 "https://zeusweb.ru" "Mozilla/6.0 (compatible; MSIE4.00; Windows 2009)"
185.209.20.147 - - [31/Oct/2020:17:29:05 +0000] "HEAD / HTTP/1.0" 200 278 "https://xn--80aaeboem7becafaceliezo7p.xn--p1ai" "Mozilla/6.0 (compatible; MSIE2.00; Windows 2004)"
