157.55.39.2 - - [04/Dec/2019:07:13:17 +0000] "GET /robots.txt HTTP/1.0" 200 1124 "-" "Mozilla/5.0 (compatible; bingbot/2.0; +http://www.bing.com/bingbot.htm)"
157.55.39.2 - - [04/Dec/2019:07:13:17 +0000] "GET /robots.txt HTTP/1.0" 200 1124 "-" "Mozilla/5.0 (compatible; bingbot/2.0; +http://www.bing.com/bingbot.htm)"
209.17.97.74 - - [04/Dec/2019:09:08:29 +0000] "GET / HTTP/1.0" 200 410 "-" "Mozilla/5.0 (compatible; Nimbostratus-Bot/v1.3.2; http://cloudsystemnetworks.com)"
34.76.214.132 - - [04/Dec/2019:18:16:13 +0000] "GET / HTTP/1.0" 200 1792 "-" "Python/3.6 aiohttp/3.6.2"
66.249.69.98 - - [04/Dec/2019:18:33:39 +0000] "GET / HTTP/1.0" 200 1792 "-" "Mozilla/5.0 (Linux; Android 6.0.1; Nexus 5X Build/MMB29P) AppleWebKit/537.36 (KHTML, like Gecko) Chrome/41.0.2272.96 Mobile Safari/537.36 (compatible; Googlebot/2.1; +http://www.google.com/bot.html)"
159.138.154.162 - - [04/Dec/2019:21:31:29 +0000] "GET / HTTP/1.0" 200 1792 "-" "Mozilla/5.0(Linux;Android 5.1.1;OPPO A33 Build/LMY47V;wv) AppleWebKit/537.36(KHTML,link Gecko) Version/4.0 Chrome/42.0.2311.138 Mobile Safari/537.36 Mb2345Browser/9.0"
159.138.157.61 - - [04/Dec/2019:21:31:44 +0000] "GET / HTTP/1.0" 200 410 "-" "Mozilla/5.0(Linux;U;Android 5.1.1;zh-CN;OPPO A33 Build/LMY47V) AppleWebKit/537.36(KHTML,like Gecko) Version/4.0 Chrome/40.0.2214.89 UCBrowser/11.7.0.953 Mobile Safari/537.36"
66.249.69.101 - - [04/Dec/2019:21:57:32 +0000] "GET /ads.txt HTTP/1.0" 404 2649 "-" "Mozilla/5.0 (compatible; Googlebot/2.1; +http://www.google.com/bot.html)"
54.188.231.29 - - [05/Dec/2019:01:46:18 +0000] "GET / HTTP/1.0" 200 1792 "-" "Go-http-client/1.1"
66.249.69.227 - - [05/Dec/2019:02:47:41 +0000] "GET /robots.txt HTTP/1.0" 200 2506 "-" "Mozilla/5.0 (compatible; Googlebot/2.1; +http://www.google.com/bot.html)"
157.55.39.1 - - [05/Dec/2019:03:25:23 +0000] "GET /robots.txt HTTP/1.0" 200 2506 "-" "Mozilla/5.0 (compatible; bingbot/2.0; +http://www.bing.com/bingbot.htm)"
157.55.39.1 - - [05/Dec/2019:03:25:23 +0000] "GET /robots.txt HTTP/1.0" 200 1124 "-" "Mozilla/5.0 (compatible; bingbot/2.0; +http://www.bing.com/bingbot.htm)"
66.249.69.98 - - [04/Dec/2019:05:10:31 +0000] "GET / HTTP/1.1" 200 24247 "-" "Mozilla/5.0 (Linux; Android 6.0.1; Nexus 5X Build/MMB29P) AppleWebKit/537.36 (KHTML, like Gecko) Chrome/41.0.2272.96 Mobile Safari/537.36 (compatible; Googlebot/2.1; +http://www.google.com/bot.html)"
209.17.97.74 - - [04/Dec/2019:09:08:29 +0000] "GET / HTTP/1.1" 200 24247 "-" "Mozilla/5.0 (compatible; Nimbostratus-Bot/v1.3.2; http://cloudsystemnetworks.com)"
34.76.214.132 - - [04/Dec/2019:18:16:05 +0000] "GET / HTTP/1.1" 301 162 "-" "Python/3.6 aiohttp/3.6.2"
34.76.214.132 - - [04/Dec/2019:18:16:10 +0000] "GET / HTTP/1.1" 301 162 "-" "Python/3.6 aiohttp/3.6.2"
34.76.214.132 - - [04/Dec/2019:18:16:13 +0000] "GET / HTTP/1.1" 301 162 "-" "Python/3.6 aiohttp/3.6.2"
34.76.214.132 - - [04/Dec/2019:18:16:13 +0000] "GET / HTTP/1.1" 200 24247 "-" "Python/3.6 aiohttp/3.6.2"
66.249.69.98 - - [04/Dec/2019:18:33:39 +0000] "GET / HTTP/1.1" 200 24247 "-" "Mozilla/5.0 (Linux; Android 6.0.1; Nexus 5X Build/MMB29P) AppleWebKit/537.36 (KHTML, like Gecko) Chrome/41.0.2272.96 Mobile Safari/537.36 (compatible; Googlebot/2.1; +http://www.google.com/bot.html)"
159.138.154.162 - - [04/Dec/2019:21:31:29 +0000] "GET / HTTP/1.1" 200 24247 "-" "Mozilla/5.0(Linux;Android 5.1.1;OPPO A33 Build/LMY47V;wv) AppleWebKit/537.36(KHTML,link Gecko) Version/4.0 Chrome/42.0.2311.138 Mobile Safari/537.36 Mb2345Browser/9.0"
159.138.152.105 - - [04/Dec/2019:21:31:40 +0000] "GET / HTTP/1.1" 301 162 "-" "Mozilla/5.0(Linux;U;Android 5.1.1;zh-CN;OPPO A33 Build/LMY47V) AppleWebKit/537.36(KHTML,like Gecko) Version/4.0 Chrome/40.0.2214.89 UCBrowser/11.7.0.953 Mobile Safari/537.36"
159.138.157.61 - - [04/Dec/2019:21:31:44 +0000] "GET / HTTP/1.1" 200 24247 "-" "Mozilla/5.0(Linux;U;Android 5.1.1;zh-CN;OPPO A33 Build/LMY47V) AppleWebKit/537.36(KHTML,like Gecko) Version/4.0 Chrome/40.0.2214.89 UCBrowser/11.7.0.953 Mobile Safari/537.36"
66.249.69.49 - - [04/Dec/2019:21:57:31 +0000] "GET /ads.txt HTTP/1.1" 301 162 "-" "Mozilla/5.0 (compatible; Googlebot/2.1; +http://www.google.com/bot.html)"
54.188.231.29 - - [05/Dec/2019:01:46:13 +0000] "GET / HTTP/1.1" 301 162 "-" "Go-http-client/1.1"
54.188.231.29 - - [05/Dec/2019:01:46:18 +0000] "GET / HTTP/1.1" 200 24247 "-" "Go-http-client/1.1"
66.249.69.227 - - [05/Dec/2019:03:40:36 +0000] "GET / HTTP/1.0" 200 1792 "-" "Mozilla/5.0 (Linux; Android 6.0.1; Nexus 5X Build/MMB29P) AppleWebKit/537.36 (KHTML, like Gecko) Chrome/41.0.2272.96 Mobile Safari/537.36 (compatible; Googlebot/2.1; +http://www.google.com/bot.html)"
5.196.87.174 - - [05/Dec/2019:05:23:50 +0000] "GET /robots.txt HTTP/1.0" 200 2506 "-" "Mozilla/5.0 (compatible; AhrefsBot/6.1; +http://ahrefs.com/robot/)"
66.249.69.227 - - [05/Dec/2019:05:59:29 +0000] "GET /History/sarah_brown.htm HTTP/1.0" 200 1806 "-" "Mozilla/5.0 (Linux; Android 6.0.1; Nexus 5X Build/MMB29P) AppleWebKit/537.36 (KHTML, like Gecko) Chrome/41.0.2272.96 Mobile Safari/537.36 (compatible; Googlebot/2.1; +http://www.google.com/bot.html)"
47.56.196.198 - - [05/Dec/2019:09:04:39 +0000] "GET /dompdf/dompdf.php?base_path=%2f&input_file=http%3a%2f%2f47.56.196.198%2f2.txt HTTP/1.0" 404 2649 "https://www.saratogahistory.com/dompdf/dompdf.php?base_path=%2f&input_file=http%3a%2f%2f47.56.196.198%2f2.txt" "Mozilla/5.0 (Macintosh; Intel Mac OS X 10_11_6) AppleWebKit/537.36 (KHTML, like Gecko) Chrome/67.0.3396.79 Safari/537.36"
66.249.69.98 - - [05/Dec/2019:12:41:06 +0000] "GET / HTTP/1.0" 200 1792 "-" "Mozilla/5.0 (Linux; Android 6.0.1; Nexus 5X Build/MMB29P) AppleWebKit/537.36 (KHTML, like Gecko) Chrome/41.0.2272.96 Mobile Safari/537.36 (compatible; Googlebot/2.1; +http://www.google.com/bot.html)"
66.249.69.98 - - [05/Dec/2019:12:41:10 +0000] "GET /javascript/quickmenu.js HTTP/1.0" 200 437 "https://www.saratogahistory.com/" "Mozilla/5.0 (Linux; Android 6.0.1; Nexus 5X Build/MMB29P) AppleWebKit/537.36 (KHTML, like Gecko) Chrome/41.0.2272.96 Mobile Safari/537.36 (compatible; Googlebot/2.1; +http://www.google.com/bot.html)"
66.249.69.98 - - [05/Dec/2019:12:41:10 +0000] "GET /css/shf.css HTTP/1.0" 200 411 "https://www.saratogahistory.com/" "Mozilla/5.0 (Linux; Android 6.0.1; Nexus 5X Build/MMB29P) AppleWebKit/537.36 (KHTML, like Gecko) Chrome/41.0.2272.96 Mobile Safari/537.36 (compatible; Googlebot/2.1; +http://www.google.com/bot.html)"
66.249.69.101 - - [05/Dec/2019:12:41:10 +0000] "GET /javascript/utilities.js HTTP/1.0" 200 437 "https://www.saratogahistory.com/" "Mozilla/5.0 (Linux; Android 6.0.1; Nexus 5X Build/MMB29P) AppleWebKit/537.36 (KHTML, like Gecko) Chrome/41.0.2272.96 Mobile Safari/537.36 (compatible; Googlebot/2.1; +http://www.google.com/bot.html)"
66.249.69.98 - - [05/Dec/2019:12:41:11 +0000] "GET /css/quickmenu.css HTTP/1.0" 200 417 "https://www.saratogahistory.com/" "Mozilla/5.0 (Linux; Android 6.0.1; Nexus 5X Build/MMB29P) AppleWebKit/537.36 (KHTML, like Gecko) Chrome/41.0.2272.96 Mobile Safari/537.36 (compatible; Googlebot/2.1; +http://www.google.com/bot.html)"
66.249.69.101 - - [05/Dec/2019:15:11:48 +0000] "GET /History/called_saratoga.htm HTTP/1.0" 200 1810 "-" "Mozilla/5.0 (Linux; Android 6.0.1; Nexus 5X Build/MMB29P) AppleWebKit/537.36 (KHTML, like Gecko) Chrome/41.0.2272.96 Mobile Safari/537.36 (compatible; Googlebot/2.1; +http://www.google.com/bot.html)"
209.17.97.50 - - [05/Dec/2019:19:16:04 +0000] "GET / HTTP/1.0" 200 1792 "-" "Mozilla/5.0 (compatible; Nimbostratus-Bot/v1.3.2; http://cloudsystemnetworks.com)"
100.43.85.165 - - [05/Dec/2019:20:48:00 +0000] "GET /robots.txt HTTP/1.0" 200 1124 "-" "Mozilla/5.0 (compatible; YandexBot/3.0; +http://yandex.com/bots)"
66.249.69.226 - - [05/Dec/2019:21:48:13 +0000] "GET /robots.txt HTTP/1.0" 200 2506 "-" "Mozilla/5.0 (compatible; Googlebot/2.1; +http://www.google.com/bot.html)"
66.249.69.229 - - [05/Dec/2019:21:48:14 +0000] "GET /ads.txt HTTP/1.0" 404 1267 "-" "Mozilla/5.0 (compatible; Googlebot/2.1; +http://www.google.com/bot.html)"
66.249.69.229 - - [05/Dec/2019:21:53:54 +0000] "GET / HTTP/1.0" 200 1792 "-" "Mozilla/5.0 (Linux; Android 6.0.1; Nexus 5X Build/MMB29P) AppleWebKit/537.36 (KHTML, like Gecko) Chrome/41.0.2272.96 Mobile Safari/537.36 (compatible; Googlebot/2.1; +http://www.google.com/bot.html)"
141.8.188.193 - - [05/Dec/2019:22:51:26 +0000] "GET /robots.txt HTTP/1.0" 200 2506 "-" "Mozilla/5.0 (compatible; YandexBot/3.0; +http://yandex.com/bots)"
141.8.188.193 - - [05/Dec/2019:22:51:29 +0000] "GET /shf_Assets/banner7.jpg HTTP/1.0" 200 424 "-" "Mozilla/5.0 (compatible; YandexImages/3.0; +http://yandex.com/bots)"
157.55.39.1 - - [05/Dec/2019:23:07:50 +0000] "GET /robots.txt HTTP/1.0" 200 2506 "-" "Mozilla/5.0 (compatible; bingbot/2.0; +http://www.bing.com/bingbot.htm)"
157.55.39.1 - - [05/Dec/2019:23:07:50 +0000] "GET /robots.txt HTTP/1.0" 200 1124 "-" "Mozilla/5.0 (compatible; bingbot/2.0; +http://www.bing.com/bingbot.htm)"
66.249.69.227 - - [05/Dec/2019:03:40:36 +0000] "GET / HTTP/1.1" 200 24247 "-" "Mozilla/5.0 (Linux; Android 6.0.1; Nexus 5X Build/MMB29P) AppleWebKit/537.36 (KHTML, like Gecko) Chrome/41.0.2272.96 Mobile Safari/537.36 (compatible; Googlebot/2.1; +http://www.google.com/bot.html)"
5.196.87.174 - - [05/Dec/2019:05:23:49 +0000] "GET /robots.txt HTTP/2.0" 301 162 "-" "Mozilla/5.0 (compatible; AhrefsBot/6.1; +http://ahrefs.com/robot/)"
66.249.69.227 - - [05/Dec/2019:05:59:29 +0000] "GET /History/sarah_brown.htm HTTP/1.1" 200 20247 "-" "Mozilla/5.0 (Linux; Android 6.0.1; Nexus 5X Build/MMB29P) AppleWebKit/537.36 (KHTML, like Gecko) Chrome/41.0.2272.96 Mobile Safari/537.36 (compatible; Googlebot/2.1; +http://www.google.com/bot.html)"
47.56.196.198 - - [05/Dec/2019:09:04:36 +0000] "GET /dompdf/dompdf.php?base_path=%2f&input_file=http%3a%2f%2f47.56.196.198%2f2.txt HTTP/2.0" 301 162 "https://saratogahistory.com/dompdf/dompdf.php?base_path=%2f&input_file=http%3a%2f%2f47.56.196.198%2f2.txt" "Mozilla/5.0 (Macintosh; Intel Mac OS X 10_11_6) AppleWebKit/537.36 (KHTML, like Gecko) Chrome/67.0.3396.79 Safari/537.36"
66.249.69.98 - - [05/Dec/2019:12:41:06 +0000] "GET / HTTP/1.1" 200 24247 "-" "Mozilla/5.0 (Linux; Android 6.0.1; Nexus 5X Build/MMB29P) AppleWebKit/537.36 (KHTML, like Gecko) Chrome/41.0.2272.96 Mobile Safari/537.36 (compatible; Googlebot/2.1; +http://www.google.com/bot.html)"
66.249.69.98 - - [05/Dec/2019:12:41:10 +0000] "GET /javascript/quickmenu.js HTTP/1.1" 200 15419 "https://www.saratogahistory.com/" "Mozilla/5.0 (Linux; Android 6.0.1; Nexus 5X Build/MMB29P) AppleWebKit/537.36 (KHTML, like Gecko) Chrome/41.0.2272.96 Mobile Safari/537.36 (compatible; Googlebot/2.1; +http://www.google.com/bot.html)"
66.249.69.98 - - [05/Dec/2019:12:41:10 +0000] "GET /css/shf.css HTTP/1.1" 200 5498 "https://www.saratogahistory.com/" "Mozilla/5.0 (Linux; Android 6.0.1; Nexus 5X Build/MMB29P) AppleWebKit/537.36 (KHTML, like Gecko) Chrome/41.0.2272.96 Mobile Safari/537.36 (compatible; Googlebot/2.1; +http://www.google.com/bot.html)"
66.249.69.101 - - [05/Dec/2019:12:41:10 +0000] "GET /javascript/utilities.js HTTP/1.1" 200 2100 "https://www.saratogahistory.com/" "Mozilla/5.0 (Linux; Android 6.0.1; Nexus 5X Build/MMB29P) AppleWebKit/537.36 (KHTML, like Gecko) Chrome/41.0.2272.96 Mobile Safari/537.36 (compatible; Googlebot/2.1; +http://www.google.com/bot.html)"
66.249.69.98 - - [05/Dec/2019:12:41:11 +0000] "GET /css/quickmenu.css HTTP/1.1" 200 4355 "https://www.saratogahistory.com/" "Mozilla/5.0 (Linux; Android 6.0.1; Nexus 5X Build/MMB29P) AppleWebKit/537.36 (KHTML, like Gecko) Chrome/41.0.2272.96 Mobile Safari/537.36 (compatible; Googlebot/2.1; +http://www.google.com/bot.html)"
66.249.69.101 - - [05/Dec/2019:15:11:48 +0000] "GET /History/called_saratoga.htm HTTP/1.1" 200 38706 "-" "Mozilla/5.0 (Linux; Android 6.0.1; Nexus 5X Build/MMB29P) AppleWebKit/537.36 (KHTML, like Gecko) Chrome/41.0.2272.96 Mobile Safari/537.36 (compatible; Googlebot/2.1; +http://www.google.com/bot.html)"
138.246.253.5 - - [05/Dec/2019:16:36:17 +0000] "HEAD / HTTP/1.1" 301 0 "-" "Mozilla/5.0 (Windows NT 6.1; Win64; x64) AppleWebKit/537.36 (KHTML, like Gecko) Chrome/40.0.2214.85 Safari/537.36"
209.17.97.50 - - [05/Dec/2019:19:16:04 +0000] "GET / HTTP/1.1" 200 24247 "-" "Mozilla/5.0 (compatible; Nimbostratus-Bot/v1.3.2; http://cloudsystemnetworks.com)"
141.8.188.193 - - [05/Dec/2019:20:47:59 +0000] "GET /robots.txt HTTP/1.1" 301 162 "-" "Mozilla/5.0 (compatible; YandexBot/3.0; +http://yandex.com/bots)"
77.88.47.83 - - [05/Dec/2019:20:48:04 +0000] "GET / HTTP/1.1" 301 162 "-" "Mozilla/5.0 (compatible; YandexBot/3.0; +http://yandex.com/bots)"
66.249.75.49 - - [05/Dec/2019:21:48:12 +0000] "GET /robots.txt HTTP/1.1" 301 162 "-" "Mozilla/5.0 (compatible; Googlebot/2.1; +http://www.google.com/bot.html)"
66.249.75.47 - - [05/Dec/2019:21:48:13 +0000] "GET /ads.txt HTTP/1.1" 301 162 "-" "Mozilla/5.0 (compatible; Googlebot/2.1; +http://www.google.com/bot.html)"
66.249.69.229 - - [05/Dec/2019:21:53:54 +0000] "GET / HTTP/1.1" 200 24247 "-" "Mozilla/5.0 (Linux; Android 6.0.1; Nexus 5X Build/MMB29P) AppleWebKit/537.36 (KHTML, like Gecko) Chrome/41.0.2272.96 Mobile Safari/537.36 (compatible; Googlebot/2.1; +http://www.google.com/bot.html)"
141.8.188.193 - - [05/Dec/2019:22:51:29 +0000] "GET /shf_Assets/banner7.jpg HTTP/1.1" 200 29732 "-" "Mozilla/5.0 (compatible; YandexImages/3.0; +http://yandex.com/bots)"
66.249.69.101 - - [06/Dec/2019:04:06:37 +0000] "GET /robots.txt HTTP/1.0" 200 2506 "-" "Mozilla/5.0 (compatible; Googlebot/2.1; +http://www.google.com/bot.html)"
66.249.69.102 - - [06/Dec/2019:04:06:37 +0000] "GET / HTTP/1.0" 200 410 "-" "Mozilla/5.0 (compatible; Googlebot/2.1; +http://www.google.com/bot.html)"
66.249.69.102 - - [06/Dec/2019:09:20:39 +0000] "GET / HTTP/1.0" 200 410 "-" "Mozilla/5.0 (Linux; Android 6.0.1; Nexus 5X Build/MMB29P) AppleWebKit/537.36 (KHTML, like Gecko) Chrome/41.0.2272.96 Mobile Safari/537.36 (compatible; Googlebot/2.1; +http://www.google.com/bot.html)"
66.249.69.101 - - [06/Dec/2019:10:29:05 +0000] "GET /wiki/Nobel_Prize_for_Literature HTTP/1.0" 404 1267 "-" "Mozilla/5.0 (Linux; Android 6.0.1; Nexus 5X Build/MMB29P) AppleWebKit/537.36 (KHTML, like Gecko) Chrome/41.0.2272.96 Mobile Safari/537.36 (compatible; Googlebot/2.1; +http://www.google.com/bot.html)"
66.249.69.101 - - [06/Dec/2019:10:31:07 +0000] "GET /wiki/United_States_Medal_of_Freedom HTTP/1.0" 404 1267 "-" "Mozilla/5.0 (Linux; Android 6.0.1; Nexus 5X Build/MMB29P) AppleWebKit/537.36 (KHTML, like Gecko) Chrome/41.0.2272.96 Mobile Safari/537.36 (compatible; Googlebot/2.1; +http://www.google.com/bot.html)"
54.36.149.72 - - [06/Dec/2019:14:04:00 +0000] "GET /robots.txt HTTP/1.0" 200 2506 "-" "Mozilla/5.0 (compatible; AhrefsBot/6.1; +http://ahrefs.com/robot/)"
66.249.69.98 - - [06/Dec/2019:17:29:20 +0000] "GET /newsletters/2007_July.pdf HTTP/1.0" 404 2649 "-" "Mozilla/5.0 (Linux; Android 6.0.1; Nexus 5X Build/MMB29P) AppleWebKit/537.36 (KHTML, like Gecko) Chrome/41.0.2272.96 Mobile Safari/537.36 (compatible; Googlebot/2.1; +http://www.google.com/bot.html)"
66.249.69.102 - - [06/Dec/2019:18:02:20 +0000] "GET / HTTP/1.0" 200 1792 "-" "Mozilla/5.0 (Linux; Android 6.0.1; Nexus 5X Build/MMB29P) AppleWebKit/537.36 (KHTML, like Gecko) Chrome/41.0.2272.96 Mobile Safari/537.36 (compatible; Googlebot/2.1; +http://www.google.com/bot.html)"
66.249.69.98 - - [06/Dec/2019:18:02:29 +0000] "GET /javascript/quickmenu.js HTTP/1.0" 200 437 "https://www.saratogahistory.com/" "Mozilla/5.0 (Linux; Android 6.0.1; Nexus 5X Build/MMB29P) AppleWebKit/537.36 (KHTML, like Gecko) Chrome/41.0.2272.96 Mobile Safari/537.36 (compatible; Googlebot/2.1; +http://www.google.com/bot.html)"
66.249.69.101 - - [06/Dec/2019:18:02:29 +0000] "GET /css/quickmenu.css HTTP/1.0" 200 417 "https://www.saratogahistory.com/" "Mozilla/5.0 (Linux; Android 6.0.1; Nexus 5X Build/MMB29P) AppleWebKit/537.36 (KHTML, like Gecko) Chrome/41.0.2272.96 Mobile Safari/537.36 (compatible; Googlebot/2.1; +http://www.google.com/bot.html)"
66.249.69.101 - - [06/Dec/2019:18:02:30 +0000] "GET /css/shf.css HTTP/1.0" 200 411 "https://www.saratogahistory.com/" "Mozilla/5.0 (Linux; Android 6.0.1; Nexus 5X Build/MMB29P) AppleWebKit/537.36 (KHTML, like Gecko) Chrome/41.0.2272.96 Mobile Safari/537.36 (compatible; Googlebot/2.1; +http://www.google.com/bot.html)"
66.249.69.98 - - [06/Dec/2019:18:02:30 +0000] "GET /javascript/utilities.js HTTP/1.0" 200 437 "https://www.saratogahistory.com/" "Mozilla/5.0 (Linux; Android 6.0.1; Nexus 5X Build/MMB29P) AppleWebKit/537.36 (KHTML, like Gecko) Chrome/41.0.2272.96 Mobile Safari/537.36 (compatible; Googlebot/2.1; +http://www.google.com/bot.html)"
66.249.69.101 - - [06/Dec/2019:21:48:32 +0000] "GET /ads.txt HTTP/1.0" 404 2649 "-" "Mozilla/5.0 (compatible; Googlebot/2.1; +http://www.google.com/bot.html)"
66.249.69.102 - - [06/Dec/2019:21:48:32 +0000] "GET /robots.txt HTTP/1.0" 200 1124 "-" "Mozilla/5.0 (compatible; Googlebot/2.1; +http://www.google.com/bot.html)"
34.222.67.218 - - [07/Dec/2019:02:15:28 +0000] "GET / HTTP/1.0" 200 410 "-" "Go-http-client/1.1"
66.249.69.102 - - [07/Dec/2019:03:13:23 +0000] "GET / HTTP/1.0" 200 1792 "-" "Mozilla/5.0 (Linux; Android 6.0.1; Nexus 5X Build/MMB29P) AppleWebKit/537.36 (KHTML, like Gecko) Chrome/41.0.2272.96 Mobile Safari/537.36 (compatible; Googlebot/2.1; +http://www.google.com/bot.html)"
159.138.149.127 - - [07/Dec/2019:03:38:59 +0000] "GET / HTTP/1.0" 200 410 "-" "Mozilla/5.0(Linux;Android 5.1.1;OPPO A33 Build/LMY47V;wv) AppleWebKit/537.36(KHTML,link Gecko) Version/4.0 Chrome/42.0.2311.138 Mobile Safari/537.36 Mb2345Browser/9.0"
66.249.69.102 - - [06/Dec/2019:04:06:37 +0000] "GET / HTTP/1.1" 200 24247 "-" "Mozilla/5.0 (compatible; Googlebot/2.1; +http://www.google.com/bot.html)"
52.34.24.33 - - [06/Dec/2019:05:06:28 +0000] "HEAD / HTTP/1.1" 301 0 "-" "Go-http-client/1.1"
66.249.69.102 - - [06/Dec/2019:09:20:39 +0000] "GET / HTTP/1.1" 200 24247 "-" "Mozilla/5.0 (Linux; Android 6.0.1; Nexus 5X Build/MMB29P) AppleWebKit/537.36 (KHTML, like Gecko) Chrome/41.0.2272.96 Mobile Safari/537.36 (compatible; Googlebot/2.1; +http://www.google.com/bot.html)"
209.17.96.10 - - [06/Dec/2019:15:57:41 +0000] "GET / HTTP/1.1" 301 162 "-" "Mozilla/5.0 (compatible; Nimbostratus-Bot/v1.3.2; http://cloudsystemnetworks.com)"
66.249.69.102 - - [06/Dec/2019:18:02:20 +0000] "GET / HTTP/1.1" 200 24247 "-" "Mozilla/5.0 (Linux; Android 6.0.1; Nexus 5X Build/MMB29P) AppleWebKit/537.36 (KHTML, like Gecko) Chrome/41.0.2272.96 Mobile Safari/537.36 (compatible; Googlebot/2.1; +http://www.google.com/bot.html)"
66.249.69.98 - - [06/Dec/2019:18:02:29 +0000] "GET /javascript/quickmenu.js HTTP/1.1" 200 15419 "https://www.saratogahistory.com/" "Mozilla/5.0 (Linux; Android 6.0.1; Nexus 5X Build/MMB29P) AppleWebKit/537.36 (KHTML, like Gecko) Chrome/41.0.2272.96 Mobile Safari/537.36 (compatible; Googlebot/2.1; +http://www.google.com/bot.html)"
66.249.69.101 - - [06/Dec/2019:18:02:29 +0000] "GET /css/quickmenu.css HTTP/1.1" 200 4355 "https://www.saratogahistory.com/" "Mozilla/5.0 (Linux; Android 6.0.1; Nexus 5X Build/MMB29P) AppleWebKit/537.36 (KHTML, like Gecko) Chrome/41.0.2272.96 Mobile Safari/537.36 (compatible; Googlebot/2.1; +http://www.google.com/bot.html)"
66.249.69.101 - - [06/Dec/2019:18:02:30 +0000] "GET /css/shf.css HTTP/1.1" 200 5498 "https://www.saratogahistory.com/" "Mozilla/5.0 (Linux; Android 6.0.1; Nexus 5X Build/MMB29P) AppleWebKit/537.36 (KHTML, like Gecko) Chrome/41.0.2272.96 Mobile Safari/537.36 (compatible; Googlebot/2.1; +http://www.google.com/bot.html)"
66.249.69.98 - - [06/Dec/2019:18:02:30 +0000] "GET /javascript/utilities.js HTTP/1.1" 200 2100 "https://www.saratogahistory.com/" "Mozilla/5.0 (Linux; Android 6.0.1; Nexus 5X Build/MMB29P) AppleWebKit/537.36 (KHTML, like Gecko) Chrome/41.0.2272.96 Mobile Safari/537.36 (compatible; Googlebot/2.1; +http://www.google.com/bot.html)"
66.249.69.49 - - [06/Dec/2019:21:38:32 +0000] "GET /ads.txt HTTP/1.1" 301 162 "-" "Mozilla/5.0 (compatible; Googlebot/2.1; +http://www.google.com/bot.html)"
66.249.69.47 - - [06/Dec/2019:21:48:32 +0000] "GET /robots.txt HTTP/1.1" 301 162 "-" "Mozilla/5.0 (compatible; Googlebot/2.1; +http://www.google.com/bot.html)"
34.222.67.218 - - [07/Dec/2019:02:15:26 +0000] "GET / HTTP/1.1" 301 162 "-" "Go-http-client/1.1"
34.222.67.218 - - [07/Dec/2019:02:15:28 +0000] "GET / HTTP/1.1" 200 24247 "-" "Go-http-client/1.1"
66.249.69.102 - - [07/Dec/2019:03:13:23 +0000] "GET / HTTP/1.1" 200 24247 "-" "Mozilla/5.0 (Linux; Android 6.0.1; Nexus 5X Build/MMB29P) AppleWebKit/537.36 (KHTML, like Gecko) Chrome/41.0.2272.96 Mobile Safari/537.36 (compatible; Googlebot/2.1; +http://www.google.com/bot.html)"
159.138.149.127 - - [07/Dec/2019:03:39:00 +0000] "GET / HTTP/1.1" 200 24247 "-" "Mozilla/5.0(Linux;Android 5.1.1;OPPO A33 Build/LMY47V;wv) AppleWebKit/537.36(KHTML,link Gecko) Version/4.0 Chrome/42.0.2311.138 Mobile Safari/537.36 Mb2345Browser/9.0"
159.138.152.155 - - [07/Dec/2019:06:19:40 +0000] "GET / HTTP/1.0" 200 1792 "-" "Mozilla/5.0(Linux;Android 5.1.1;OPPO A33 Build/LMY47V;wv) AppleWebKit/537.36(KHTML,link Gecko) Version/4.0 Chrome/43.0.2357.121 Mobile Safari/537.36 LieBaoFast/4.51.3"
66.249.69.101 - - [07/Dec/2019:07:20:31 +0000] "GET /robots.txt HTTP/1.0" 200 2506 "-" "Mozilla/5.0 (compatible; Googlebot/2.1; +http://www.google.com/bot.html)"
66.249.69.101 - - [07/Dec/2019:07:20:31 +0000] "GET /History/kevin_moran.htm HTTP/1.0" 200 424 "-" "Mozilla/5.0 (Linux; Android 6.0.1; Nexus 5X Build/MMB29P) AppleWebKit/537.36 (KHTML, like Gecko) Chrome/41.0.2272.96 Mobile Safari/537.36 (compatible; Googlebot/2.1; +http://www.google.com/bot.html)"
157.55.39.1 - - [07/Dec/2019:09:23:34 +0000] "GET /robots.txt HTTP/1.0" 200 2506 "-" "Mozilla/5.0 (compatible; bingbot/2.0; +http://www.bing.com/bingbot.htm)"
157.55.39.1 - - [07/Dec/2019:09:23:34 +0000] "GET /robots.txt HTTP/1.0" 200 1124 "-" "Mozilla/5.0 (compatible; bingbot/2.0; +http://www.bing.com/bingbot.htm)"
66.249.69.101 - - [07/Dec/2019:11:51:07 +0000] "GET / HTTP/1.0" 200 1792 "-" "Mozilla/5.0 (Linux; Android 6.0.1; Nexus 5X Build/MMB29P) AppleWebKit/537.36 (KHTML, like Gecko) Chrome/41.0.2272.96 Mobile Safari/537.36 (compatible; Googlebot/2.1; +http://www.google.com/bot.html)"
66.249.64.227 - - [07/Dec/2019:16:42:36 +0000] "GET /History/sarah_brown.htm HTTP/1.0" 200 1806 "-" "Mozilla/5.0 (Linux; Android 6.0.1; Nexus 5X Build/MMB29P) AppleWebKit/537.36 (KHTML, like Gecko) Chrome/41.0.2272.96 Mobile Safari/537.36 (compatible; Googlebot/2.1; +http://www.google.com/bot.html)"
66.249.64.226 - - [07/Dec/2019:16:48:53 +0000] "GET /wiki/Non-fiction HTTP/1.0" 404 2649 "-" "Mozilla/5.0 (Linux; Android 6.0.1; Nexus 5X Build/MMB29P) AppleWebKit/537.36 (KHTML, like Gecko) Chrome/41.0.2272.96 Mobile Safari/537.36 (compatible; Googlebot/2.1; +http://www.google.com/bot.html)"
66.249.64.227 - - [07/Dec/2019:21:25:04 +0000] "GET / HTTP/1.0" 200 1792 "-" "Mozilla/5.0 (Linux; Android 6.0.1; Nexus 5X Build/MMB29P) AppleWebKit/537.36 (KHTML, like Gecko) Chrome/41.0.2272.96 Mobile Safari/537.36 (compatible; Googlebot/2.1; +http://www.google.com/bot.html)"
66.249.64.227 - - [07/Dec/2019:21:38:49 +0000] "GET /ads.txt HTTP/1.0" 404 1267 "-" "Mozilla/5.0 (compatible; Googlebot/2.1; +http://www.google.com/bot.html)"
157.245.167.47 - - [07/Dec/2019:21:40:10 +0000] "GET / HTTP/1.0" 200 410 "-" "Mozilla/5.0 (Macintosh; Intel Mac OS X 10_11_6) AppleWebKit/537.36 (KHTML, like Gecko) Chrome/56.0.2924.87 Safari/537.36"
104.248.82.152 - - [08/Dec/2019:00:17:03 +0000] "GET /robots.txt HTTP/1.0" 200 2506 "-" "Mozilla/5.0 (Windows NT 6.1; Win64; x64) AppleWebKit/537.36 (KHTML, like Gecko) Chrome/55.0.2883.87 Safari/537.36"
159.138.159.220 - - [07/Dec/2019:06:19:37 +0000] "GET / HTTP/1.1" 301 162 "-" "Mozilla/5.0(Linux;Android 5.1.1;OPPO A33 Build/LMY47V;wv) AppleWebKit/537.36(KHTML,link Gecko) Version/4.0 Chrome/43.0.2357.121 Mobile Safari/537.36 LieBaoFast/4.51.3"
159.138.152.155 - - [07/Dec/2019:06:19:40 +0000] "GET / HTTP/1.1" 200 24247 "-" "Mozilla/5.0(Linux;Android 5.1.1;OPPO A33 Build/LMY47V;wv) AppleWebKit/537.36(KHTML,link Gecko) Version/4.0 Chrome/43.0.2357.121 Mobile Safari/537.36 LieBaoFast/4.51.3"
66.249.69.101 - - [07/Dec/2019:07:20:31 +0000] "GET /History/kevin_moran.htm HTTP/1.1" 200 13049 "-" "Mozilla/5.0 (Linux; Android 6.0.1; Nexus 5X Build/MMB29P) AppleWebKit/537.36 (KHTML, like Gecko) Chrome/41.0.2272.96 Mobile Safari/537.36 (compatible; Googlebot/2.1; +http://www.google.com/bot.html)"
66.249.69.101 - - [07/Dec/2019:11:51:07 +0000] "GET / HTTP/1.1" 200 24247 "-" "Mozilla/5.0 (Linux; Android 6.0.1; Nexus 5X Build/MMB29P) AppleWebKit/537.36 (KHTML, like Gecko) Chrome/41.0.2272.96 Mobile Safari/537.36 (compatible; Googlebot/2.1; +http://www.google.com/bot.html)"
204.44.86.194 - - [07/Dec/2019:15:45:21 +0000] "GET / HTTP/1.1" 301 162 "-" "Mozilla/5.0 (Windows NT 10.0; Win64; x64; rv:68.0) Gecko/20100101 Firefox/68.0"
204.44.86.194 - - [07/Dec/2019:15:45:21 +0000] "GET / HTTP/1.1" 301 162 "-" "Mozilla/5.0 (Windows NT 10.0; Win64; x64; rv:68.0) Gecko/20100101 Firefox/68.0"
204.44.86.194 - - [07/Dec/2019:15:45:22 +0000] "GET / HTTP/1.1" 301 162 "-" "Mozilla/5.0 (Windows NT 10.0; Win64; x64; rv:68.0) Gecko/20100101 Firefox/68.0"
204.44.86.194 - - [07/Dec/2019:15:45:22 +0000] "GET / HTTP/1.1" 301 162 "-" "Mozilla/5.0 (Windows NT 10.0; Win64; x64; rv:68.0) Gecko/20100101 Firefox/68.0"
204.44.86.194 - - [07/Dec/2019:15:45:22 +0000] "GET / HTTP/1.1" 301 162 "-" "Mozilla/5.0 (Windows NT 10.0; Win64; x64; rv:68.0) Gecko/20100101 Firefox/68.0"
204.44.86.194 - - [07/Dec/2019:15:45:22 +0000] "GET / HTTP/1.1" 301 162 "-" "Mozilla/5.0 (Windows NT 10.0; Win64; x64; rv:68.0) Gecko/20100101 Firefox/68.0"
204.44.86.194 - - [07/Dec/2019:15:45:22 +0000] "GET / HTTP/1.1" 301 162 "-" "Mozilla/5.0 (Windows NT 10.0; Win64; x64; rv:68.0) Gecko/20100101 Firefox/68.0"
204.44.86.194 - - [07/Dec/2019:15:45:22 +0000] "GET / HTTP/1.1" 301 162 "-" "Mozilla/5.0 (Windows NT 10.0; Win64; x64; rv:68.0) Gecko/20100101 Firefox/68.0"
204.44.86.194 - - [07/Dec/2019:15:45:22 +0000] "GET / HTTP/1.1" 301 162 "-" "Mozilla/5.0 (Windows NT 10.0; Win64; x64; rv:68.0) Gecko/20100101 Firefox/68.0"
204.44.86.194 - - [07/Dec/2019:15:45:22 +0000] "GET / HTTP/1.1" 301 162 "-" "Mozilla/5.0 (Windows NT 10.0; Win64; x64; rv:68.0) Gecko/20100101 Firefox/68.0"
204.44.86.194 - - [07/Dec/2019:15:45:22 +0000] "GET / HTTP/1.1" 301 162 "-" "Mozilla/5.0 (Windows NT 10.0; Win64; x64; rv:68.0) Gecko/20100101 Firefox/68.0"
204.44.86.194 - - [07/Dec/2019:15:45:22 +0000] "GET / HTTP/1.1" 301 162 "-" "Mozilla/5.0 (Windows NT 10.0; Win64; x64; rv:68.0) Gecko/20100101 Firefox/68.0"
204.44.86.194 - - [07/Dec/2019:15:45:22 +0000] "GET / HTTP/1.1" 301 162 "-" "Mozilla/5.0 (Windows NT 10.0; Win64; x64; rv:68.0) Gecko/20100101 Firefox/68.0"
204.44.86.194 - - [07/Dec/2019:15:45:22 +0000] "GET / HTTP/1.1" 301 162 "-" "Mozilla/5.0 (Windows NT 10.0; Win64; x64; rv:68.0) Gecko/20100101 Firefox/68.0"
204.44.86.194 - - [07/Dec/2019:15:45:23 +0000] "GET / HTTP/1.1" 301 162 "-" "Mozilla/5.0 (Windows NT 10.0; Win64; x64; rv:68.0) Gecko/20100101 Firefox/68.0"
204.44.86.194 - - [07/Dec/2019:15:45:23 +0000] "GET / HTTP/1.1" 301 162 "-" "Mozilla/5.0 (Windows NT 10.0; Win64; x64; rv:68.0) Gecko/20100101 Firefox/68.0"
204.44.86.194 - - [07/Dec/2019:15:45:23 +0000] "GET / HTTP/1.1" 301 162 "-" "Mozilla/5.0 (Windows NT 10.0; Win64; x64; rv:68.0) Gecko/20100101 Firefox/68.0"
204.44.86.194 - - [07/Dec/2019:15:45:23 +0000] "GET / HTTP/1.1" 301 162 "-" "Mozilla/5.0 (Windows NT 10.0; Win64; x64; rv:68.0) Gecko/20100101 Firefox/68.0"
204.44.86.194 - - [07/Dec/2019:15:45:23 +0000] "GET / HTTP/1.1" 301 162 "-" "Mozilla/5.0 (Windows NT 10.0; Win64; x64; rv:68.0) Gecko/20100101 Firefox/68.0"
204.44.86.194 - - [07/Dec/2019:15:45:23 +0000] "GET / HTTP/1.1" 301 162 "-" "Mozilla/5.0 (Windows NT 10.0; Win64; x64; rv:68.0) Gecko/20100101 Firefox/68.0"
204.44.86.194 - - [07/Dec/2019:15:45:23 +0000] "GET / HTTP/1.1" 301 162 "-" "Mozilla/5.0 (Windows NT 10.0; Win64; x64; rv:68.0) Gecko/20100101 Firefox/68.0"
204.44.86.194 - - [07/Dec/2019:15:45:23 +0000] "GET / HTTP/1.1" 301 162 "-" "Mozilla/5.0 (Windows NT 10.0; Win64; x64; rv:68.0) Gecko/20100101 Firefox/68.0"
204.44.86.194 - - [07/Dec/2019:15:45:23 +0000] "GET / HTTP/1.1" 301 162 "-" "Mozilla/5.0 (Windows NT 10.0; Win64; x64; rv:68.0) Gecko/20100101 Firefox/68.0"
204.44.86.194 - - [07/Dec/2019:15:45:23 +0000] "GET / HTTP/1.1" 301 162 "-" "Mozilla/5.0 (Windows NT 10.0; Win64; x64; rv:68.0) Gecko/20100101 Firefox/68.0"
204.44.86.194 - - [07/Dec/2019:15:45:23 +0000] "GET / HTTP/1.1" 301 162 "-" "Mozilla/5.0 (Windows NT 10.0; Win64; x64; rv:68.0) Gecko/20100101 Firefox/68.0"
204.44.86.194 - - [07/Dec/2019:15:45:23 +0000] "GET / HTTP/1.1" 301 162 "-" "Mozilla/5.0 (Windows NT 10.0; Win64; x64; rv:68.0) Gecko/20100101 Firefox/68.0"
204.44.86.194 - - [07/Dec/2019:15:45:24 +0000] "GET / HTTP/1.1" 301 162 "-" "Mozilla/5.0 (Windows NT 10.0; Win64; x64; rv:68.0) Gecko/20100101 Firefox/68.0"
204.44.86.194 - - [07/Dec/2019:15:45:24 +0000] "GET / HTTP/1.1" 301 162 "-" "Mozilla/5.0 (Windows NT 10.0; Win64; x64; rv:68.0) Gecko/20100101 Firefox/68.0"
204.44.86.194 - - [07/Dec/2019:15:45:24 +0000] "GET / HTTP/1.1" 301 162 "-" "Mozilla/5.0 (Windows NT 10.0; Win64; x64; rv:68.0) Gecko/20100101 Firefox/68.0"
204.44.86.194 - - [07/Dec/2019:15:45:24 +0000] "GET / HTTP/1.1" 301 162 "-" "Mozilla/5.0 (Windows NT 10.0; Win64; x64; rv:68.0) Gecko/20100101 Firefox/68.0"
204.44.86.194 - - [07/Dec/2019:15:45:24 +0000] "GET / HTTP/1.1" 301 162 "-" "Mozilla/5.0 (Windows NT 10.0; Win64; x64; rv:68.0) Gecko/20100101 Firefox/68.0"
66.249.64.227 - - [07/Dec/2019:16:42:36 +0000] "GET /History/sarah_brown.htm HTTP/1.1" 200 20247 "-" "Mozilla/5.0 (Linux; Android 6.0.1; Nexus 5X Build/MMB29P) AppleWebKit/537.36 (KHTML, like Gecko) Chrome/41.0.2272.96 Mobile Safari/537.36 (compatible; Googlebot/2.1; +http://www.google.com/bot.html)"
66.249.64.227 - - [07/Dec/2019:21:25:04 +0000] "GET / HTTP/1.1" 200 24247 "-" "Mozilla/5.0 (Linux; Android 6.0.1; Nexus 5X Build/MMB29P) AppleWebKit/537.36 (KHTML, like Gecko) Chrome/41.0.2272.96 Mobile Safari/537.36 (compatible; Googlebot/2.1; +http://www.google.com/bot.html)"
66.249.64.79 - - [07/Dec/2019:21:38:48 +0000] "GET /ads.txt HTTP/1.1" 301 162 "-" "Mozilla/5.0 (compatible; Googlebot/2.1; +http://www.google.com/bot.html)"
157.245.167.47 - - [07/Dec/2019:21:40:10 +0000] "GET / HTTP/2.0" 301 162 "-" "Mozilla/5.0 (X11; Linux x86_64) AppleWebKit/537.36 (KHTML, like Gecko) Chrome/55.0.2883.87 Safari/537.36"
157.245.167.47 - - [07/Dec/2019:21:40:10 +0000] "GET / HTTP/2.0" 200 24247 "-" "Mozilla/5.0 (Macintosh; Intel Mac OS X 10_11_6) AppleWebKit/537.36 (KHTML, like Gecko) Chrome/56.0.2924.87 Safari/537.36"
34.253.195.148 - - [08/Dec/2019:03:02:23 +0000] "GET /robots.txt HTTP/1.1" 301 162 "-" "PleskBot"
34.253.195.148 - - [08/Dec/2019:03:02:30 +0000] "GET / HTTP/1.1" 301 162 "-" "PleskBot"
66.249.64.229 - - [08/Dec/2019:06:08:07 +0000] "GET / HTTP/1.0" 200 1792 "-" "Mozilla/5.0 (Linux; Android 6.0.1; Nexus 5X Build/MMB29P) AppleWebKit/537.36 (KHTML, like Gecko) Chrome/41.0.2272.96 Mobile Safari/537.36 (compatible; Googlebot/2.1; +http://www.google.com/bot.html)"
66.249.64.226 - - [08/Dec/2019:07:28:47 +0000] "GET /History/kevin_moran.htm HTTP/1.0" 200 1806 "-" "Mozilla/5.0 (Linux; Android 6.0.1; Nexus 5X Build/MMB29P) AppleWebKit/537.36 (KHTML, like Gecko) Chrome/41.0.2272.96 Mobile Safari/537.36 (compatible; Googlebot/2.1; +http://www.google.com/bot.html)"
66.249.64.226 - - [08/Dec/2019:07:28:47 +0000] "GET /robots.txt HTTP/1.0" 200 1124 "-" "Mozilla/5.0 (compatible; Googlebot/2.1; +http://www.google.com/bot.html)"
137.226.113.34 - - [08/Dec/2019:07:29:13 +0000] "GET / HTTP/1.0" 200 410 "-" "Mozilla/5.0 (X11; Ubuntu; Linux x86_64; rv:50.0) Gecko/20100101 Firefox/50.0"
137.226.113.34 - - [08/Dec/2019:07:29:14 +0000] "GET /shf_Assets/blksmith.jpg HTTP/1.0" 200 425 "-" "Mozilla/5.0 (X11; Ubuntu; Linux x86_64; rv:50.0) Gecko/20100101 Firefox/50.0"
137.226.113.34 - - [08/Dec/2019:07:29:14 +0000] "GET /shf_Assets/favicon.ico HTTP/1.0" 200 438 "-" "Mozilla/5.0 (X11; Ubuntu; Linux x86_64; rv:50.0) Gecko/20100101 Firefox/50.0"
137.226.113.34 - - [08/Dec/2019:07:29:14 +0000] "GET /javascript/quickmenu.js HTTP/1.0" 200 437 "-" "Mozilla/5.0 (X11; Ubuntu; Linux x86_64; rv:50.0) Gecko/20100101 Firefox/50.0"
137.226.113.34 - - [08/Dec/2019:07:29:14 +0000] "GET /shf_Assets/banner7.jpg HTTP/1.0" 200 424 "-" "Mozilla/5.0 (X11; Ubuntu; Linux x86_64; rv:50.0) Gecko/20100101 Firefox/50.0"
137.226.113.34 - - [08/Dec/2019:07:29:14 +0000] "GET /css/shf.css HTTP/1.0" 200 411 "-" "Mozilla/5.0 (X11; Ubuntu; Linux x86_64; rv:50.0) Gecko/20100101 Firefox/50.0"
137.226.113.34 - - [08/Dec/2019:07:29:14 +0000] "GET /css/quickmenu.css HTTP/1.0" 200 417 "-" "Mozilla/5.0 (X11; Ubuntu; Linux x86_64; rv:50.0) Gecko/20100101 Firefox/50.0"
137.226.113.34 - - [08/Dec/2019:07:29:14 +0000] "GET /shf_Assets/christmastree.jpg HTTP/1.0" 200 430 "-" "Mozilla/5.0 (X11; Ubuntu; Linux x86_64; rv:50.0) Gecko/20100101 Firefox/50.0"
137.226.113.34 - - [08/Dec/2019:07:29:14 +0000] "GET /shf_Assets/BooksBow.gif HTTP/1.0" 200 424 "-" "Mozilla/5.0 (X11; Ubuntu; Linux x86_64; rv:50.0) Gecko/20100101 Firefox/50.0"
137.226.113.34 - - [08/Dec/2019:07:29:14 +0000] "GET /javascript/utilities.js HTTP/1.0" 200 437 "-" "Mozilla/5.0 (X11; Ubuntu; Linux x86_64; rv:50.0) Gecko/20100101 Firefox/50.0"
137.226.113.34 - - [08/Dec/2019:07:29:14 +0000] "GET /shf_Assets/Apricot.png HTTP/1.0" 200 423 "-" "Mozilla/5.0 (X11; Ubuntu; Linux x86_64; rv:50.0) Gecko/20100101 Firefox/50.0"
137.226.113.34 - - [08/Dec/2019:07:29:14 +0000] "GET /shf_Assets/ForTheLoveOfApricots.png HTTP/1.0" 200 436 "-" "Mozilla/5.0 (X11; Ubuntu; Linux x86_64; rv:50.0) Gecko/20100101 Firefox/50.0"
137.226.113.34 - - [08/Dec/2019:07:29:14 +0000] "GET /shf_Assets/buildings.gif HTTP/1.0" 200 425 "-" "Mozilla/5.0 (X11; Ubuntu; Linux x86_64; rv:50.0) Gecko/20100101 Firefox/50.0"
137.226.113.34 - - [08/Dec/2019:07:29:14 +0000] "GET /shf_Assets/memory.jpg HTTP/1.0" 200 423 "-" "Mozilla/5.0 (X11; Ubuntu; Linux x86_64; rv:50.0) Gecko/20100101 Firefox/50.0"
137.226.113.34 - - [08/Dec/2019:07:29:14 +0000] "GET /shf_Assets/bike.jpg HTTP/1.0" 200 421 "-" "Mozilla/5.0 (X11; Ubuntu; Linux x86_64; rv:50.0) Gecko/20100101 Firefox/50.0"
137.226.113.34 - - [08/Dec/2019:07:29:14 +0000] "GET /shf_Assets/hands.gif HTTP/1.0" 200 421 "-" "Mozilla/5.0 (X11; Ubuntu; Linux x86_64; rv:50.0) Gecko/20100101 Firefox/50.0"
137.226.113.34 - - [08/Dec/2019:07:29:14 +0000] "GET /shf_Assets/microphone.gif HTTP/1.0" 200 426 "-" "Mozilla/5.0 (X11; Ubuntu; Linux x86_64; rv:50.0) Gecko/20100101 Firefox/50.0"
137.226.113.34 - - [08/Dec/2019:07:29:14 +0000] "GET /shf_Assets/amazon.jpg HTTP/1.0" 200 423 "-" "Mozilla/5.0 (X11; Ubuntu; Linux x86_64; rv:50.0) Gecko/20100101 Firefox/50.0"
137.226.113.34 - - [08/Dec/2019:07:29:14 +0000] "GET /shf_Assets/books-2.jpg HTTP/1.0" 200 424 "-" "Mozilla/5.0 (X11; Ubuntu; Linux x86_64; rv:50.0) Gecko/20100101 Firefox/50.0"
137.226.113.27 - - [08/Dec/2019:10:06:12 +0000] "GET / HTTP/1.0" 200 1792 "-" "Mozilla/5.0 zgrab/0.x (compatible; Researchscan/t12ca; +http://researchscan.comsys.rwth-aachen.de)"
185.234.216.20 - - [08/Dec/2019:10:15:32 +0000] "GET /sftp-config.json HTTP/1.0" 404 2649 "-" "Mozilla/5.0 (Windows NT 10.0; Win64; x64; rv:70.0) Gecko/20100101 Firefox/70.0"
185.234.216.20 - - [08/Dec/2019:10:15:33 +0000] "GET /.ftpconfig HTTP/1.0" 404 1267 "-" "Mozilla/5.0 (Windows NT 10.0; Win64; x64; rv:70.0) Gecko/20100101 Firefox/70.0"
185.234.216.20 - - [08/Dec/2019:10:15:34 +0000] "GET /.remote-sync.json HTTP/1.0" 404 1267 "-" "Mozilla/5.0 (Windows NT 10.0; Win64; x64; rv:70.0) Gecko/20100101 Firefox/70.0"
185.234.216.20 - - [08/Dec/2019:10:15:34 +0000] "GET /.vscode/ftp-sync.json HTTP/1.0" 404 1267 "-" "Mozilla/5.0 (Windows NT 10.0; Win64; x64; rv:70.0) Gecko/20100101 Firefox/70.0"
185.234.216.20 - - [08/Dec/2019:10:15:35 +0000] "GET /.vscode/sftp.json HTTP/1.0" 404 1267 "-" "Mozilla/5.0 (Windows NT 10.0; Win64; x64; rv:70.0) Gecko/20100101 Firefox/70.0"
185.234.216.20 - - [08/Dec/2019:10:15:36 +0000] "GET /deployment-config.json HTTP/1.0" 404 1267 "-" "Mozilla/5.0 (Windows NT 10.0; Win64; x64; rv:70.0) Gecko/20100101 Firefox/70.0"
185.234.216.20 - - [08/Dec/2019:10:15:37 +0000] "GET /ftpsync.settings HTTP/1.0" 404 1267 "-" "Mozilla/5.0 (Windows NT 10.0; Win64; x64; rv:70.0) Gecko/20100101 Firefox/70.0"
100.43.85.165 - - [08/Dec/2019:10:36:00 +0000] "GET /robots.txt HTTP/1.0" 200 2506 "-" "Mozilla/5.0 (compatible; YandexBot/3.0; +http://yandex.com/bots)"
141.8.188.193 - - [08/Dec/2019:10:36:06 +0000] "GET /robots.txt HTTP/1.0" 200 1124 "-" "Mozilla/5.0 (compatible; YandexBot/3.0; +http://yandex.com/bots)"
141.8.188.193 - - [08/Dec/2019:10:36:09 +0000] "GET / HTTP/1.0" 200 410 "-" "Mozilla/5.0 (compatible; YandexBot/3.0; +http://yandex.com/bots)"
137.226.113.26 - - [08/Dec/2019:10:50:14 +0000] "GET / HTTP/1.0" 200 1792 "-" "Mozilla/5.0 zgrab/0.x (compatible; Researchscan/t13rl; +http://researchscan.comsys.rwth-aachen.de)"
137.226.113.27 - - [08/Dec/2019:12:46:49 +0000] "GET / HTTP/1.0" 200 1792 "-" "Mozilla/5.0 zgrab/0.x (compatible; Researchscan/t12sns; +http://researchscan.comsys.rwth-aachen.de)"
66.249.64.229 - - [08/Dec/2019:13:16:26 +0000] "GET /wiki/Sense_of_place HTTP/1.0" 404 2649 "-" "Mozilla/5.0 (Linux; Android 6.0.1; Nexus 5X Build/MMB29P) AppleWebKit/537.36 (KHTML, like Gecko) Chrome/41.0.2272.96 Mobile Safari/537.36 (compatible; Googlebot/2.1; +http://www.google.com/bot.html)"
66.249.64.229 - - [08/Dec/2019:13:17:39 +0000] "GET /wiki/San_Joaquin_Valley HTTP/1.0" 404 1267 "-" "Mozilla/5.0 (Linux; Android 6.0.1; Nexus 5X Build/MMB29P) AppleWebKit/537.36 (KHTML, like Gecko) Chrome/41.0.2272.96 Mobile Safari/537.36 (compatible; Googlebot/2.1; +http://www.google.com/bot.html)"
66.249.64.229 - - [08/Dec/2019:13:20:19 +0000] "GET /wiki/High_schools HTTP/1.0" 404 1267 "-" "Mozilla/5.0 (Linux; Android 6.0.1; Nexus 5X Build/MMB29P) AppleWebKit/537.36 (KHTML, like Gecko) Chrome/41.0.2272.96 Mobile Safari/537.36 (compatible; Googlebot/2.1; +http://www.google.com/bot.html)"
66.249.64.226 - - [08/Dec/2019:13:22:28 +0000] "GET /wiki/United_States HTTP/1.0" 404 2649 "-" "Mozilla/5.0 (Linux; Android 6.0.1; Nexus 5X Build/MMB29P) AppleWebKit/537.36 (KHTML, like Gecko) Chrome/41.0.2272.96 Mobile Safari/537.36 (compatible; Googlebot/2.1; +http://www.google.com/bot.html)"
185.253.97.226 - - [08/Dec/2019:13:42:40 +0000] "GET /admin/ HTTP/1.0" 401 1554 "-" "Mozilla/5.0 (X11; Ubuntu; Linux x86_64; rv:62.0) Gecko/20100101 Firefox/62.0"
185.253.97.226 - - [08/Dec/2019:13:42:42 +0000] "GET /shop/admin/ HTTP/1.0" 404 1267 "-" "Mozilla/5.0 (X11; Ubuntu; Linux x86_64; rv:62.0) Gecko/20100101 Firefox/62.0"
185.253.97.226 - - [08/Dec/2019:13:42:44 +0000] "GET /store/admin/ HTTP/1.0" 404 1267 "-" "Mozilla/5.0 (X11; Ubuntu; Linux x86_64; rv:62.0) Gecko/20100101 Firefox/62.0"
185.253.97.226 - - [08/Dec/2019:13:42:51 +0000] "GET /magento/admin/ HTTP/1.0" 404 1267 "-" "Mozilla/5.0 (X11; Ubuntu; Linux x86_64; rv:62.0) Gecko/20100101 Firefox/62.0"
185.253.97.226 - - [08/Dec/2019:13:42:53 +0000] "GET /magento2/admin/ HTTP/1.0" 404 1267 "-" "Mozilla/5.0 (X11; Ubuntu; Linux x86_64; rv:62.0) Gecko/20100101 Firefox/62.0"
185.253.97.226 - - [08/Dec/2019:13:42:55 +0000] "GET /pub/errors/503.php HTTP/1.0" 404 1267 "-" "Mozilla/5.0 (X11; Ubuntu; Linux x86_64; rv:62.0) Gecko/20100101 Firefox/62.0"
185.253.97.226 - - [08/Dec/2019:13:42:57 +0000] "GET /shop/pub/errors/503.php HTTP/1.0" 404 1267 "-" "Mozilla/5.0 (X11; Ubuntu; Linux x86_64; rv:62.0) Gecko/20100101 Firefox/62.0"
185.253.97.226 - - [08/Dec/2019:13:43:04 +0000] "GET /store/pub/errors/503.php HTTP/1.0" 404 1267 "-" "Mozilla/5.0 (X11; Ubuntu; Linux x86_64; rv:62.0) Gecko/20100101 Firefox/62.0"
185.253.97.226 - - [08/Dec/2019:13:43:16 +0000] "GET /magento/pub/errors/503.php HTTP/1.0" 404 1267 "-" "Mozilla/5.0 (X11; Ubuntu; Linux x86_64; rv:62.0) Gecko/20100101 Firefox/62.0"
185.253.97.226 - - [08/Dec/2019:13:43:18 +0000] "GET /magento2/pub/errors/503.php HTTP/1.0" 404 1267 "-" "Mozilla/5.0 (X11; Ubuntu; Linux x86_64; rv:62.0) Gecko/20100101 Firefox/62.0"
185.253.97.226 - - [08/Dec/2019:13:43:20 +0000] "GET / HTTP/1.0" 200 410 "-" "Mozilla/5.0 (X11; Ubuntu; Linux x86_64; rv:62.0) Gecko/20100101 Firefox/62.0"
185.253.97.226 - - [08/Dec/2019:13:43:37 +0000] "GET /shop/ HTTP/1.0" 404 1267 "-" "Mozilla/5.0 (X11; Ubuntu; Linux x86_64; rv:62.0) Gecko/20100101 Firefox/62.0"
185.253.97.226 - - [08/Dec/2019:13:43:39 +0000] "GET /store/ HTTP/1.0" 404 1267 "-" "Mozilla/5.0 (X11; Ubuntu; Linux x86_64; rv:62.0) Gecko/20100101 Firefox/62.0"
185.253.97.226 - - [08/Dec/2019:13:43:40 +0000] "GET /magento/ HTTP/1.0" 404 1267 "-" "Mozilla/5.0 (X11; Ubuntu; Linux x86_64; rv:62.0) Gecko/20100101 Firefox/62.0"
185.253.97.226 - - [08/Dec/2019:13:43:42 +0000] "GET /magento2/ HTTP/1.0" 404 1267 "-" "Mozilla/5.0 (X11; Ubuntu; Linux x86_64; rv:62.0) Gecko/20100101 Firefox/62.0"
66.249.64.227 - - [08/Dec/2019:15:10:42 +0000] "GET / HTTP/1.0" 200 1792 "-" "Mozilla/5.0 (Linux; Android 6.0.1; Nexus 5X Build/MMB29P) AppleWebKit/537.36 (KHTML, like Gecko) Chrome/41.0.2272.96 Mobile Safari/537.36 (compatible; Googlebot/2.1; +http://www.google.com/bot.html)"
66.249.64.227 - - [08/Dec/2019:21:29:05 +0000] "GET /robots.txt HTTP/1.0" 200 1124 "-" "Mozilla/5.0 (compatible; Googlebot/2.1; +http://www.google.com/bot.html)"
66.249.64.229 - - [08/Dec/2019:21:29:07 +0000] "GET /ads.txt HTTP/1.0" 404 1267 "-" "Mozilla/5.0 (compatible; Googlebot/2.1; +http://www.google.com/bot.html)"
66.249.64.226 - - [09/Dec/2019:00:12:32 +0000] "GET / HTTP/1.0" 200 1792 "-" "Mozilla/5.0 (Linux; Android 6.0.1; Nexus 5X Build/MMB29P) AppleWebKit/537.36 (KHTML, like Gecko) Chrome/41.0.2272.96 Mobile Safari/537.36 (compatible; Googlebot/2.1; +http://www.google.com/bot.html)"
66.249.64.229 - - [08/Dec/2019:06:08:07 +0000] "GET / HTTP/1.1" 200 24247 "-" "Mozilla/5.0 (Linux; Android 6.0.1; Nexus 5X Build/MMB29P) AppleWebKit/537.36 (KHTML, like Gecko) Chrome/41.0.2272.96 Mobile Safari/537.36 (compatible; Googlebot/2.1; +http://www.google.com/bot.html)"
52.41.211.72 - - [08/Dec/2019:06:33:16 +0000] "HEAD / HTTP/1.1" 301 0 "-" "Go-http-client/1.1"
66.249.64.226 - - [08/Dec/2019:07:28:47 +0000] "GET /History/kevin_moran.htm HTTP/1.1" 200 13049 "-" "Mozilla/5.0 (Linux; Android 6.0.1; Nexus 5X Build/MMB29P) AppleWebKit/537.36 (KHTML, like Gecko) Chrome/41.0.2272.96 Mobile Safari/537.36 (compatible; Googlebot/2.1; +http://www.google.com/bot.html)"
137.226.113.34 - - [08/Dec/2019:07:29:13 +0000] "GET / HTTP/2.0" 200 24247 "-" "Mozilla/5.0 (X11; Ubuntu; Linux x86_64; rv:50.0) Gecko/20100101 Firefox/50.0"
137.226.113.34 - - [08/Dec/2019:07:29:14 +0000] "GET /css/shf.css HTTP/2.0" 200 5498 "-" "Mozilla/5.0 (X11; Ubuntu; Linux x86_64; rv:50.0) Gecko/20100101 Firefox/50.0"
137.226.113.34 - - [08/Dec/2019:07:29:14 +0000] "GET /css/quickmenu.css HTTP/2.0" 200 4355 "-" "Mozilla/5.0 (X11; Ubuntu; Linux x86_64; rv:50.0) Gecko/20100101 Firefox/50.0"
137.226.113.34 - - [08/Dec/2019:07:29:14 +0000] "GET /shf_Assets/christmastree.jpg HTTP/2.0" 200 5688 "-" "Mozilla/5.0 (X11; Ubuntu; Linux x86_64; rv:50.0) Gecko/20100101 Firefox/50.0"
137.226.113.34 - - [08/Dec/2019:07:29:14 +0000] "GET /shf_Assets/BooksBow.gif HTTP/2.0" 200 6491 "-" "Mozilla/5.0 (X11; Ubuntu; Linux x86_64; rv:50.0) Gecko/20100101 Firefox/50.0"
137.226.113.34 - - [08/Dec/2019:07:29:14 +0000] "GET /shf_Assets/blksmith.jpg HTTP/2.0" 200 2638 "-" "Mozilla/5.0 (X11; Ubuntu; Linux x86_64; rv:50.0) Gecko/20100101 Firefox/50.0"
137.226.113.34 - - [08/Dec/2019:07:29:14 +0000] "GET /shf_Assets/favicon.ico HTTP/2.0" 200 15086 "-" "Mozilla/5.0 (X11; Ubuntu; Linux x86_64; rv:50.0) Gecko/20100101 Firefox/50.0"
137.226.113.34 - - [08/Dec/2019:07:29:14 +0000] "GET /javascript/quickmenu.js HTTP/2.0" 200 15419 "-" "Mozilla/5.0 (X11; Ubuntu; Linux x86_64; rv:50.0) Gecko/20100101 Firefox/50.0"
137.226.113.34 - - [08/Dec/2019:07:29:14 +0000] "GET /javascript/utilities.js HTTP/2.0" 200 2100 "-" "Mozilla/5.0 (X11; Ubuntu; Linux x86_64; rv:50.0) Gecko/20100101 Firefox/50.0"
137.226.113.34 - - [08/Dec/2019:07:29:14 +0000] "GET /shf_Assets/memory.jpg HTTP/2.0" 200 3290 "-" "Mozilla/5.0 (X11; Ubuntu; Linux x86_64; rv:50.0) Gecko/20100101 Firefox/50.0"
137.226.113.34 - - [08/Dec/2019:07:29:14 +0000] "GET /shf_Assets/bike.jpg HTTP/2.0" 200 4080 "-" "Mozilla/5.0 (X11; Ubuntu; Linux x86_64; rv:50.0) Gecko/20100101 Firefox/50.0"
137.226.113.34 - - [08/Dec/2019:07:29:14 +0000] "GET /shf_Assets/microphone.gif HTTP/2.0" 200 1808 "-" "Mozilla/5.0 (X11; Ubuntu; Linux x86_64; rv:50.0) Gecko/20100101 Firefox/50.0"
137.226.113.34 - - [08/Dec/2019:07:29:14 +0000] "GET /shf_Assets/ForTheLoveOfApricots.png HTTP/2.0" 200 28037 "-" "Mozilla/5.0 (X11; Ubuntu; Linux x86_64; rv:50.0) Gecko/20100101 Firefox/50.0"
137.226.113.34 - - [08/Dec/2019:07:29:14 +0000] "GET /shf_Assets/buildings.gif HTTP/2.0" 200 2847 "-" "Mozilla/5.0 (X11; Ubuntu; Linux x86_64; rv:50.0) Gecko/20100101 Firefox/50.0"
137.226.113.34 - - [08/Dec/2019:07:29:14 +0000] "GET /shf_Assets/hands.gif HTTP/2.0" 200 3098 "-" "Mozilla/5.0 (X11; Ubuntu; Linux x86_64; rv:50.0) Gecko/20100101 Firefox/50.0"
137.226.113.34 - - [08/Dec/2019:07:29:14 +0000] "GET /shf_Assets/books-2.jpg HTTP/2.0" 200 6237 "-" "Mozilla/5.0 (X11; Ubuntu; Linux x86_64; rv:50.0) Gecko/20100101 Firefox/50.0"
137.226.113.34 - - [08/Dec/2019:07:29:14 +0000] "GET /shf_Assets/banner7.jpg HTTP/2.0" 200 29732 "-" "Mozilla/5.0 (X11; Ubuntu; Linux x86_64; rv:50.0) Gecko/20100101 Firefox/50.0"
137.226.113.34 - - [08/Dec/2019:07:29:14 +0000] "GET /shf_Assets/Apricot.png HTTP/2.0" 200 50303 "-" "Mozilla/5.0 (X11; Ubuntu; Linux x86_64; rv:50.0) Gecko/20100101 Firefox/50.0"
137.226.113.34 - - [08/Dec/2019:07:29:14 +0000] "GET /shf_Assets/amazon.jpg HTTP/2.0" 200 4531 "-" "Mozilla/5.0 (X11; Ubuntu; Linux x86_64; rv:50.0) Gecko/20100101 Firefox/50.0"
137.226.113.27 - - [08/Dec/2019:10:06:12 +0000] "GET / HTTP/1.1" 200 24247 "-" "Mozilla/5.0 zgrab/0.x (compatible; Researchscan/t12ca; +http://researchscan.comsys.rwth-aachen.de)"
185.234.216.20 - - [08/Dec/2019:10:15:31 +0000] "GET /sftp-config.json HTTP/1.1" 301 162 "-" "Mozilla/5.0 (Windows NT 10.0; Win64; x64; rv:70.0) Gecko/20100101 Firefox/70.0"
185.234.216.20 - - [08/Dec/2019:10:15:32 +0000] "GET /.ftpconfig HTTP/1.1" 301 162 "-" "Mozilla/5.0 (Windows NT 10.0; Win64; x64; rv:70.0) Gecko/20100101 Firefox/70.0"
185.234.216.20 - - [08/Dec/2019:10:15:33 +0000] "GET /.remote-sync.json HTTP/1.1" 301 162 "-" "Mozilla/5.0 (Windows NT 10.0; Win64; x64; rv:70.0) Gecko/20100101 Firefox/70.0"
185.234.216.20 - - [08/Dec/2019:10:15:34 +0000] "GET /.vscode/ftp-sync.json HTTP/1.1" 301 162 "-" "Mozilla/5.0 (Windows NT 10.0; Win64; x64; rv:70.0) Gecko/20100101 Firefox/70.0"
185.234.216.20 - - [08/Dec/2019:10:15:35 +0000] "GET /.vscode/sftp.json HTTP/1.1" 301 162 "-" "Mozilla/5.0 (Windows NT 10.0; Win64; x64; rv:70.0) Gecko/20100101 Firefox/70.0"
185.234.216.20 - - [08/Dec/2019:10:15:36 +0000] "GET /deployment-config.json HTTP/1.1" 301 162 "-" "Mozilla/5.0 (Windows NT 10.0; Win64; x64; rv:70.0) Gecko/20100101 Firefox/70.0"
185.234.216.20 - - [08/Dec/2019:10:15:36 +0000] "GET /ftpsync.settings HTTP/1.1" 301 162 "-" "Mozilla/5.0 (Windows NT 10.0; Win64; x64; rv:70.0) Gecko/20100101 Firefox/70.0"
141.8.188.193 - - [08/Dec/2019:10:35:59 +0000] "GET /robots.txt HTTP/1.1" 301 162 "-" "Mozilla/5.0 (compatible; YandexBot/3.0; +http://yandex.com/bots)"
77.88.47.83 - - [08/Dec/2019:10:36:04 +0000] "GET / HTTP/1.1" 301 162 "-" "Mozilla/5.0 (compatible; YandexBot/3.0; +http://yandex.com/bots)"
141.8.188.193 - - [08/Dec/2019:10:36:09 +0000] "GET / HTTP/1.1" 200 24247 "-" "Mozilla/5.0 (compatible; YandexBot/3.0; +http://yandex.com/bots)"
137.226.113.26 - - [08/Dec/2019:10:50:14 +0000] "GET / HTTP/1.1" 200 24247 "-" "Mozilla/5.0 zgrab/0.x (compatible; Researchscan/t13rl; +http://researchscan.comsys.rwth-aachen.de)"
137.226.113.27 - - [08/Dec/2019:12:46:49 +0000] "GET / HTTP/1.1" 200 24247 "-" "Mozilla/5.0 zgrab/0.x (compatible; Researchscan/t12sns; +http://researchscan.comsys.rwth-aachen.de)"
185.253.97.226 - - [08/Dec/2019:13:42:39 +0000] "GET /admin/ HTTP/1.1" 301 162 "-" "Mozilla/5.0 (X11; Ubuntu; Linux x86_64; rv:62.0) Gecko/20100101 Firefox/62.0"
185.253.97.226 - - [08/Dec/2019:13:42:42 +0000] "GET /shop/admin/ HTTP/1.1" 301 162 "-" "Mozilla/5.0 (X11; Ubuntu; Linux x86_64; rv:62.0) Gecko/20100101 Firefox/62.0"
185.253.97.226 - - [08/Dec/2019:13:42:44 +0000] "GET /store/admin/ HTTP/1.1" 301 162 "-" "Mozilla/5.0 (X11; Ubuntu; Linux x86_64; rv:62.0) Gecko/20100101 Firefox/62.0"
185.253.97.226 - - [08/Dec/2019:13:42:45 +0000] "GET /magento/admin/ HTTP/1.1" 301 162 "-" "Mozilla/5.0 (X11; Ubuntu; Linux x86_64; rv:62.0) Gecko/20100101 Firefox/62.0"
185.253.97.226 - - [08/Dec/2019:13:42:52 +0000] "GET /magento2/admin/ HTTP/1.1" 301 162 "-" "Mozilla/5.0 (X11; Ubuntu; Linux x86_64; rv:62.0) Gecko/20100101 Firefox/62.0"
185.253.97.226 - - [08/Dec/2019:13:42:54 +0000] "GET /pub/errors/503.php HTTP/1.1" 301 162 "-" "Mozilla/5.0 (X11; Ubuntu; Linux x86_64; rv:62.0) Gecko/20100101 Firefox/62.0"
185.253.97.226 - - [08/Dec/2019:13:42:56 +0000] "GET /shop/pub/errors/503.php HTTP/1.1" 301 162 "-" "Mozilla/5.0 (X11; Ubuntu; Linux x86_64; rv:62.0) Gecko/20100101 Firefox/62.0"
185.253.97.226 - - [08/Dec/2019:13:43:04 +0000] "GET /store/pub/errors/503.php HTTP/1.1" 301 162 "-" "Mozilla/5.0 (X11; Ubuntu; Linux x86_64; rv:62.0) Gecko/20100101 Firefox/62.0"
185.253.97.226 - - [08/Dec/2019:13:43:10 +0000] "GET /magento/pub/errors/503.php HTTP/1.1" 301 162 "-" "Mozilla/5.0 (X11; Ubuntu; Linux x86_64; rv:62.0) Gecko/20100101 Firefox/62.0"
185.253.97.226 - - [08/Dec/2019:13:43:17 +0000] "GET /magento2/pub/errors/503.php HTTP/1.1" 301 162 "-" "Mozilla/5.0 (X11; Ubuntu; Linux x86_64; rv:62.0) Gecko/20100101 Firefox/62.0"
185.253.97.226 - - [08/Dec/2019:13:43:19 +0000] "GET / HTTP/1.1" 301 162 "-" "Mozilla/5.0 (X11; Ubuntu; Linux x86_64; rv:62.0) Gecko/20100101 Firefox/62.0"
