66.249.64.229 - - [05/Oct/2019:13:15:29 +0000] "GET /History/PIrailroad.htm HTTP/1.1" 200 26233 "-" "Mozilla/5.0 (Linux; Android 6.0.1; Nexus 5X Build/MMB29P) AppleWebKit/537.36 (KHTML, like Gecko) Chrome/41.0.2272.96 Mobile Safari/537.36 (compatible; Googlebot/2.1; +http://www.google.com/bot.html)"
66.249.64.227 - - [05/Oct/2019:13:15:45 +0000] "GET / HTTP/1.1" 200 23976 "-" "Mozilla/5.0 (Linux; Android 6.0.1; Nexus 5X Build/MMB29P) AppleWebKit/537.36 (KHTML, like Gecko) Chrome/41.0.2272.96 Mobile Safari/537.36 (compatible; Googlebot/2.1; +http://www.google.com/bot.html)"
66.249.70.17 - - [05/Oct/2019:13:53:40 +0000] "GET /robots.txt HTTP/1.1" 301 162 "-" "Mozilla/5.0 (compatible; Googlebot/2.1; +http://www.google.com/bot.html)"
66.249.70.17 - - [05/Oct/2019:13:53:40 +0000] "GET /ads.txt HTTP/1.1" 301 162 "-" "Mozilla/5.0 (compatible; Googlebot/2.1; +http://www.google.com/bot.html)"
34.76.238.151 - - [05/Oct/2019:16:13:06 +0000] "GET / HTTP/1.1" 301 162 "-" "Python/3.6 aiohttp/3.6.0"
34.76.238.151 - - [05/Oct/2019:16:13:08 +0000] "GET / HTTP/1.1" 301 162 "-" "Python/3.6 aiohttp/3.6.0"
34.76.238.151 - - [05/Oct/2019:16:13:13 +0000] "GET / HTTP/1.1" 301 162 "-" "Python/3.6 aiohttp/3.6.0"
137.226.113.34 - - [05/Oct/2019:20:13:20 +0000] "GET / HTTP/2.0" 200 23976 "-" "Mozilla/5.0 (X11; Ubuntu; Linux x86_64; rv:50.0) Gecko/20100101 Firefox/50.0"
137.226.113.34 - - [05/Oct/2019:20:13:20 +0000] "GET /shf_Assets/favicon.ico HTTP/2.0" 200 15086 "-" "Mozilla/5.0 (X11; Ubuntu; Linux x86_64; rv:50.0) Gecko/20100101 Firefox/50.0"
137.226.113.34 - - [05/Oct/2019:20:13:20 +0000] "GET /css/shf.css HTTP/2.0" 200 5498 "-" "Mozilla/5.0 (X11; Ubuntu; Linux x86_64; rv:50.0) Gecko/20100101 Firefox/50.0"
137.226.113.34 - - [05/Oct/2019:20:13:20 +0000] "GET /javascript/quickmenu.js HTTP/2.0" 200 15419 "-" "Mozilla/5.0 (X11; Ubuntu; Linux x86_64; rv:50.0) Gecko/20100101 Firefox/50.0"
137.226.113.34 - - [05/Oct/2019:20:13:20 +0000] "GET /javascript/utilities.js HTTP/2.0" 200 2100 "-" "Mozilla/5.0 (X11; Ubuntu; Linux x86_64; rv:50.0) Gecko/20100101 Firefox/50.0"
137.226.113.34 - - [05/Oct/2019:20:13:20 +0000] "GET /css/quickmenu.css HTTP/2.0" 200 4355 "-" "Mozilla/5.0 (X11; Ubuntu; Linux x86_64; rv:50.0) Gecko/20100101 Firefox/50.0"
137.226.113.34 - - [05/Oct/2019:20:13:20 +0000] "GET /shf_Assets/banner7.jpg HTTP/2.0" 200 29732 "-" "Mozilla/5.0 (X11; Ubuntu; Linux x86_64; rv:50.0) Gecko/20100101 Firefox/50.0"
137.226.113.34 - - [05/Oct/2019:20:13:20 +0000] "GET /shf_Assets/blksmith.jpg HTTP/2.0" 200 2638 "-" "Mozilla/5.0 (X11; Ubuntu; Linux x86_64; rv:50.0) Gecko/20100101 Firefox/50.0"
137.226.113.34 - - [05/Oct/2019:20:13:20 +0000] "GET /shf_Assets/memory.jpg HTTP/2.0" 200 3290 "-" "Mozilla/5.0 (X11; Ubuntu; Linux x86_64; rv:50.0) Gecko/20100101 Firefox/50.0"
137.226.113.34 - - [05/Oct/2019:20:13:20 +0000] "GET /shf_Assets/hands.gif HTTP/2.0" 200 3098 "-" "Mozilla/5.0 (X11; Ubuntu; Linux x86_64; rv:50.0) Gecko/20100101 Firefox/50.0"
137.226.113.34 - - [05/Oct/2019:20:13:20 +0000] "GET /shf_Assets/books-2.jpg HTTP/2.0" 200 6237 "-" "Mozilla/5.0 (X11; Ubuntu; Linux x86_64; rv:50.0) Gecko/20100101 Firefox/50.0"
137.226.113.34 - - [05/Oct/2019:20:13:20 +0000] "GET /shf_Assets/buildings.gif HTTP/2.0" 200 2847 "-" "Mozilla/5.0 (X11; Ubuntu; Linux x86_64; rv:50.0) Gecko/20100101 Firefox/50.0"
137.226.113.34 - - [05/Oct/2019:20:13:20 +0000] "GET /shf_Assets/microphone.gif HTTP/2.0" 200 1808 "-" "Mozilla/5.0 (X11; Ubuntu; Linux x86_64; rv:50.0) Gecko/20100101 Firefox/50.0"
137.226.113.34 - - [05/Oct/2019:20:13:20 +0000] "GET /shf_Assets/bike.jpg HTTP/2.0" 200 4080 "-" "Mozilla/5.0 (X11; Ubuntu; Linux x86_64; rv:50.0) Gecko/20100101 Firefox/50.0"
137.226.113.34 - - [05/Oct/2019:20:13:20 +0000] "GET /shf_Assets/amazon.jpg HTTP/2.0" 200 4531 "-" "Mozilla/5.0 (X11; Ubuntu; Linux x86_64; rv:50.0) Gecko/20100101 Firefox/50.0"
137.226.113.34 - - [05/Oct/2019:20:13:20 +0000] "GET /shf_Assets/ForTheLoveOfApricots.png HTTP/2.0" 200 28037 "-" "Mozilla/5.0 (X11; Ubuntu; Linux x86_64; rv:50.0) Gecko/20100101 Firefox/50.0"
137.226.113.34 - - [05/Oct/2019:20:13:20 +0000] "GET /shf_Assets/Apricot.png HTTP/2.0" 200 50303 "-" "Mozilla/5.0 (X11; Ubuntu; Linux x86_64; rv:50.0) Gecko/20100101 Firefox/50.0"
209.58.129.100 - - [05/Oct/2019:22:32:54 +0000] "GET / HTTP/1.1" 301 162 "-" "Screaming Frog SEO Spider/11.3"
66.249.64.229 - - [05/Oct/2019:23:37:31 +0000] "GET /History/PIrailroad.htm HTTP/1.1" 200 26233 "-" "Mozilla/5.0 (Linux; Android 6.0.1; Nexus 5X Build/MMB29P) AppleWebKit/537.36 (KHTML, like Gecko) Chrome/41.0.2272.96 Mobile Safari/537.36 (compatible; Googlebot/2.1; +http://www.google.com/bot.html)"
157.55.39.3 - - [06/Oct/2019:01:56:23 +0000] "GET /robots.txt HTTP/1.1" 301 162 "-" "Mozilla/5.0 (compatible; bingbot/2.0; +http://www.bing.com/bingbot.htm)"
157.55.39.3 - - [06/Oct/2019:01:56:24 +0000] "GET /robots.txt HTTP/1.1" 301 162 "-" "Mozilla/5.0 (compatible; bingbot/2.0; +http://www.bing.com/bingbot.htm)"
66.249.64.226 - - [06/Oct/2019:02:33:44 +0000] "GET /newsletters/2014_March.pdf HTTP/1.1" 200 9706459 "-" "Mozilla/5.0 (Linux; Android 6.0.1; Nexus 5X Build/MMB29P) AppleWebKit/537.36 (KHTML, like Gecko) Chrome/41.0.2272.96 Mobile Safari/537.36 (compatible; Googlebot/2.1; +http://www.google.com/bot.html)"
66.249.64.231 - - [06/Oct/2019:02:33:52 +0000] "GET /newsletters/2013_January.pdf HTTP/1.1" 200 11544276 "-" "Mozilla/5.0 (Linux; Android 6.0.1; Nexus 5X Build/MMB29P) AppleWebKit/537.36 (KHTML, like Gecko) Chrome/41.0.2272.96 Mobile Safari/537.36 (compatible; Googlebot/2.1; +http://www.google.com/bot.html)"
66.249.64.227 - - [06/Oct/2019:02:34:18 +0000] "GET /newsletters/2016_January.pdf HTTP/1.1" 200 2608090 "-" "Mozilla/5.0 (Linux; Android 6.0.1; Nexus 5X Build/MMB29P) AppleWebKit/537.36 (KHTML, like Gecko) Chrome/41.0.2272.96 Mobile Safari/537.36 (compatible; Googlebot/2.1; +http://www.google.com/bot.html)"
66.249.64.231 - - [06/Oct/2019:02:34:29 +0000] "GET /newsletters/2018_May.pdf HTTP/1.1" 200 762065 "-" "Mozilla/5.0 (Linux; Android 6.0.1; Nexus 5X Build/MMB29P) AppleWebKit/537.36 (KHTML, like Gecko) Chrome/41.0.2272.96 Mobile Safari/537.36 (compatible; Googlebot/2.1; +http://www.google.com/bot.html)"
66.249.64.231 - - [06/Oct/2019:02:34:57 +0000] "GET /newsletters/2018_January.pdf HTTP/1.1" 200 777555 "-" "Mozilla/5.0 (Linux; Android 6.0.1; Nexus 5X Build/MMB29P) AppleWebKit/537.36 (KHTML, like Gecko) Chrome/41.0.2272.96 Mobile Safari/537.36 (compatible; Googlebot/2.1; +http://www.google.com/bot.html)"
66.249.64.229 - - [06/Oct/2019:02:35:18 +0000] "GET /newsletters/2010_July.pdf HTTP/1.1" 200 13315840 "-" "Mozilla/5.0 (Linux; Android 6.0.1; Nexus 5X Build/MMB29P) AppleWebKit/537.36 (KHTML, like Gecko) Chrome/41.0.2272.96 Mobile Safari/537.36 (compatible; Googlebot/2.1; +http://www.google.com/bot.html)"
66.249.64.227 - - [06/Oct/2019:02:35:25 +0000] "GET /newsletters/2009_Sept.pdf HTTP/1.1" 200 1915491 "-" "Mozilla/5.0 (Linux; Android 6.0.1; Nexus 5X Build/MMB29P) AppleWebKit/537.36 (KHTML, like Gecko) Chrome/41.0.2272.96 Mobile Safari/537.36 (compatible; Googlebot/2.1; +http://www.google.com/bot.html)"
66.249.64.226 - - [06/Oct/2019:02:35:39 +0000] "GET /newsletters/2011_January.pdf HTTP/1.1" 200 8008441 "-" "Mozilla/5.0 (Linux; Android 6.0.1; Nexus 5X Build/MMB29P) AppleWebKit/537.36 (KHTML, like Gecko) Chrome/41.0.2272.96 Mobile Safari/537.36 (compatible; Googlebot/2.1; +http://www.google.com/bot.html)"
66.249.64.235 - - [06/Oct/2019:02:35:46 +0000] "GET /newsletters/2016_October.pdf HTTP/1.1" 200 293772 "-" "Mozilla/5.0 (Linux; Android 6.0.1; Nexus 5X Build/MMB29P) AppleWebKit/537.36 (KHTML, like Gecko) Chrome/41.0.2272.96 Mobile Safari/537.36 (compatible; Googlebot/2.1; +http://www.google.com/bot.html)"
66.249.64.229 - - [06/Oct/2019:02:36:02 +0000] "GET /newsletters/2012_January.pdf HTTP/1.1" 200 6324508 "-" "Mozilla/5.0 (Linux; Android 6.0.1; Nexus 5X Build/MMB29P) AppleWebKit/537.36 (KHTML, like Gecko) Chrome/41.0.2272.96 Mobile Safari/537.36 (compatible; Googlebot/2.1; +http://www.google.com/bot.html)"
66.249.64.226 - - [06/Oct/2019:02:36:12 +0000] "GET /newsletters/2009_July.pdf HTTP/1.1" 200 1583700 "-" "Mozilla/5.0 (Linux; Android 6.0.1; Nexus 5X Build/MMB29P) AppleWebKit/537.36 (KHTML, like Gecko) Chrome/41.0.2272.96 Mobile Safari/537.36 (compatible; Googlebot/2.1; +http://www.google.com/bot.html)"
66.249.64.229 - - [06/Oct/2019:02:36:23 +0000] "GET /newsletters/2010_Sept.pdf HTTP/1.1" 200 477950 "-" "Mozilla/5.0 (Linux; Android 6.0.1; Nexus 5X Build/MMB29P) AppleWebKit/537.36 (KHTML, like Gecko) Chrome/41.0.2272.96 Mobile Safari/537.36 (compatible; Googlebot/2.1; +http://www.google.com/bot.html)"
66.249.64.227 - - [06/Oct/2019:02:36:36 +0000] "GET /newsletters/2008_Sept.pdf HTTP/1.1" 200 2513444 "-" "Mozilla/5.0 (Linux; Android 6.0.1; Nexus 5X Build/MMB29P) AppleWebKit/537.36 (KHTML, like Gecko) Chrome/41.0.2272.96 Mobile Safari/537.36 (compatible; Googlebot/2.1; +http://www.google.com/bot.html)"
66.249.64.229 - - [06/Oct/2019:02:36:53 +0000] "GET /newsletters/2013_July.pdf HTTP/1.1" 200 8006903 "-" "Mozilla/5.0 (Linux; Android 6.0.1; Nexus 5X Build/MMB29P) AppleWebKit/537.36 (KHTML, like Gecko) Chrome/41.0.2272.96 Mobile Safari/537.36 (compatible; Googlebot/2.1; +http://www.google.com/bot.html)"
66.249.64.227 - - [06/Oct/2019:02:37:10 +0000] "GET /newsletters/2015_March.pdf HTTP/1.1" 200 1462052 "-" "Mozilla/5.0 (Linux; Android 6.0.1; Nexus 5X Build/MMB29P) AppleWebKit/537.36 (KHTML, like Gecko) Chrome/41.0.2272.96 Mobile Safari/537.36 (compatible; Googlebot/2.1; +http://www.google.com/bot.html)"
66.249.64.226 - - [06/Oct/2019:02:37:21 +0000] "GET /newsletters/2018_March.pdf HTTP/1.1" 200 842483 "-" "Mozilla/5.0 (Linux; Android 6.0.1; Nexus 5X Build/MMB29P) AppleWebKit/537.36 (KHTML, like Gecko) Chrome/41.0.2272.96 Mobile Safari/537.36 (compatible; Googlebot/2.1; +http://www.google.com/bot.html)"
66.249.64.226 - - [06/Oct/2019:02:37:34 +0000] "GET /newsletters/2018_November.pdf HTTP/1.1" 200 776647 "-" "Mozilla/5.0 (Linux; Android 6.0.1; Nexus 5X Build/MMB29P) AppleWebKit/537.36 (KHTML, like Gecko) Chrome/41.0.2272.96 Mobile Safari/537.36 (compatible; Googlebot/2.1; +http://www.google.com/bot.html)"
66.249.64.226 - - [06/Oct/2019:02:37:49 +0000] "GET /newsletters/2013_March.pdf HTTP/1.1" 200 7578502 "-" "Mozilla/5.0 (Linux; Android 6.0.1; Nexus 5X Build/MMB29P) AppleWebKit/537.36 (KHTML, like Gecko) Chrome/41.0.2272.96 Mobile Safari/537.36 (compatible; Googlebot/2.1; +http://www.google.com/bot.html)"
66.249.64.226 - - [06/Oct/2019:02:38:03 +0000] "GET /newsletters/2012_March.pdf HTTP/1.1" 200 5152947 "-" "Mozilla/5.0 (Linux; Android 6.0.1; Nexus 5X Build/MMB29P) AppleWebKit/537.36 (KHTML, like Gecko) Chrome/41.0.2272.96 Mobile Safari/537.36 (compatible; Googlebot/2.1; +http://www.google.com/bot.html)"
66.249.64.227 - - [06/Oct/2019:02:38:12 +0000] "GET /newsletters/2010_March.pdf HTTP/1.1" 200 650827 "-" "Mozilla/5.0 (Linux; Android 6.0.1; Nexus 5X Build/MMB29P) AppleWebKit/537.36 (KHTML, like Gecko) Chrome/41.0.2272.96 Mobile Safari/537.36 (compatible; Googlebot/2.1; +http://www.google.com/bot.html)"
66.249.64.227 - - [06/Oct/2019:02:38:24 +0000] "GET /newsletters/2016_March.pdf HTTP/1.1" 200 253061 "-" "Mozilla/5.0 (Linux; Android 6.0.1; Nexus 5X Build/MMB29P) AppleWebKit/537.36 (KHTML, like Gecko) Chrome/41.0.2272.96 Mobile Safari/537.36 (compatible; Googlebot/2.1; +http://www.google.com/bot.html)"
66.249.64.226 - - [06/Oct/2019:02:38:37 +0000] "GET /newsletters/2016_July.pdf HTTP/1.1" 200 244060 "-" "Mozilla/5.0 (Linux; Android 6.0.1; Nexus 5X Build/MMB29P) AppleWebKit/537.36 (KHTML, like Gecko) Chrome/41.0.2272.96 Mobile Safari/537.36 (compatible; Googlebot/2.1; +http://www.google.com/bot.html)"
66.249.64.226 - - [06/Oct/2019:02:38:39 +0000] "GET /newsletters/2017_August.pdf HTTP/1.1" 200 359207 "-" "Mozilla/5.0 (Linux; Android 6.0.1; Nexus 5X Build/MMB29P) AppleWebKit/537.36 (KHTML, like Gecko) Chrome/41.0.2272.96 Mobile Safari/537.36 (compatible; Googlebot/2.1; +http://www.google.com/bot.html)"
66.249.64.226 - - [06/Oct/2019:02:38:57 +0000] "GET /newsletters/2014_November.pdf HTTP/1.1" 200 8095247 "-" "Mozilla/5.0 (Linux; Android 6.0.1; Nexus 5X Build/MMB29P) AppleWebKit/537.36 (KHTML, like Gecko) Chrome/41.0.2272.96 Mobile Safari/537.36 (compatible; Googlebot/2.1; +http://www.google.com/bot.html)"
66.249.64.227 - - [06/Oct/2019:02:39:14 +0000] "GET /newsletters/2015_November.pdf HTTP/1.1" 200 7602799 "-" "Mozilla/5.0 (Linux; Android 6.0.1; Nexus 5X Build/MMB29P) AppleWebKit/537.36 (KHTML, like Gecko) Chrome/41.0.2272.96 Mobile Safari/537.36 (compatible; Googlebot/2.1; +http://www.google.com/bot.html)"
66.249.64.229 - - [06/Oct/2019:02:39:24 +0000] "GET /newsletters/2015_September.pdf HTTP/1.1" 200 5823262 "-" "Mozilla/5.0 (Linux; Android 6.0.1; Nexus 5X Build/MMB29P) AppleWebKit/537.36 (KHTML, like Gecko) Chrome/41.0.2272.96 Mobile Safari/537.36 (compatible; Googlebot/2.1; +http://www.google.com/bot.html)"
66.249.64.227 - - [06/Oct/2019:02:39:34 +0000] "GET /newsletters/2012_September.pdf HTTP/1.1" 200 3963613 "-" "Mozilla/5.0 (Linux; Android 6.0.1; Nexus 5X Build/MMB29P) AppleWebKit/537.36 (KHTML, like Gecko) Chrome/41.0.2272.96 Mobile Safari/537.36 (compatible; Googlebot/2.1; +http://www.google.com/bot.html)"
66.249.64.226 - - [06/Oct/2019:02:39:50 +0000] "GET /newsletters/2014_January.pdf HTTP/1.1" 200 5699817 "-" "Mozilla/5.0 (Linux; Android 6.0.1; Nexus 5X Build/MMB29P) AppleWebKit/537.36 (KHTML, like Gecko) Chrome/41.0.2272.96 Mobile Safari/537.36 (compatible; Googlebot/2.1; +http://www.google.com/bot.html)"
66.249.64.226 - - [06/Oct/2019:02:40:00 +0000] "GET /newsletters/2015_January.pdf HTTP/1.1" 200 2914568 "-" "Mozilla/5.0 (Linux; Android 6.0.1; Nexus 5X Build/MMB29P) AppleWebKit/537.36 (KHTML, like Gecko) Chrome/41.0.2272.96 Mobile Safari/537.36 (compatible; Googlebot/2.1; +http://www.google.com/bot.html)"
66.249.64.227 - - [06/Oct/2019:02:40:16 +0000] "GET /newsletters/2013_September.pdf HTTP/1.1" 200 9718000 "-" "Mozilla/5.0 (Linux; Android 6.0.1; Nexus 5X Build/MMB29P) AppleWebKit/537.36 (KHTML, like Gecko) Chrome/41.0.2272.96 Mobile Safari/537.36 (compatible; Googlebot/2.1; +http://www.google.com/bot.html)"
66.249.64.231 - - [06/Oct/2019:02:40:26 +0000] "GET /newsletters/2019_January.pdf HTTP/1.1" 200 773093 "-" "Mozilla/5.0 (Linux; Android 6.0.1; Nexus 5X Build/MMB29P) AppleWebKit/537.36 (KHTML, like Gecko) Chrome/41.0.2272.96 Mobile Safari/537.36 (compatible; Googlebot/2.1; +http://www.google.com/bot.html)"
66.249.64.227 - - [06/Oct/2019:02:40:37 +0000] "GET /newsletters/2017_January.pdf HTTP/1.1" 200 2287106 "-" "Mozilla/5.0 (Linux; Android 6.0.1; Nexus 5X Build/MMB29P) AppleWebKit/537.36 (KHTML, like Gecko) Chrome/41.0.2272.96 Mobile Safari/537.36 (compatible; Googlebot/2.1; +http://www.google.com/bot.html)"
66.249.64.227 - - [06/Oct/2019:02:40:52 +0000] "GET /newsletters/2011_November.pdf HTTP/1.1" 200 8754833 "-" "Mozilla/5.0 (Linux; Android 6.0.1; Nexus 5X Build/MMB29P) AppleWebKit/537.36 (KHTML, like Gecko) Chrome/41.0.2272.96 Mobile Safari/537.36 (compatible; Googlebot/2.1; +http://www.google.com/bot.html)"
66.249.64.237 - - [06/Oct/2019:02:40:54 +0000] "GET /newsletters/2017_November.pdf HTTP/1.1" 200 314014 "-" "Mozilla/5.0 (Linux; Android 6.0.1; Nexus 5X Build/MMB29P) AppleWebKit/537.36 (KHTML, like Gecko) Chrome/41.0.2272.96 Mobile Safari/537.36 (compatible; Googlebot/2.1; +http://www.google.com/bot.html)"
66.249.64.233 - - [06/Oct/2019:02:41:01 +0000] "GET /newsletters/2012_November.pdf HTTP/1.1" 200 9424603 "-" "Mozilla/5.0 (Linux; Android 6.0.1; Nexus 5X Build/MMB29P) AppleWebKit/537.36 (KHTML, like Gecko) Chrome/41.0.2272.96 Mobile Safari/537.36 (compatible; Googlebot/2.1; +http://www.google.com/bot.html)"
66.249.64.227 - - [06/Oct/2019:02:41:15 +0000] "GET /newsletters/2010_November.pdf HTTP/1.1" 200 15252526 "-" "Mozilla/5.0 (Linux; Android 6.0.1; Nexus 5X Build/MMB29P) AppleWebKit/537.36 (KHTML, like Gecko) Chrome/41.0.2272.96 Mobile Safari/537.36 (compatible; Googlebot/2.1; +http://www.google.com/bot.html)"
66.249.64.235 - - [06/Oct/2019:02:41:32 +0000] "GET /newsletters/2013_November.pdf HTTP/1.1" 200 10341808 "-" "Mozilla/5.0 (Linux; Android 6.0.1; Nexus 5X Build/MMB29P) AppleWebKit/537.36 (KHTML, like Gecko) Chrome/41.0.2272.96 Mobile Safari/537.36 (compatible; Googlebot/2.1; +http://www.google.com/bot.html)"
66.249.64.233 - - [06/Oct/2019:02:41:47 +0000] "GET /newsletters/2011_September.pdf HTTP/1.1" 200 7740265 "-" "Mozilla/5.0 (Linux; Android 6.0.1; Nexus 5X Build/MMB29P) AppleWebKit/537.36 (KHTML, like Gecko) Chrome/41.0.2272.96 Mobile Safari/537.36 (compatible; Googlebot/2.1; +http://www.google.com/bot.html)"
66.249.64.239 - - [06/Oct/2019:02:42:03 +0000] "GET /newsletters/2014_September.pdf HTTP/1.1" 200 4027035 "-" "Mozilla/5.0 (Linux; Android 6.0.1; Nexus 5X Build/MMB29P) AppleWebKit/537.36 (KHTML, like Gecko) Chrome/41.0.2272.96 Mobile Safari/537.36 (compatible; Googlebot/2.1; +http://www.google.com/bot.html)"
66.249.64.231 - - [06/Oct/2019:02:42:16 +0000] "GET /newsletters/2018_July-September.pdf HTTP/1.1" 200 849538 "-" "Mozilla/5.0 (Linux; Android 6.0.1; Nexus 5X Build/MMB29P) AppleWebKit/537.36 (KHTML, like Gecko) Chrome/41.0.2272.96 Mobile Safari/537.36 (compatible; Googlebot/2.1; +http://www.google.com/bot.html)"
66.249.64.229 - - [06/Oct/2019:02:49:38 +0000] "GET / HTTP/1.1" 200 23976 "-" "Mozilla/5.0 (Linux; Android 6.0.1; Nexus 5X Build/MMB29P) AppleWebKit/537.36 (KHTML, like Gecko) Chrome/41.0.2272.96 Mobile Safari/537.36 (compatible; Googlebot/2.1; +http://www.google.com/bot.html)"
137.226.113.28 - - [06/Oct/2019:03:25:03 +0000] "GET / HTTP/1.0" 200 1792 "-" "Mozilla/5.0 zgrab/0.x (compatible; Researchscan/t12ca; +http://researchscan.comsys.rwth-aachen.de)"
137.226.113.28 - - [06/Oct/2019:08:30:46 +0000] "GET / HTTP/1.0" 200 1792 "-" "Mozilla/5.0 zgrab/0.x (compatible; Researchscan/t12sns; +http://researchscan.comsys.rwth-aachen.de)"
66.249.64.227 - - [06/Oct/2019:10:12:16 +0000] "GET /ads.txt HTTP/1.0" 404 2649 "-" "Mozilla/5.0 (compatible; Googlebot/2.1; +http://www.google.com/bot.html)"
66.249.64.227 - - [06/Oct/2019:13:53:44 +0000] "GET /robots.txt HTTP/1.0" 200 2506 "-" "Mozilla/5.0 (compatible; Googlebot/2.1; +http://www.google.com/bot.html)"
66.249.64.226 - - [06/Oct/2019:13:53:44 +0000] "GET / HTTP/1.0" 200 410 "-" "Mozilla/5.0 (Linux; Android 6.0.1; Nexus 5X Build/MMB29P) AppleWebKit/537.36 (KHTML, like Gecko) Chrome/41.0.2272.96 Mobile Safari/537.36 (compatible; Googlebot/2.1; +http://www.google.com/bot.html)"
220.243.135.180 - - [06/Oct/2019:18:22:03 +0000] "GET /robots.txt HTTP/1.0" 200 2506 "-" "Mozilla/5.0 (iPhone; CPU iPhone OS 11_0 like Mac OS X) AppleWebKit/537.36 (KHTML, like Gecko) Chrome/52.0.7084.1074 Mobile Safari/537.36"
137.226.113.28 - - [06/Oct/2019:03:25:03 +0000] "GET / HTTP/1.1" 200 23976 "-" "Mozilla/5.0 zgrab/0.x (compatible; Researchscan/t12ca; +http://researchscan.comsys.rwth-aachen.de)"
137.226.113.28 - - [06/Oct/2019:08:30:46 +0000] "GET / HTTP/1.1" 200 23976 "-" "Mozilla/5.0 zgrab/0.x (compatible; Researchscan/t12sns; +http://researchscan.comsys.rwth-aachen.de)"
66.249.70.17 - - [06/Oct/2019:10:12:15 +0000] "GET /ads.txt HTTP/1.1" 301 162 "-" "Mozilla/5.0 (compatible; Googlebot/2.1; +http://www.google.com/bot.html)"
66.249.64.226 - - [06/Oct/2019:13:53:44 +0000] "GET / HTTP/1.1" 200 23976 "-" "Mozilla/5.0 (Linux; Android 6.0.1; Nexus 5X Build/MMB29P) AppleWebKit/537.36 (KHTML, like Gecko) Chrome/41.0.2272.96 Mobile Safari/537.36 (compatible; Googlebot/2.1; +http://www.google.com/bot.html)"
37.97.149.117 - - [06/Oct/2019:14:37:31 +0000] "HEAD / HTTP/1.0" 301 0 "-" "HTTPing v2.5"
220.243.135.178 - - [06/Oct/2019:18:21:56 +0000] "GET /robots.txt HTTP/1.1" 301 162 "-" "Mozilla/5.0 (iPhone; CPU iPhone OS 11_0 like Mac OS X) AppleWebKit/537.36 (KHTML, like Gecko) Chrome/52.0.7084.1074 Mobile Safari/537.36"
141.8.188.193 - - [07/Oct/2019:09:08:32 +0000] "GET /robots.txt HTTP/1.0" 200 2506 "-" "Mozilla/5.0 (compatible; YandexBot/3.0; +http://yandex.com/bots)"
141.8.188.193 - - [07/Oct/2019:09:08:35 +0000] "GET /favicon.ico HTTP/1.0" 200 427 "-" "Mozilla/5.0 (compatible; YandexBot/3.0; +http://yandex.com/bots)"
66.249.73.76 - - [07/Oct/2019:12:11:56 +0000] "GET /ads.txt HTTP/1.0" 404 2649 "-" "Mozilla/5.0 (compatible; Googlebot/2.1; +http://www.google.com/bot.html)"
66.249.73.78 - - [07/Oct/2019:17:03:36 +0000] "GET /robots.txt HTTP/1.0" 200 2506 "-" "Mozilla/5.0 (compatible; Googlebot/2.1; +http://www.google.com/bot.html)"
66.249.73.76 - - [07/Oct/2019:17:03:36 +0000] "GET / HTTP/1.0" 200 410 "-" "Mozilla/5.0 (Linux; Android 6.0.1; Nexus 5X Build/MMB29P) AppleWebKit/537.36 (KHTML, like Gecko) Chrome/41.0.2272.96 Mobile Safari/537.36 (compatible; Googlebot/2.1; +http://www.google.com/bot.html)"
207.46.13.228 - - [08/Oct/2019:02:56:18 +0000] "GET /robots.txt HTTP/1.0" 200 1124 "-" "Mozilla/5.0 (compatible; bingbot/2.0; +http://www.bing.com/bingbot.htm)"
207.46.13.228 - - [08/Oct/2019:02:56:18 +0000] "GET /robots.txt HTTP/1.0" 200 1124 "-" "Mozilla/5.0 (compatible; bingbot/2.0; +http://www.bing.com/bingbot.htm)"
141.8.188.193 - - [07/Oct/2019:09:08:36 +0000] "GET /favicon.ico HTTP/1.1" 200 113459 "-" "Mozilla/5.0 (compatible; YandexBot/3.0; +http://yandex.com/bots)"
66.249.73.76 - - [07/Oct/2019:17:03:36 +0000] "GET / HTTP/1.1" 200 23976 "-" "Mozilla/5.0 (Linux; Android 6.0.1; Nexus 5X Build/MMB29P) AppleWebKit/537.36 (KHTML, like Gecko) Chrome/41.0.2272.96 Mobile Safari/537.36 (compatible; Googlebot/2.1; +http://www.google.com/bot.html)"
129.78.110.131 - - [07/Oct/2019:20:32:49 +0000] "HEAD / HTTP/1.1" 301 0 "-" "Mozilla/5.0 (Windows NT 6.1; Win64; x64) AppleWebKit/537.36 (KHTML, like Gecko) Chrome/40.0.2214.85 Safari/537.36"
66.249.69.148 - - [08/Oct/2019:07:58:07 +0000] "GET /ads.txt HTTP/1.0" 404 2649 "-" "Mozilla/5.0 (compatible; Googlebot/2.1; +http://www.google.com/bot.html)"
34.222.159.40 - - [08/Oct/2019:12:04:19 +0000] "GET / HTTP/1.0" 200 1792 "-" "Mozilla/5.0 (Macintosh; Intel Mac OS X 10_13_6) AppleWebKit/537.36 (KHTML, like Gecko) Chrome/76.0.3809.100 Safari/537.36"
159.138.152.235 - - [08/Oct/2019:12:49:17 +0000] "GET /robots.txt HTTP/1.0" 200 2506 "" "Mozilla/5.0(Linux;Android 5.1.1;OPPO A33 Build/LMY47V;wv) AppleWebKit/537.36(KHTML,link Gecko) Version/4.0 Chrome/42.0.2311.138 Mobile Safari/537.36 Mb2345Browser/9.0"
157.55.39.43 - - [08/Oct/2019:15:25:49 +0000] "GET /robots.txt HTTP/1.0" 200 2506 "-" "Mozilla/5.0 (compatible; bingbot/2.0; +http://www.bing.com/bingbot.htm)"
157.55.39.43 - - [08/Oct/2019:15:25:50 +0000] "GET /robots.txt HTTP/1.0" 200 1124 "-" "Mozilla/5.0 (compatible; bingbot/2.0; +http://www.bing.com/bingbot.htm)"
157.55.39.23 - - [08/Oct/2019:20:36:48 +0000] "GET /robots.txt HTTP/1.0" 200 2506 "-" "Mozilla/5.0 (compatible; bingbot/2.0; +http://www.bing.com/bingbot.htm)"
157.55.39.23 - - [08/Oct/2019:20:36:48 +0000] "GET /robots.txt HTTP/1.0" 200 1124 "-" "Mozilla/5.0 (compatible; bingbot/2.0; +http://www.bing.com/bingbot.htm)"
69.30.213.202 - - [09/Oct/2019:01:51:47 +0000] "GET /robots.txt HTTP/1.0" 200 1124 "-" "Mozilla/5.0 (compatible; MJ12bot/v1.4.8; http://mj12bot.com/)"
34.222.159.40 - - [08/Oct/2019:12:04:19 +0000] "GET / HTTP/1.1" 301 162 "-" "Mozilla/5.0 (Macintosh; Intel Mac OS X 10_13_6) AppleWebKit/537.36 (KHTML, like Gecko) Chrome/76.0.3809.100 Safari/537.36"
34.222.159.40 - - [08/Oct/2019:12:04:19 +0000] "GET / HTTP/1.1" 200 23976 "-" "Mozilla/5.0 (Macintosh; Intel Mac OS X 10_13_6) AppleWebKit/537.36 (KHTML, like Gecko) Chrome/76.0.3809.100 Safari/537.36"
157.55.39.43 - - [08/Oct/2019:15:25:49 +0000] "GET /robots.txt HTTP/1.1" 301 162 "-" "Mozilla/5.0 (compatible; bingbot/2.0; +http://www.bing.com/bingbot.htm)"
157.55.39.43 - - [08/Oct/2019:15:25:49 +0000] "GET /robots.txt HTTP/1.1" 301 162 "-" "Mozilla/5.0 (compatible; bingbot/2.0; +http://www.bing.com/bingbot.htm)"
66.249.69.149 - - [09/Oct/2019:05:36:32 +0000] "GET /robots.txt HTTP/1.0" 200 2506 "-" "Mozilla/5.0 (compatible; Googlebot/2.1; +http://www.google.com/bot.html)"
66.249.69.150 - - [09/Oct/2019:05:36:32 +0000] "GET /ads.txt HTTP/1.0" 404 1267 "-" "Mozilla/5.0 (compatible; Googlebot/2.1; +http://www.google.com/bot.html)"
198.143.158.82 - - [09/Oct/2019:05:54:21 +0000] "GET / HTTP/1.0" 200 410 "-" "Mozilla/5.0 (Windows NT 10.0; WOW64) AppleWebKit/537.36 (KHTML, like Gecko) Chrome/66.0.3359.117 Safari/537.36"
137.226.113.26 - - [09/Oct/2019:08:03:53 +0000] "GET / HTTP/1.0" 200 1792 "-" "Mozilla/5.0 zgrab/0.x (compatible; Researchscan/t13rl; +http://researchscan.comsys.rwth-aachen.de)"
66.249.75.166 - - [10/Oct/2019:01:00:15 +0000] "GET /ads.txt HTTP/1.0" 404 2649 "-" "Mozilla/5.0 (compatible; Googlebot/2.1; +http://www.google.com/bot.html)"
137.226.113.34 - - [10/Oct/2019:01:56:55 +0000] "GET / HTTP/1.0" 200 1792 "-" "Mozilla/5.0 (X11; Ubuntu; Linux x86_64; rv:50.0) Gecko/20100101 Firefox/50.0"
137.226.113.34 - - [10/Oct/2019:01:56:56 +0000] "GET /shf_Assets/favicon.ico HTTP/1.0" 200 438 "-" "Mozilla/5.0 (X11; Ubuntu; Linux x86_64; rv:50.0) Gecko/20100101 Firefox/50.0"
137.226.113.34 - - [10/Oct/2019:01:56:56 +0000] "GET /css/quickmenu.css HTTP/1.0" 200 417 "-" "Mozilla/5.0 (X11; Ubuntu; Linux x86_64; rv:50.0) Gecko/20100101 Firefox/50.0"
137.226.113.34 - - [10/Oct/2019:01:56:56 +0000] "GET /css/shf.css HTTP/1.0" 200 411 "-" "Mozilla/5.0 (X11; Ubuntu; Linux x86_64; rv:50.0) Gecko/20100101 Firefox/50.0"
137.226.113.34 - - [10/Oct/2019:01:56:56 +0000] "GET /javascript/utilities.js HTTP/1.0" 200 437 "-" "Mozilla/5.0 (X11; Ubuntu; Linux x86_64; rv:50.0) Gecko/20100101 Firefox/50.0"
137.226.113.34 - - [10/Oct/2019:01:56:56 +0000] "GET /javascript/quickmenu.js HTTP/1.0" 200 437 "-" "Mozilla/5.0 (X11; Ubuntu; Linux x86_64; rv:50.0) Gecko/20100101 Firefox/50.0"
137.226.113.34 - - [10/Oct/2019:01:56:56 +0000] "GET /shf_Assets/banner7.jpg HTTP/1.0" 200 424 "-" "Mozilla/5.0 (X11; Ubuntu; Linux x86_64; rv:50.0) Gecko/20100101 Firefox/50.0"
137.226.113.34 - - [10/Oct/2019:01:56:56 +0000] "GET /shf_Assets/ForTheLoveOfApricots.png HTTP/1.0" 200 436 "-" "Mozilla/5.0 (X11; Ubuntu; Linux x86_64; rv:50.0) Gecko/20100101 Firefox/50.0"
137.226.113.34 - - [10/Oct/2019:01:56:56 +0000] "GET /shf_Assets/Apricot.png HTTP/1.0" 200 423 "-" "Mozilla/5.0 (X11; Ubuntu; Linux x86_64; rv:50.0) Gecko/20100101 Firefox/50.0"
137.226.113.34 - - [10/Oct/2019:01:56:56 +0000] "GET /shf_Assets/blksmith.jpg HTTP/1.0" 200 425 "-" "Mozilla/5.0 (X11; Ubuntu; Linux x86_64; rv:50.0) Gecko/20100101 Firefox/50.0"
137.226.113.34 - - [10/Oct/2019:01:56:56 +0000] "GET /shf_Assets/buildings.gif HTTP/1.0" 200 425 "-" "Mozilla/5.0 (X11; Ubuntu; Linux x86_64; rv:50.0) Gecko/20100101 Firefox/50.0"
137.226.113.34 - - [10/Oct/2019:01:56:56 +0000] "GET /shf_Assets/memory.jpg HTTP/1.0" 200 423 "-" "Mozilla/5.0 (X11; Ubuntu; Linux x86_64; rv:50.0) Gecko/20100101 Firefox/50.0"
137.226.113.34 - - [10/Oct/2019:01:56:56 +0000] "GET /shf_Assets/bike.jpg HTTP/1.0" 200 421 "-" "Mozilla/5.0 (X11; Ubuntu; Linux x86_64; rv:50.0) Gecko/20100101 Firefox/50.0"
137.226.113.34 - - [10/Oct/2019:01:56:56 +0000] "GET /shf_Assets/hands.gif HTTP/1.0" 200 421 "-" "Mozilla/5.0 (X11; Ubuntu; Linux x86_64; rv:50.0) Gecko/20100101 Firefox/50.0"
137.226.113.34 - - [10/Oct/2019:01:56:56 +0000] "GET /shf_Assets/amazon.jpg HTTP/1.0" 200 423 "-" "Mozilla/5.0 (X11; Ubuntu; Linux x86_64; rv:50.0) Gecko/20100101 Firefox/50.0"
137.226.113.34 - - [10/Oct/2019:01:56:56 +0000] "GET /shf_Assets/books-2.jpg HTTP/1.0" 200 424 "-" "Mozilla/5.0 (X11; Ubuntu; Linux x86_64; rv:50.0) Gecko/20100101 Firefox/50.0"
137.226.113.34 - - [10/Oct/2019:01:56:56 +0000] "GET /shf_Assets/microphone.gif HTTP/1.0" 200 426 "-" "Mozilla/5.0 (X11; Ubuntu; Linux x86_64; rv:50.0) Gecko/20100101 Firefox/50.0"
157.55.39.21 - - [10/Oct/2019:02:18:32 +0000] "GET /robots.txt HTTP/1.0" 200 2506 "-" "Mozilla/5.0 (compatible; bingbot/2.0; +http://www.bing.com/bingbot.htm)"
157.55.39.21 - - [10/Oct/2019:02:18:42 +0000] "GET /robots.txt HTTP/1.0" 200 1124 "-" "Mozilla/5.0 (compatible; bingbot/2.0; +http://www.bing.com/bingbot.htm)"
157.55.39.21 - - [10/Oct/2019:02:20:22 +0000] "GET /robots.txt HTTP/1.0" 200 1124 "-" "Mozilla/5.0 (compatible; bingbot/2.0; +http://www.bing.com/bingbot.htm)"
157.55.39.21 - - [10/Oct/2019:02:20:30 +0000] "GET /robots.txt HTTP/1.0" 200 1124 "-" "Mozilla/5.0 (compatible; bingbot/2.0; +http://www.bing.com/bingbot.htm)"
157.55.39.21 - - [10/Oct/2019:02:22:26 +0000] "GET /robots.txt HTTP/1.0" 200 1124 "-" "Mozilla/5.0 (compatible; bingbot/2.0; +http://www.bing.com/bingbot.htm)"
157.55.39.21 - - [10/Oct/2019:02:22:27 +0000] "GET /robots.txt HTTP/1.0" 200 1124 "-" "Mozilla/5.0 (compatible; bingbot/2.0; +http://www.bing.com/bingbot.htm)"
198.143.158.82 - - [09/Oct/2019:05:54:21 +0000] "GET / HTTP/1.1" 200 23976 "-" "Mozilla/5.0 (Windows NT 10.0; WOW64) AppleWebKit/537.36 (KHTML, like Gecko) Chrome/66.0.3359.117 Safari/537.36"
137.226.113.26 - - [09/Oct/2019:08:03:53 +0000] "GET / HTTP/1.1" 200 23976 "-" "Mozilla/5.0 zgrab/0.x (compatible; Researchscan/t13rl; +http://researchscan.comsys.rwth-aachen.de)"
137.226.113.34 - - [10/Oct/2019:01:56:55 +0000] "GET / HTTP/2.0" 200 23976 "-" "Mozilla/5.0 (X11; Ubuntu; Linux x86_64; rv:50.0) Gecko/20100101 Firefox/50.0"
137.226.113.34 - - [10/Oct/2019:01:56:56 +0000] "GET /javascript/quickmenu.js HTTP/2.0" 200 15419 "-" "Mozilla/5.0 (X11; Ubuntu; Linux x86_64; rv:50.0) Gecko/20100101 Firefox/50.0"
137.226.113.34 - - [10/Oct/2019:01:56:56 +0000] "GET /css/quickmenu.css HTTP/2.0" 200 4355 "-" "Mozilla/5.0 (X11; Ubuntu; Linux x86_64; rv:50.0) Gecko/20100101 Firefox/50.0"
137.226.113.34 - - [10/Oct/2019:01:56:56 +0000] "GET /css/shf.css HTTP/2.0" 200 5498 "-" "Mozilla/5.0 (X11; Ubuntu; Linux x86_64; rv:50.0) Gecko/20100101 Firefox/50.0"
137.226.113.34 - - [10/Oct/2019:01:56:56 +0000] "GET /javascript/utilities.js HTTP/2.0" 200 2100 "-" "Mozilla/5.0 (X11; Ubuntu; Linux x86_64; rv:50.0) Gecko/20100101 Firefox/50.0"
137.226.113.34 - - [10/Oct/2019:01:56:56 +0000] "GET /shf_Assets/favicon.ico HTTP/2.0" 200 15086 "-" "Mozilla/5.0 (X11; Ubuntu; Linux x86_64; rv:50.0) Gecko/20100101 Firefox/50.0"
137.226.113.34 - - [10/Oct/2019:01:56:56 +0000] "GET /shf_Assets/ForTheLoveOfApricots.png HTTP/2.0" 200 28037 "-" "Mozilla/5.0 (X11; Ubuntu; Linux x86_64; rv:50.0) Gecko/20100101 Firefox/50.0"
137.226.113.34 - - [10/Oct/2019:01:56:56 +0000] "GET /shf_Assets/buildings.gif HTTP/2.0" 200 2847 "-" "Mozilla/5.0 (X11; Ubuntu; Linux x86_64; rv:50.0) Gecko/20100101 Firefox/50.0"
137.226.113.34 - - [10/Oct/2019:01:56:56 +0000] "GET /shf_Assets/blksmith.jpg HTTP/2.0" 200 2638 "-" "Mozilla/5.0 (X11; Ubuntu; Linux x86_64; rv:50.0) Gecko/20100101 Firefox/50.0"
137.226.113.34 - - [10/Oct/2019:01:56:56 +0000] "GET /shf_Assets/memory.jpg HTTP/2.0" 200 3290 "-" "Mozilla/5.0 (X11; Ubuntu; Linux x86_64; rv:50.0) Gecko/20100101 Firefox/50.0"
137.226.113.34 - - [10/Oct/2019:01:56:56 +0000] "GET /shf_Assets/bike.jpg HTTP/2.0" 200 4080 "-" "Mozilla/5.0 (X11; Ubuntu; Linux x86_64; rv:50.0) Gecko/20100101 Firefox/50.0"
137.226.113.34 - - [10/Oct/2019:01:56:56 +0000] "GET /shf_Assets/hands.gif HTTP/2.0" 200 3098 "-" "Mozilla/5.0 (X11; Ubuntu; Linux x86_64; rv:50.0) Gecko/20100101 Firefox/50.0"
137.226.113.34 - - [10/Oct/2019:01:56:56 +0000] "GET /shf_Assets/amazon.jpg HTTP/2.0" 200 4531 "-" "Mozilla/5.0 (X11; Ubuntu; Linux x86_64; rv:50.0) Gecko/20100101 Firefox/50.0"
137.226.113.34 - - [10/Oct/2019:01:56:56 +0000] "GET /shf_Assets/microphone.gif HTTP/2.0" 200 1808 "-" "Mozilla/5.0 (X11; Ubuntu; Linux x86_64; rv:50.0) Gecko/20100101 Firefox/50.0"
137.226.113.34 - - [10/Oct/2019:01:56:56 +0000] "GET /shf_Assets/books-2.jpg HTTP/2.0" 200 6237 "-" "Mozilla/5.0 (X11; Ubuntu; Linux x86_64; rv:50.0) Gecko/20100101 Firefox/50.0"
137.226.113.34 - - [10/Oct/2019:01:56:56 +0000] "GET /shf_Assets/Apricot.png HTTP/2.0" 200 50303 "-" "Mozilla/5.0 (X11; Ubuntu; Linux x86_64; rv:50.0) Gecko/20100101 Firefox/50.0"
137.226.113.34 - - [10/Oct/2019:01:56:56 +0000] "GET /shf_Assets/banner7.jpg HTTP/2.0" 200 29732 "-" "Mozilla/5.0 (X11; Ubuntu; Linux x86_64; rv:50.0) Gecko/20100101 Firefox/50.0"
66.249.69.148 - - [10/Oct/2019:07:02:20 +0000] "GET /robots.txt HTTP/1.0" 200 2506 "-" "Mozilla/5.0 (compatible; Googlebot/2.1; +http://www.google.com/bot.html)"
192.99.6.138 - - [11/Oct/2019:02:18:39 +0000] "GET /robots.txt HTTP/1.0" 200 2506 "-" "Mozilla/5.0 (compatible; MJ12bot/v1.4.8; http://mj12bot.com/)"
66.249.69.47 - - [10/Oct/2019:07:02:20 +0000] "GET /robots.txt HTTP/1.1" 301 162 "-" "Mozilla/5.0 (compatible; Googlebot/2.1; +http://www.google.com/bot.html)"
66.249.69.49 - - [10/Oct/2019:07:02:20 +0000] "GET /ads.txt HTTP/1.1" 301 162 "-" "Mozilla/5.0 (compatible; Googlebot/2.1; +http://www.google.com/bot.html)"
138.246.253.5 - - [10/Oct/2019:12:37:26 +0000] "HEAD / HTTP/1.1" 301 0 "-" "Mozilla/5.0 (Windows NT 6.1; Win64; x64) AppleWebKit/537.36 (KHTML, like Gecko) Chrome/40.0.2214.85 Safari/537.36"
185.229.144.22 - - [11/Oct/2019:03:54:06 +0000] "GET / HTTP/1.0" 200 1792 "-" "Mozilla/4.0 (compatible; MSIE 7.0; Windows NT 5.0) Match by Siteimprove.com"
17.58.98.231 - - [11/Oct/2019:07:56:10 +0000] "GET /robots.txt HTTP/1.0" 200 1124 "-" "Mozilla/5.0 (Macintosh; Intel Mac OS X 10_10_1) AppleWebKit/600.2.5 (KHTML, like Gecko) Version/8.0.2 Safari/600.2.5 (Applebot/0.1; +http://www.apple.com/go/applebot)"
17.58.99.79 - - [11/Oct/2019:07:56:12 +0000] "GET / HTTP/1.0" 200 410 "-" "Mozilla/5.0 (Macintosh; Intel Mac OS X 10_10_1) AppleWebKit/600.2.5 (KHTML, like Gecko) Version/8.0.2 Safari/600.2.5 (Applebot/0.1; +http://www.apple.com/go/applebot)"
18.217.179.212 - - [11/Oct/2019:08:10:58 +0000] "GET / HTTP/1.0" 200 1792 "-" "Mozilla/5.0 (Macintosh; Intel Mac OS X 10_12_6) AppleWebKit/603.3.8 (KHTML, like Gecko) Version/10.1.2 Safari/603.3.8"
207.46.13.237 - - [11/Oct/2019:11:57:36 +0000] "GET /robots.txt HTTP/1.0" 200 2506 "-" "Mozilla/5.0 (compatible; bingbot/2.0; +http://www.bing.com/bingbot.htm)"
207.46.13.237 - - [11/Oct/2019:11:57:36 +0000] "GET /robots.txt HTTP/1.0" 200 1124 "-" "Mozilla/5.0 (compatible; bingbot/2.0; +http://www.bing.com/bingbot.htm)"
66.249.75.166 - - [11/Oct/2019:18:34:01 +0000] "GET /robots.txt HTTP/1.0" 200 2506 "-" "Mozilla/5.0 (compatible; Googlebot/2.1; +http://www.google.com/bot.html)"
66.249.69.70 - - [11/Oct/2019:18:34:02 +0000] "GET /ads.txt HTTP/1.0" 404 1267 "-" "Mozilla/5.0 (compatible; Googlebot/2.1; +http://www.google.com/bot.html)"
157.55.39.24 - - [12/Oct/2019:00:50:16 +0000] "GET /robots.txt HTTP/1.0" 200 2506 "-" "Mozilla/5.0 (compatible; bingbot/2.0; +http://www.bing.com/bingbot.htm)"
157.55.39.24 - - [12/Oct/2019:00:50:16 +0000] "GET /robots.txt HTTP/1.0" 200 1124 "-" "Mozilla/5.0 (compatible; bingbot/2.0; +http://www.bing.com/bingbot.htm)"
185.229.144.22 - - [11/Oct/2019:03:54:06 +0000] "GET / HTTP/1.1" 200 23976 "-" "Mozilla/4.0 (compatible; MSIE 7.0; Windows NT 5.0) Match by Siteimprove.com"
17.58.99.79 - - [11/Oct/2019:07:56:12 +0000] "GET / HTTP/1.1" 200 23976 "-" "Mozilla/5.0 (Macintosh; Intel Mac OS X 10_10_1) AppleWebKit/600.2.5 (KHTML, like Gecko) Version/8.0.2 Safari/600.2.5 (Applebot/0.1; +http://www.apple.com/go/applebot)"
18.217.179.212 - - [11/Oct/2019:08:10:57 +0000] "GET / HTTP/1.1" 301 162 "-" "Mozilla/5.0 (Macintosh; Intel Mac OS X 10_12_6) AppleWebKit/603.3.8 (KHTML, like Gecko) Version/10.1.2 Safari/603.3.8"
18.217.179.212 - - [11/Oct/2019:08:10:58 +0000] "GET / HTTP/1.1" 200 23976 "-" "Mozilla/5.0 (Macintosh; Intel Mac OS X 10_12_6) AppleWebKit/603.3.8 (KHTML, like Gecko) Version/10.1.2 Safari/603.3.8"
207.46.13.237 - - [11/Oct/2019:11:57:35 +0000] "GET /robots.txt HTTP/1.1" 301 162 "-" "Mozilla/5.0 (compatible; bingbot/2.0; +http://www.bing.com/bingbot.htm)"
207.46.13.237 - - [11/Oct/2019:11:57:36 +0000] "GET /robots.txt HTTP/1.1" 301 162 "-" "Mozilla/5.0 (compatible; bingbot/2.0; +http://www.bing.com/bingbot.htm)"
66.249.69.49 - - [11/Oct/2019:18:34:01 +0000] "GET /robots.txt HTTP/1.1" 301 162 "-" "Mozilla/5.0 (compatible; Googlebot/2.1; +http://www.google.com/bot.html)"
66.249.69.49 - - [11/Oct/2019:18:34:01 +0000] "GET /ads.txt HTTP/1.1" 301 162 "-" "Mozilla/5.0 (compatible; Googlebot/2.1; +http://www.google.com/bot.html)"
66.249.79.198 - - [12/Oct/2019:06:34:36 +0000] "GET / HTTP/1.0" 200 1792 "-" "Mozilla/5.0 (compatible; Googlebot/2.1; +http://www.google.com/bot.html)"
5.255.250.81 - - [12/Oct/2019:08:03:13 +0000] "GET /robots.txt HTTP/1.0" 200 2506 "-" "Mozilla/5.0 (compatible; YandexBot/3.0; +http://yandex.com/bots)"
141.8.144.38 - - [12/Oct/2019:08:03:17 +0000] "GET /robots.txt HTTP/1.0" 200 1124 "-" "Mozilla/5.0 (compatible; YandexBot/3.0; +http://yandex.com/bots)"
141.8.188.193 - - [12/Oct/2019:08:03:21 +0000] "GET /favicon.ico HTTP/1.0" 200 427 "-" "Mozilla/5.0 (compatible; YandexBot/3.0; +http://yandex.com/bots)"
66.249.79.198 - - [12/Oct/2019:09:22:06 +0000] "GET /ads.txt HTTP/1.0" 404 2649 "-" "Mozilla/5.0 (compatible; Googlebot/2.1; +http://www.google.com/bot.html)"
66.249.79.198 - - [12/Oct/2019:11:13:39 +0000] "GET /History/PIrailroad.htm HTTP/1.0" 200 1805 "-" "Mozilla/5.0 (Linux; Android 6.0.1; Nexus 5X Build/MMB29P) AppleWebKit/537.36 (KHTML, like Gecko) Chrome/41.0.2272.96 Mobile Safari/537.36 (compatible; Googlebot/2.1; +http://www.google.com/bot.html)"
66.249.79.194 - - [12/Oct/2019:11:13:45 +0000] "GET /css/shf.css HTTP/1.0" 200 411 "https://www.saratogahistory.com/History/PIrailroad.htm" "Mozilla/5.0 (Linux; Android 6.0.1; Nexus 5X Build/MMB29P) AppleWebKit/537.36 (KHTML, like Gecko) Chrome/41.0.2272.96 Mobile Safari/537.36 (compatible; Googlebot/2.1; +http://www.google.com/bot.html)"
66.249.79.194 - - [12/Oct/2019:15:04:04 +0000] "GET / HTTP/1.0" 200 1792 "-" "Mozilla/5.0 (Linux; Android 6.0.1; Nexus 5X Build/MMB29P) AppleWebKit/537.36 (KHTML, like Gecko) Chrome/41.0.2272.96 Mobile Safari/537.36 (compatible; Googlebot/2.1; +http://www.google.com/bot.html)"
66.249.79.194 - - [12/Oct/2019:20:06:18 +0000] "GET /robots.txt HTTP/1.0" 200 2506 "-" "Mozilla/5.0 (compatible; Googlebot/2.1; +http://www.google.com/bot.html)"
66.249.64.229 - - [12/Oct/2019:20:06:19 +0000] "GET /ads.txt HTTP/1.0" 404 1267 "-" "Mozilla/5.0 (compatible; Googlebot/2.1; +http://www.google.com/bot.html)"
66.249.79.198 - - [12/Oct/2019:06:34:36 +0000] "GET / HTTP/1.1" 200 23976 "-" "Mozilla/5.0 (compatible; Googlebot/2.1; +http://www.google.com/bot.html)"
141.8.144.38 - - [12/Oct/2019:08:03:12 +0000] "GET /robots.txt HTTP/1.1" 301 162 "-" "Mozilla/5.0 (compatible; YandexBot/3.0; +http://yandex.com/bots)"
100.43.85.165 - - [12/Oct/2019:08:03:16 +0000] "GET /favicon.ico HTTP/1.1" 301 162 "-" "Mozilla/5.0 (compatible; YandexBot/3.0; +http://yandex.com/bots)"
141.8.188.193 - - [12/Oct/2019:08:03:21 +0000] "GET /favicon.ico HTTP/1.1" 200 113459 "-" "Mozilla/5.0 (compatible; YandexBot/3.0; +http://yandex.com/bots)"
66.249.79.198 - - [12/Oct/2019:11:13:39 +0000] "GET /History/PIrailroad.htm HTTP/1.1" 200 26233 "-" "Mozilla/5.0 (Linux; Android 6.0.1; Nexus 5X Build/MMB29P) AppleWebKit/537.36 (KHTML, like Gecko) Chrome/41.0.2272.96 Mobile Safari/537.36 (compatible; Googlebot/2.1; +http://www.google.com/bot.html)"
66.249.79.194 - - [12/Oct/2019:11:13:45 +0000] "GET /css/shf.css HTTP/1.1" 200 5498 "https://www.saratogahistory.com/History/PIrailroad.htm" "Mozilla/5.0 (Linux; Android 6.0.1; Nexus 5X Build/MMB29P) AppleWebKit/537.36 (KHTML, like Gecko) Chrome/41.0.2272.96 Mobile Safari/537.36 (compatible; Googlebot/2.1; +http://www.google.com/bot.html)"
66.249.79.37 - - [12/Oct/2019:15:04:03 +0000] "GET / HTTP/1.1" 301 162 "-" "Mozilla/5.0 (Linux; Android 6.0.1; Nexus 5X Build/MMB29P) AppleWebKit/537.36 (KHTML, like Gecko) Chrome/41.0.2272.96 Mobile Safari/537.36 (compatible; Googlebot/2.1; +http://www.google.com/bot.html)"
66.249.79.194 - - [12/Oct/2019:15:04:05 +0000] "GET / HTTP/1.1" 200 23976 "-" "Mozilla/5.0 (Linux; Android 6.0.1; Nexus 5X Build/MMB29P) AppleWebKit/537.36 (KHTML, like Gecko) Chrome/41.0.2272.96 Mobile Safari/537.36 (compatible; Googlebot/2.1; +http://www.google.com/bot.html)"
66.249.79.40 - - [12/Oct/2019:20:06:18 +0000] "GET /robots.txt HTTP/1.1" 301 162 "-" "Mozilla/5.0 (compatible; Googlebot/2.1; +http://www.google.com/bot.html)"
66.249.79.37 - - [12/Oct/2019:20:06:19 +0000] "GET /ads.txt HTTP/1.1" 301 162 "-" "Mozilla/5.0 (compatible; Googlebot/2.1; +http://www.google.com/bot.html)"
35.197.29.200 - - [13/Oct/2019:05:59:29 +0000] "GET / HTTP/1.0" 200 1792 "-" "Mozilla/5.0 (Windows NT 10.0; Win64; x64; rv:56.0) Gecko/20100101 Firefox/56.0"
66.249.66.198 - - [13/Oct/2019:06:39:44 +0000] "GET /ads.txt HTTP/1.0" 404 2649 "-" "Mozilla/5.0 (compatible; Googlebot/2.1; +http://www.google.com/bot.html)"
66.249.66.194 - - [13/Oct/2019:11:40:24 +0000] "GET / HTTP/1.0" 200 1792 "-" "Mozilla/5.0 (Linux; Android 6.0.1; Nexus 5X Build/MMB29P) AppleWebKit/537.36 (KHTML, like Gecko) Chrome/41.0.2272.96 Mobile Safari/537.36 (compatible; Googlebot/2.1; +http://www.google.com/bot.html)"
137.226.113.26 - - [13/Oct/2019:12:08:25 +0000] "GET / HTTP/1.0" 200 1792 "-" "Mozilla/5.0 zgrab/0.x (compatible; Researchscan/t12ca; +http://researchscan.comsys.rwth-aachen.de)"
137.226.113.28 - - [13/Oct/2019:17:22:08 +0000] "GET / HTTP/1.0" 200 1792 "-" "Mozilla/5.0 zgrab/0.x (compatible; Researchscan/t12sns; +http://researchscan.comsys.rwth-aachen.de)"
66.249.66.198 - - [13/Oct/2019:20:21:54 +0000] "GET /robots.txt HTTP/1.0" 200 2506 "-" "Mozilla/5.0 (compatible; Googlebot/2.1; +http://www.google.com/bot.html)"
157.55.39.24 - - [13/Oct/2019:21:03:21 +0000] "GET /robots.txt HTTP/1.0" 200 2506 "-" "Mozilla/5.0 (compatible; bingbot/2.0; +http://www.bing.com/bingbot.htm)"
157.55.39.24 - - [13/Oct/2019:21:03:21 +0000] "GET /robots.txt HTTP/1.0" 200 1124 "-" "Mozilla/5.0 (compatible; bingbot/2.0; +http://www.bing.com/bingbot.htm)"
66.249.69.38 - - [14/Oct/2019:01:36:05 +0000] "GET /ads.txt HTTP/1.0" 404 2649 "-" "Mozilla/5.0 (compatible; Googlebot/2.1; +http://www.google.com/bot.html)"
35.197.29.200 - - [13/Oct/2019:05:59:29 +0000] "GET / HTTP/1.1" 200 23976 "-" "Mozilla/5.0 (Windows NT 10.0; Win64; x64; rv:56.0) Gecko/20100101 Firefox/56.0"
66.249.66.87 - - [13/Oct/2019:11:40:23 +0000] "GET / HTTP/1.1" 301 162 "-" "Mozilla/5.0 (Linux; Android 6.0.1; Nexus 5X Build/MMB29P) AppleWebKit/537.36 (KHTML, like Gecko) Chrome/41.0.2272.96 Mobile Safari/537.36 (compatible; Googlebot/2.1; +http://www.google.com/bot.html)"
66.249.66.194 - - [13/Oct/2019:11:40:24 +0000] "GET / HTTP/1.1" 200 23976 "-" "Mozilla/5.0 (Linux; Android 6.0.1; Nexus 5X Build/MMB29P) AppleWebKit/537.36 (KHTML, like Gecko) Chrome/41.0.2272.96 Mobile Safari/537.36 (compatible; Googlebot/2.1; +http://www.google.com/bot.html)"
137.226.113.26 - - [13/Oct/2019:12:08:26 +0000] "GET / HTTP/1.1" 200 23976 "-" "Mozilla/5.0 zgrab/0.x (compatible; Researchscan/t12ca; +http://researchscan.comsys.rwth-aachen.de)"
137.226.113.28 - - [13/Oct/2019:17:22:08 +0000] "GET / HTTP/1.1" 200 23976 "-" "Mozilla/5.0 zgrab/0.x (compatible; Researchscan/t12sns; +http://researchscan.comsys.rwth-aachen.de)"
66.249.66.88 - - [13/Oct/2019:20:21:54 +0000] "GET /robots.txt HTTP/1.1" 301 162 "-" "Mozilla/5.0 (compatible; Googlebot/2.1; +http://www.google.com/bot.html)"
66.249.66.87 - - [13/Oct/2019:20:21:54 +0000] "GET /ads.txt HTTP/1.1" 301 162 "-" "Mozilla/5.0 (compatible; Googlebot/2.1; +http://www.google.com/bot.html)"
66.249.69.148 - - [14/Oct/2019:05:26:00 +0000] "GET / HTTP/1.0" 200 1792 "-" "Mozilla/5.0 (Linux; Android 6.0.1; Nexus 5X Build/MMB29P) AppleWebKit/537.36 (KHTML, like Gecko) Chrome/41.0.2272.96 Mobile Safari/537.36 (compatible; Googlebot/2.1; +http://www.google.com/bot.html)"
141.8.188.193 - - [14/Oct/2019:16:12:18 +0000] "GET /robots.txt HTTP/1.0" 200 2506 "-" "Mozilla/5.0 (compatible; YandexBot/3.0; +http://yandex.com/bots)"
141.8.188.193 - - [14/Oct/2019:16:12:22 +0000] "GET / HTTP/1.0" 200 410 "-" "Mozilla/5.0 (compatible; YandexBot/3.0; +http://yandex.com/bots)"
173.208.211.194 - - [14/Oct/2019:19:40:34 +0000] "GET /phpBB/index.php HTTP/1.0" 403 2636 "https://www.saratogahistory.com/phpBB/index.php" "Mozilla/5.0 (Windows NT 6.1) AppleWebKit/537.36 (KHTML, like Gecko) Chrome/67.0.3396.99 Safari/537.36"
173.208.211.194 - - [14/Oct/2019:19:40:34 +0000] "GET / HTTP/1.0" 200 410 "https://www.saratogahistory.com/phpBB/index.php" "Mozilla/5.0 (Windows NT 6.1) AppleWebKit/537.36 (KHTML, like Gecko) Chrome/67.0.3396.99 Safari/537.36"
173.208.211.194 - - [14/Oct/2019:19:40:34 +0000] "GET /board_of_directors.htm HTTP/1.0" 200 423 "https://www.saratogahistory.com/board_of_directors.htm" "Mozilla/5.0 (Windows NT 6.1) AppleWebKit/537.36 (KHTML, like Gecko) Chrome/67.0.3396.99 Safari/537.36"
66.249.75.194 - - [14/Oct/2019:21:07:42 +0000] "GET /robots.txt HTTP/1.0" 200 2506 "-" "Mozilla/5.0 (compatible; Googlebot/2.1; +http://www.google.com/bot.html)"
66.249.69.162 - - [14/Oct/2019:21:07:43 +0000] "GET /ads.txt HTTP/1.0" 404 1267 "-" "Mozilla/5.0 (compatible; Googlebot/2.1; +http://www.google.com/bot.html)"
66.249.75.136 - - [15/Oct/2019:02:18:16 +0000] "GET /robots.txt HTTP/1.0" 200 2506 "-" "Mozilla/5.0 (compatible; Googlebot/2.1; +http://www.google.com/bot.html)"
66.249.69.47 - - [14/Oct/2019:05:25:59 +0000] "GET / HTTP/1.1" 301 162 "-" "Mozilla/5.0 (Linux; Android 6.0.1; Nexus 5X Build/MMB29P) AppleWebKit/537.36 (KHTML, like Gecko) Chrome/41.0.2272.96 Mobile Safari/537.36 (compatible; Googlebot/2.1; +http://www.google.com/bot.html)"
66.249.69.148 - - [14/Oct/2019:05:26:00 +0000] "GET / HTTP/1.1" 200 23976 "-" "Mozilla/5.0 (Linux; Android 6.0.1; Nexus 5X Build/MMB29P) AppleWebKit/537.36 (KHTML, like Gecko) Chrome/41.0.2272.96 Mobile Safari/537.36 (compatible; Googlebot/2.1; +http://www.google.com/bot.html)"
141.8.188.193 - - [14/Oct/2019:16:12:22 +0000] "GET / HTTP/1.1" 200 23976 "-" "Mozilla/5.0 (compatible; YandexBot/3.0; +http://yandex.com/bots)"
47.74.44.84 - - [14/Oct/2019:19:40:33 +0000] "GET /phpBB/index.php HTTP/1.0" 301 162 "http://saratogahistory.com/phpBB/index.php" "Mozilla/5.0 (Windows NT 6.1) AppleWebKit/537.36 (KHTML, like Gecko) Chrome/67.0.3396.99 Safari/537.36"
173.208.211.194 - - [14/Oct/2019:19:40:34 +0000] "GET / HTTP/1.0" 200 23976 "https://www.saratogahistory.com/phpBB/index.php" "Mozilla/5.0 (Windows NT 6.1) AppleWebKit/537.36 (KHTML, like Gecko) Chrome/67.0.3396.99 Safari/537.36"
173.208.211.194 - - [14/Oct/2019:19:40:34 +0000] "GET /board_of_directors.htm HTTP/1.0" 200 11569 "https://www.saratogahistory.com/board_of_directors.htm" "Mozilla/5.0 (Windows NT 6.1) AppleWebKit/537.36 (KHTML, like Gecko) Chrome/67.0.3396.99 Safari/537.36"
66.249.69.51 - - [15/Oct/2019:02:18:15 +0000] "GET /robots.txt HTTP/1.1" 301 162 "-" "Mozilla/5.0 (compatible; Googlebot/2.1; +http://www.google.com/bot.html)"
66.249.69.49 - - [15/Oct/2019:02:18:16 +0000] "GET /ads.txt HTTP/1.1" 301 162 "-" "Mozilla/5.0 (compatible; Googlebot/2.1; +http://www.google.com/bot.html)"
184.154.74.66 - - [15/Oct/2019:04:33:43 +0000] "GET / HTTP/1.0" 200 1792 "https://saratogahistory.com/" "Mozilla/5.0 (Windows NT 10.0; WOW64) AppleWebKit/537.36 (KHTML, like Gecko) Chrome/66.0.3359.117 Safari/537.36"
66.249.69.148 - - [15/Oct/2019:05:59:13 +0000] "GET / HTTP/1.0" 200 1792 "-" "Mozilla/5.0 (Linux; Android 6.0.1; Nexus 5X Build/MMB29P) AppleWebKit/537.36 (KHTML, like Gecko) Chrome/41.0.2272.96 Mobile Safari/537.36 (compatible; Googlebot/2.1; +http://www.google.com/bot.html)"
209.17.96.210 - - [15/Oct/2019:13:21:48 +0000] "GET / HTTP/1.0" 200 1792 "-" "Mozilla/5.0 (compatible; Nimbostratus-Bot/v1.3.2; http://cloudsystemnetworks.com)"
66.249.69.101 - - [15/Oct/2019:16:30:23 +0000] "GET /ads.txt HTTP/1.0" 404 2649 "-" "Mozilla/5.0 (compatible; Googlebot/2.1; +http://www.google.com/bot.html)"
66.249.69.166 - - [15/Oct/2019:21:12:13 +0000] "GET /robots.txt HTTP/1.0" 200 2506 "-" "Mozilla/5.0 (compatible; Googlebot/2.1; +http://www.google.com/bot.html)"
66.249.69.229 - - [15/Oct/2019:21:12:13 +0000] "GET / HTTP/1.0" 200 1792 "-" "Mozilla/5.0 (Linux; Android 6.0.1; Nexus 5X Build/MMB29P) AppleWebKit/537.36 (KHTML, like Gecko) Chrome/41.0.2272.96 Mobile Safari/537.36 (compatible; Googlebot/2.1; +http://www.google.com/bot.html)"
66.249.65.198 - - [15/Oct/2019:22:12:57 +0000] "GET /ads.txt HTTP/1.0" 404 2649 "-" "Mozilla/5.0 (compatible; Googlebot/2.1; +http://www.google.com/bot.html)"
137.226.113.34 - - [16/Oct/2019:01:01:05 +0000] "GET / HTTP/1.0" 200 1792 "-" "Mozilla/5.0 (X11; Ubuntu; Linux x86_64; rv:50.0) Gecko/20100101 Firefox/50.0"
137.226.113.34 - - [16/Oct/2019:01:01:06 +0000] "GET /shf_Assets/favicon.ico HTTP/1.0" 200 438 "-" "Mozilla/5.0 (X11; Ubuntu; Linux x86_64; rv:50.0) Gecko/20100101 Firefox/50.0"
137.226.113.34 - - [16/Oct/2019:01:01:06 +0000] "GET /css/shf.css HTTP/1.0" 200 411 "-" "Mozilla/5.0 (X11; Ubuntu; Linux x86_64; rv:50.0) Gecko/20100101 Firefox/50.0"
137.226.113.34 - - [16/Oct/2019:01:01:06 +0000] "GET /css/quickmenu.css HTTP/1.0" 200 417 "-" "Mozilla/5.0 (X11; Ubuntu; Linux x86_64; rv:50.0) Gecko/20100101 Firefox/50.0"
137.226.113.34 - - [16/Oct/2019:01:01:06 +0000] "GET /javascript/quickmenu.js HTTP/1.0" 200 437 "-" "Mozilla/5.0 (X11; Ubuntu; Linux x86_64; rv:50.0) Gecko/20100101 Firefox/50.0"
137.226.113.34 - - [16/Oct/2019:01:01:06 +0000] "GET /javascript/utilities.js HTTP/1.0" 200 437 "-" "Mozilla/5.0 (X11; Ubuntu; Linux x86_64; rv:50.0) Gecko/20100101 Firefox/50.0"
137.226.113.34 - - [16/Oct/2019:01:01:06 +0000] "GET /shf_Assets/banner7.jpg HTTP/1.0" 200 424 "-" "Mozilla/5.0 (X11; Ubuntu; Linux x86_64; rv:50.0) Gecko/20100101 Firefox/50.0"
137.226.113.34 - - [16/Oct/2019:01:01:06 +0000] "GET /shf_Assets/Apricot.png HTTP/1.0" 200 423 "-" "Mozilla/5.0 (X11; Ubuntu; Linux x86_64; rv:50.0) Gecko/20100101 Firefox/50.0"
137.226.113.34 - - [16/Oct/2019:01:01:06 +0000] "GET /shf_Assets/buildings.gif HTTP/1.0" 200 425 "-" "Mozilla/5.0 (X11; Ubuntu; Linux x86_64; rv:50.0) Gecko/20100101 Firefox/50.0"
137.226.113.34 - - [16/Oct/2019:01:01:06 +0000] "GET /shf_Assets/ForTheLoveOfApricots.png HTTP/1.0" 200 436 "-" "Mozilla/5.0 (X11; Ubuntu; Linux x86_64; rv:50.0) Gecko/20100101 Firefox/50.0"
