66.249.73.69 - - [27/Sep/2019:11:03:27 +0000] "GET /robots.txt HTTP/1.0" 200 2506 "-" "Mozilla/5.0 (compatible; Googlebot/2.1; +http://www.google.com/bot.html)"
66.249.73.66 - - [27/Sep/2019:11:03:27 +0000] "GET /ads.txt HTTP/1.0" 404 1267 "-" "Mozilla/5.0 (compatible; Googlebot/2.1; +http://www.google.com/bot.html)"
96.127.158.234 - - [28/Sep/2019:00:23:45 +0000] "GET / HTTP/1.0" 200 1793 "-" "Mozilla/5.0 (Windows NT 10.0; WOW64) AppleWebKit/537.36 (KHTML, like Gecko) Chrome/66.0.3359.117 Safari/537.36"
96.127.158.234 - - [28/Sep/2019:00:23:45 +0000] "GET / HTTP/1.1" 200 5338 "-" "Mozilla/5.0 (Windows NT 10.0; WOW64) AppleWebKit/537.36 (KHTML, like Gecko) Chrome/66.0.3359.117 Safari/537.36"
66.249.73.69 - - [28/Sep/2019:06:32:25 +0000] "GET /ads.txt HTTP/1.0" 404 2649 "-" "Mozilla/5.0 (compatible; Googlebot/2.1; +http://www.google.com/bot.html)"
207.46.13.225 - - [29/Sep/2019:02:04:36 +0000] "GET / HTTP/1.0" 200 1793 "-" "Mozilla/5.0 (compatible; bingbot/2.0; +http://www.bing.com/bingbot.htm)"
66.249.73.69 - - [29/Sep/2019:02:15:54 +0000] "GET /robots.txt HTTP/1.0" 200 2506 "-" "Mozilla/5.0 (compatible; Googlebot/2.1; +http://www.google.com/bot.html)"
66.249.73.66 - - [29/Sep/2019:02:15:54 +0000] "GET /ads.txt HTTP/1.0" 404 1267 "-" "Mozilla/5.0 (compatible; Googlebot/2.1; +http://www.google.com/bot.html)"
34.253.16.146 - - [29/Sep/2019:02:38:31 +0000] "GET /robots.txt HTTP/1.0" 200 1124 "-" "PleskBot"
207.46.13.225 - - [29/Sep/2019:02:04:36 +0000] "GET / HTTP/1.1" 200 5338 "-" "Mozilla/5.0 (compatible; bingbot/2.0; +http://www.bing.com/bingbot.htm)"
66.249.73.197 - - [29/Sep/2019:10:18:51 +0000] "GET /robots.txt HTTP/1.0" 200 2506 "-" "Mozilla/5.0 (compatible; Googlebot/2.1; +http://www.google.com/bot.html)"
66.249.73.199 - - [29/Sep/2019:10:18:51 +0000] "GET /ads.txt HTTP/1.0" 404 1267 "-" "Mozilla/5.0 (compatible; Googlebot/2.1; +http://www.google.com/bot.html)"
137.226.113.28 - - [29/Sep/2019:10:50:21 +0000] "GET / HTTP/1.0" 200 1793 "-" "Mozilla/5.0 zgrab/0.x (compatible; Researchscan/t12ca; +http://researchscan.comsys.rwth-aachen.de)"
137.226.113.28 - - [29/Sep/2019:12:31:24 +0000] "GET / HTTP/1.0" 200 1793 "-" "Mozilla/5.0 zgrab/0.x (compatible; Researchscan/t12sns; +http://researchscan.comsys.rwth-aachen.de)"
207.46.13.120 - - [29/Sep/2019:15:34:03 +0000] "GET /test/php/test.html HTTP/1.0" 200 1801 "-" "Mozilla/5.0 (compatible; bingbot/2.0; +http://www.bing.com/bingbot.htm)"
207.46.13.120 - - [29/Sep/2019:15:44:03 +0000] "GET /test/ssi/test.html HTTP/1.0" 200 1801 "-" "Mozilla/5.0 (compatible; bingbot/2.0; +http://www.bing.com/bingbot.htm)"
66.249.73.66 - - [29/Sep/2019:21:11:00 +0000] "GET /ads.txt HTTP/1.0" 404 2649 "-" "Mozilla/5.0 (compatible; Googlebot/2.1; +http://www.google.com/bot.html)"
157.55.39.12 - - [29/Sep/2019:22:04:55 +0000] "GET /test/php/test.php HTTP/1.0" 200 3415 "-" "Mozilla/5.0 (compatible; bingbot/2.0; +http://www.bing.com/bingbot.htm)"
157.55.39.12 - - [29/Sep/2019:22:06:23 +0000] "GET /test/ssi/test.shtml HTTP/1.0" 200 2034 "-" "Mozilla/5.0 (compatible; bingbot/2.0; +http://www.bing.com/bingbot.htm)"
157.55.39.183 - - [30/Sep/2019:01:45:04 +0000] "GET /robots.txt HTTP/1.0" 200 2506 "-" "Mozilla/5.0 (compatible; bingbot/2.0; +http://www.bing.com/bingbot.htm)"
157.55.39.183 - - [30/Sep/2019:01:45:04 +0000] "GET /robots.txt HTTP/1.0" 200 1124 "-" "Mozilla/5.0 (compatible; bingbot/2.0; +http://www.bing.com/bingbot.htm)"
141.8.188.193 - - [30/Sep/2019:02:31:07 +0000] "GET /robots.txt HTTP/1.0" 200 2506 "-" "Mozilla/5.0 (compatible; YandexBot/3.0; +http://yandex.com/bots)"
141.8.188.193 - - [30/Sep/2019:02:31:10 +0000] "GET /favicon.ico HTTP/1.0" 200 427 "-" "Mozilla/5.0 (compatible; YandexBot/3.0; +http://yandex.com/bots)"
137.226.113.28 - - [29/Sep/2019:10:50:21 +0000] "GET / HTTP/1.1" 200 5338 "-" "Mozilla/5.0 zgrab/0.x (compatible; Researchscan/t12ca; +http://researchscan.comsys.rwth-aachen.de)"
137.226.113.28 - - [29/Sep/2019:12:31:24 +0000] "GET / HTTP/1.1" 200 5338 "-" "Mozilla/5.0 zgrab/0.x (compatible; Researchscan/t12sns; +http://researchscan.comsys.rwth-aachen.de)"
207.46.13.120 - - [29/Sep/2019:15:34:03 +0000] "GET /test/php/test.html HTTP/1.1" 200 1945 "-" "Mozilla/5.0 (compatible; bingbot/2.0; +http://www.bing.com/bingbot.htm)"
207.46.13.120 - - [29/Sep/2019:15:44:03 +0000] "GET /test/ssi/test.html HTTP/1.1" 200 1950 "-" "Mozilla/5.0 (compatible; bingbot/2.0; +http://www.bing.com/bingbot.htm)"
141.8.188.193 - - [30/Sep/2019:02:31:11 +0000] "GET /favicon.ico HTTP/1.1" 200 113459 "-" "Mozilla/5.0 (compatible; YandexBot/3.0; +http://yandex.com/bots)"
66.249.79.194 - - [30/Sep/2019:06:13:52 +0000] "GET /robots.txt HTTP/1.0" 200 2506 "-" "Mozilla/5.0 (compatible; Googlebot/2.1; +http://www.google.com/bot.html)"
66.249.79.194 - - [30/Sep/2019:06:13:52 +0000] "GET / HTTP/1.0" 200 411 "-" "Mozilla/5.0 (Linux; Android 6.0.1; Nexus 5X Build/MMB29P) AppleWebKit/537.36 (KHTML, like Gecko) Chrome/41.0.2272.96 Mobile Safari/537.36 (compatible; Googlebot/2.1; +http://www.google.com/bot.html)"
66.249.79.198 - - [30/Sep/2019:06:13:55 +0000] "GET /css/style.css HTTP/1.0" 200 413 "https://www.saratogahistory.com/" "Mozilla/5.0 (Linux; Android 6.0.1; Nexus 5X Build/MMB29P) AppleWebKit/537.36 (KHTML, like Gecko) Chrome/41.0.2272.96 Mobile Safari/537.36 (compatible; Googlebot/2.1; +http://www.google.com/bot.html)"
107.6.183.226 - - [30/Sep/2019:06:15:04 +0000] "GET / HTTP/1.0" 200 411 "-" "Mozilla/5.0 (Windows NT 10.0; WOW64) AppleWebKit/537.36 (KHTML, like Gecko) Chrome/66.0.3359.117 Safari/537.36"
66.249.79.198 - - [30/Sep/2019:06:19:14 +0000] "GET /test/ssi/test.html HTTP/1.0" 200 1801 "-" "Mozilla/5.0 (Linux; Android 6.0.1; Nexus 5X Build/MMB29P) AppleWebKit/537.36 (KHTML, like Gecko) Chrome/41.0.2272.96 Mobile Safari/537.36 (compatible; Googlebot/2.1; +http://www.google.com/bot.html)"
66.249.79.194 - - [30/Sep/2019:06:19:18 +0000] "GET /test/ssi/test.shtml HTTP/1.0" 200 2034 "https://www.saratogahistory.com/test/ssi/test.html" "Mozilla/5.0 (Linux; Android 6.0.1; Nexus 5X Build/MMB29P) AppleWebKit/537.36 (KHTML, like Gecko) Chrome/41.0.2272.96 Mobile Safari/537.36 (compatible; Googlebot/2.1; +http://www.google.com/bot.html)"
66.249.79.197 - - [30/Sep/2019:06:19:18 +0000] "GET /test/ssi/test.shtml?1568160000000 HTTP/1.0" 200 2034 "https://www.saratogahistory.com/test/ssi/test.html" "Mozilla/5.0 (Linux; Android 6.0.1; Nexus 5X Build/MMB29P) AppleWebKit/537.36 (KHTML, like Gecko) Chrome/41.0.2272.96 Mobile Safari/537.36 (compatible; Googlebot/2.1; +http://www.google.com/bot.html)"
66.249.79.198 - - [30/Sep/2019:06:22:04 +0000] "GET /test/php/test.html HTTP/1.0" 200 419 "-" "Mozilla/5.0 (Linux; Android 6.0.1; Nexus 5X Build/MMB29P) AppleWebKit/537.36 (KHTML, like Gecko) Chrome/41.0.2272.96 Mobile Safari/537.36 (compatible; Googlebot/2.1; +http://www.google.com/bot.html)"
66.249.79.197 - - [30/Sep/2019:06:22:10 +0000] "GET /css/style.css HTTP/1.0" 200 413 "https://www.saratogahistory.com/test/php/test.html" "Mozilla/5.0 (Linux; Android 6.0.1; Nexus 5X Build/MMB29P) AppleWebKit/537.36 (KHTML, like Gecko) Chrome/41.0.2272.96 Mobile Safari/537.36 (compatible; Googlebot/2.1; +http://www.google.com/bot.html)"
66.249.79.197 - - [30/Sep/2019:06:22:10 +0000] "GET /test/php/test.php HTTP/1.0" 200 2469 "https://www.saratogahistory.com/test/php/test.html" "Mozilla/5.0 (Linux; Android 6.0.1; Nexus 5X Build/MMB29P) AppleWebKit/537.36 (KHTML, like Gecko) Chrome/41.0.2272.96 Mobile Safari/537.36 (compatible; Googlebot/2.1; +http://www.google.com/bot.html)"
66.249.79.194 - - [30/Sep/2019:06:22:11 +0000] "GET /test/php/test.php?1568160000000 HTTP/1.0" 200 2513 "https://www.saratogahistory.com/test/php/test.html" "Mozilla/5.0 (Linux; Android 6.0.1; Nexus 5X Build/MMB29P) AppleWebKit/537.36 (KHTML, like Gecko) Chrome/41.0.2272.96 Mobile Safari/537.36 (compatible; Googlebot/2.1; +http://www.google.com/bot.html)"
66.249.79.194 - - [30/Sep/2019:06:22:50 +0000] "GET /test/ssi/test.shtml HTTP/1.0" 200 2034 "-" "Mozilla/5.0 (Linux; Android 6.0.1; Nexus 5X Build/MMB29P) AppleWebKit/537.36 (KHTML, like Gecko) Chrome/41.0.2272.96 Mobile Safari/537.36 (compatible; Googlebot/2.1; +http://www.google.com/bot.html)"
66.249.79.194 - - [30/Sep/2019:06:22:54 +0000] "GET /css/style.css HTTP/1.0" 200 413 "https://www.saratogahistory.com/test/ssi/test.shtml" "Mozilla/5.0 (Linux; Android 6.0.1; Nexus 5X Build/MMB29P) AppleWebKit/537.36 (KHTML, like Gecko) Chrome/41.0.2272.96 Mobile Safari/537.36 (compatible; Googlebot/2.1; +http://www.google.com/bot.html)"
66.249.79.198 - - [30/Sep/2019:06:24:00 +0000] "GET /test/php/test.php HTTP/1.0" 200 2286 "-" "Mozilla/5.0 (Linux; Android 6.0.1; Nexus 5X Build/MMB29P) AppleWebKit/537.36 (KHTML, like Gecko) Chrome/41.0.2272.96 Mobile Safari/537.36 (compatible; Googlebot/2.1; +http://www.google.com/bot.html)"
103.214.235.222 - - [30/Sep/2019:13:14:32 +0000] "GET / HTTP/1.1" 200 7226 "-" "Mozilla/5.0 (X11; Ubuntu; Linux x86_64; rv:69.0) Gecko/20100101 Firefox/69.0"
103.214.235.222 - - [30/Sep/2019:13:14:32 +0000] "GET /css/style.css HTTP/1.1" 200 7713 "https://www.saratogahistory.com:7081/" "Mozilla/5.0 (X11; Ubuntu; Linux x86_64; rv:69.0) Gecko/20100101 Firefox/69.0"
103.214.235.222 - - [30/Sep/2019:13:14:32 +0000] "GET /img/globe.png HTTP/1.1" 200 50045 "https://www.saratogahistory.com:7081/css/style.css" "Mozilla/5.0 (X11; Ubuntu; Linux x86_64; rv:69.0) Gecko/20100101 Firefox/69.0"
103.214.235.222 - - [30/Sep/2019:13:14:33 +0000] "GET /img/blog.png HTTP/1.1" 200 2813 "https://www.saratogahistory.com:7081/css/style.css" "Mozilla/5.0 (X11; Ubuntu; Linux x86_64; rv:69.0) Gecko/20100101 Firefox/69.0"
103.214.235.222 - - [30/Sep/2019:13:14:33 +0000] "GET /img/forum.png HTTP/1.1" 200 3910 "https://www.saratogahistory.com:7081/css/style.css" "Mozilla/5.0 (X11; Ubuntu; Linux x86_64; rv:69.0) Gecko/20100101 Firefox/69.0"
103.214.235.222 - - [30/Sep/2019:13:14:33 +0000] "GET /img/knowledge-base.png HTTP/1.1" 200 1980 "https://www.saratogahistory.com:7081/css/style.css" "Mozilla/5.0 (X11; Ubuntu; Linux x86_64; rv:69.0) Gecko/20100101 Firefox/69.0"
103.214.235.222 - - [30/Sep/2019:13:14:33 +0000] "GET /img/facebook.png HTTP/1.1" 200 2418 "https://www.saratogahistory.com:7081/css/style.css" "Mozilla/5.0 (X11; Ubuntu; Linux x86_64; rv:69.0) Gecko/20100101 Firefox/69.0"
103.214.235.222 - - [30/Sep/2019:13:14:33 +0000] "GET /img/logo.png HTTP/1.1" 200 18703 "https://www.saratogahistory.com:7081/" "Mozilla/5.0 (X11; Ubuntu; Linux x86_64; rv:69.0) Gecko/20100101 Firefox/69.0"
103.214.235.222 - - [30/Sep/2019:13:14:33 +0000] "GET /img/twitter.png HTTP/1.1" 200 2649 "https://www.saratogahistory.com:7081/css/style.css" "Mozilla/5.0 (X11; Ubuntu; Linux x86_64; rv:69.0) Gecko/20100101 Firefox/69.0"
103.214.235.222 - - [30/Sep/2019:13:14:33 +0000] "GET /img/linkedin.png HTTP/1.1" 200 1083 "https://www.saratogahistory.com:7081/css/style.css" "Mozilla/5.0 (X11; Ubuntu; Linux x86_64; rv:69.0) Gecko/20100101 Firefox/69.0"
103.214.235.222 - - [30/Sep/2019:13:14:33 +0000] "GET /img/fastcgi.png HTTP/1.1" 200 3868 "https://www.saratogahistory.com:7081/css/style.css" "Mozilla/5.0 (X11; Ubuntu; Linux x86_64; rv:69.0) Gecko/20100101 Firefox/69.0"
103.214.235.222 - - [30/Sep/2019:13:14:33 +0000] "GET /img/php.png HTTP/1.1" 200 3042 "https://www.saratogahistory.com:7081/css/style.css" "Mozilla/5.0 (X11; Ubuntu; Linux x86_64; rv:69.0) Gecko/20100101 Firefox/69.0"
103.214.235.222 - - [30/Sep/2019:13:14:33 +0000] "GET /img/ssi.png HTTP/1.1" 200 2053 "https://www.saratogahistory.com:7081/css/style.css" "Mozilla/5.0 (X11; Ubuntu; Linux x86_64; rv:69.0) Gecko/20100101 Firefox/69.0"
103.214.235.222 - - [30/Sep/2019:13:14:34 +0000] "GET /favicon.ico HTTP/1.1" 200 113999 "-" "Mozilla/5.0 (X11; Ubuntu; Linux x86_64; rv:69.0) Gecko/20100101 Firefox/69.0"
137.226.113.26 - - [30/Sep/2019:14:13:09 +0000] "GET / HTTP/1.0" 200 1792 "-" "Mozilla/5.0 zgrab/0.x (compatible; Researchscan/t13rl; +http://researchscan.comsys.rwth-aachen.de)"
66.249.79.198 - - [30/Sep/2019:21:12:30 +0000] "GET /ads.txt HTTP/1.0" 404 2649 "-" "Mozilla/5.0 (compatible; Googlebot/2.1; +http://www.google.com/bot.html)"
157.55.39.31 - - [01/Oct/2019:01:49:11 +0000] "GET /robots.txt HTTP/1.0" 200 2506 "-" "Mozilla/5.0 (compatible; bingbot/2.0; +http://www.bing.com/bingbot.htm)"
157.55.39.31 - - [01/Oct/2019:01:49:23 +0000] "GET /robots.txt HTTP/1.0" 200 1124 "-" "Mozilla/5.0 (compatible; bingbot/2.0; +http://www.bing.com/bingbot.htm)"
157.55.39.19 - - [01/Oct/2019:01:52:46 +0000] "GET /robots.txt HTTP/1.0" 200 1124 "-" "Mozilla/5.0 (compatible; bingbot/2.0; +http://www.bing.com/bingbot.htm)"
157.55.39.19 - - [01/Oct/2019:01:52:57 +0000] "GET /robots.txt HTTP/1.0" 200 1124 "-" "Mozilla/5.0 (compatible; bingbot/2.0; +http://www.bing.com/bingbot.htm)"
157.55.39.181 - - [01/Oct/2019:01:54:16 +0000] "GET / HTTP/1.0" 200 1792 "-" "Mozilla/5.0 (compatible; bingbot/2.0; +http://www.bing.com/bingbot.htm)"
157.55.39.31 - - [01/Oct/2019:01:55:46 +0000] "GET /robots.txt HTTP/1.0" 200 1124 "-" "Mozilla/5.0 (compatible; bingbot/2.0; +http://www.bing.com/bingbot.htm)"
157.55.39.31 - - [01/Oct/2019:01:55:57 +0000] "GET /robots.txt HTTP/1.0" 200 1124 "-" "Mozilla/5.0 (compatible; bingbot/2.0; +http://www.bing.com/bingbot.htm)"
185.229.144.22 - - [01/Oct/2019:02:49:58 +0000] "GET / HTTP/1.0" 200 1792 "-" "Mozilla/4.0 (compatible; MSIE 7.0; Windows NT 5.0) Match by Siteimprove.com"
66.249.79.194 - - [30/Sep/2019:06:13:52 +0000] "GET / HTTP/1.1" 200 5338 "-" "Mozilla/5.0 (Linux; Android 6.0.1; Nexus 5X Build/MMB29P) AppleWebKit/537.36 (KHTML, like Gecko) Chrome/41.0.2272.96 Mobile Safari/537.36 (compatible; Googlebot/2.1; +http://www.google.com/bot.html)"
66.249.79.198 - - [30/Sep/2019:06:13:55 +0000] "GET /css/style.css HTTP/1.1" 200 7366 "https://www.saratogahistory.com/" "Mozilla/5.0 (Linux; Android 6.0.1; Nexus 5X Build/MMB29P) AppleWebKit/537.36 (KHTML, like Gecko) Chrome/41.0.2272.96 Mobile Safari/537.36 (compatible; Googlebot/2.1; +http://www.google.com/bot.html)"
107.6.183.226 - - [30/Sep/2019:06:15:04 +0000] "GET / HTTP/1.1" 200 5338 "-" "Mozilla/5.0 (Windows NT 10.0; WOW64) AppleWebKit/537.36 (KHTML, like Gecko) Chrome/66.0.3359.117 Safari/537.36"
66.249.79.198 - - [30/Sep/2019:06:19:14 +0000] "GET /test/ssi/test.html HTTP/1.1" 200 1950 "-" "Mozilla/5.0 (Linux; Android 6.0.1; Nexus 5X Build/MMB29P) AppleWebKit/537.36 (KHTML, like Gecko) Chrome/41.0.2272.96 Mobile Safari/537.36 (compatible; Googlebot/2.1; +http://www.google.com/bot.html)"
66.249.79.198 - - [30/Sep/2019:06:22:04 +0000] "GET /test/php/test.html HTTP/1.1" 200 1945 "-" "Mozilla/5.0 (Linux; Android 6.0.1; Nexus 5X Build/MMB29P) AppleWebKit/537.36 (KHTML, like Gecko) Chrome/41.0.2272.96 Mobile Safari/537.36 (compatible; Googlebot/2.1; +http://www.google.com/bot.html)"
66.249.79.197 - - [30/Sep/2019:06:22:10 +0000] "GET /css/style.css HTTP/1.1" 200 7366 "https://www.saratogahistory.com/test/php/test.html" "Mozilla/5.0 (Linux; Android 6.0.1; Nexus 5X Build/MMB29P) AppleWebKit/537.36 (KHTML, like Gecko) Chrome/41.0.2272.96 Mobile Safari/537.36 (compatible; Googlebot/2.1; +http://www.google.com/bot.html)"
66.249.79.194 - - [30/Sep/2019:06:22:54 +0000] "GET /css/style.css HTTP/1.1" 200 7366 "https://www.saratogahistory.com/test/ssi/test.shtml" "Mozilla/5.0 (Linux; Android 6.0.1; Nexus 5X Build/MMB29P) AppleWebKit/537.36 (KHTML, like Gecko) Chrome/41.0.2272.96 Mobile Safari/537.36 (compatible; Googlebot/2.1; +http://www.google.com/bot.html)"
137.226.113.26 - - [30/Sep/2019:14:13:09 +0000] "GET / HTTP/1.1" 200 26658 "-" "Mozilla/5.0 zgrab/0.x (compatible; Researchscan/t13rl; +http://researchscan.comsys.rwth-aachen.de)"
157.55.39.181 - - [01/Oct/2019:01:54:16 +0000] "GET / HTTP/1.1" 200 26658 "-" "Mozilla/5.0 (compatible; bingbot/2.0; +http://www.bing.com/bingbot.htm)"
185.229.144.22 - - [01/Oct/2019:02:49:58 +0000] "GET / HTTP/1.1" 200 26658 "-" "Mozilla/4.0 (compatible; MSIE 7.0; Windows NT 5.0) Match by Siteimprove.com"
40.77.167.108 - - [01/Oct/2019:11:58:43 +0000] "GET /admin/ HTTP/1.0" 401 2936 "-" "Mozilla/5.0 (compatible; bingbot/2.0; +http://www.bing.com/bingbot.htm)"
157.55.39.106 - - [01/Oct/2019:12:00:44 +0000] "GET /History/cob.htm HTTP/1.0" 200 416 "-" "Mozilla/5.0 (compatible; bingbot/2.0; +http://www.bing.com/bingbot.htm)"
207.46.13.144 - - [01/Oct/2019:12:03:16 +0000] "GET /www.amazonsmile.com HTTP/1.0" 404 1267 "-" "Mozilla/5.0 (compatible; bingbot/2.0; +http://www.bing.com/bingbot.htm)"
40.77.167.108 - - [01/Oct/2019:12:13:13 +0000] "GET /History/PIrailroad.htm HTTP/1.0" 200 1805 "-" "Mozilla/5.0 (compatible; bingbot/2.0; +http://www.bing.com/bingbot.htm)"
40.77.167.108 - - [01/Oct/2019:12:27:00 +0000] "GET /History/called_saratoga.htm HTTP/1.0" 200 1810 "-" "Mozilla/5.0 (compatible; bingbot/2.0; +http://www.bing.com/bingbot.htm)"
157.55.39.106 - - [01/Oct/2019:12:34:37 +0000] "GET /History/sarah_brown.htm HTTP/1.0" 200 1806 "-" "Mozilla/5.0 (compatible; bingbot/2.0; +http://www.bing.com/bingbot.htm)"
157.55.39.125 - - [01/Oct/2019:12:47:46 +0000] "GET /History/WWII.htm HTTP/1.0" 200 1799 "-" "Mozilla/5.0 (compatible; bingbot/2.0; +http://www.bing.com/bingbot.htm)"
157.55.39.125 - - [01/Oct/2019:12:56:59 +0000] "GET /phpBB/index.php HTTP/1.0" 500 1749 "-" "Mozilla/5.0 (compatible; bingbot/2.0; +http://www.bing.com/bingbot.htm)"
207.46.13.138 - - [01/Oct/2019:13:03:04 +0000] "GET /History/WWI.htm HTTP/1.0" 200 1798 "-" "Mozilla/5.0 (compatible; bingbot/2.0; +http://www.bing.com/bingbot.htm)"
40.77.167.108 - - [01/Oct/2019:13:03:08 +0000] "GET /membership.htm HTTP/1.0" 200 415 "-" "Mozilla/5.0 (compatible; bingbot/2.0; +http://www.bing.com/bingbot.htm)"
40.77.167.108 - - [01/Oct/2019:13:10:07 +0000] "GET /History/abijah_mccall.htm HTTP/1.0" 200 1808 "-" "Mozilla/5.0 (compatible; bingbot/2.0; +http://www.bing.com/bingbot.htm)"
207.46.13.144 - - [01/Oct/2019:13:18:26 +0000] "GET /History/KoreanWar.htm HTTP/1.0" 200 1804 "-" "Mozilla/5.0 (compatible; bingbot/2.0; +http://www.bing.com/bingbot.htm)"
40.77.167.108 - - [01/Oct/2019:14:29:35 +0000] "GET /volunteers.htm HTTP/1.0" 200 1797 "-" "Mozilla/5.0 (compatible; bingbot/2.0; +http://www.bing.com/bingbot.htm)"
207.46.13.144 - - [01/Oct/2019:14:29:46 +0000] "GET /History/kevin_moran.htm HTTP/1.0" 200 424 "-" "Mozilla/5.0 (compatible; bingbot/2.0; +http://www.bing.com/bingbot.htm)"
40.77.167.108 - - [01/Oct/2019:14:30:45 +0000] "GET /History/foothillclub.htm HTTP/1.0" 200 425 "-" "Mozilla/5.0 (compatible; bingbot/2.0; +http://www.bing.com/bingbot.htm)"
40.77.167.108 - - [01/Oct/2019:14:31:51 +0000] "GET /misc%20documents/RayCosynLectures.pdf HTTP/1.0" 200 442 "-" "Mozilla/5.0 (compatible; bingbot/2.0; +http://www.bing.com/bingbot.htm)"
207.46.13.144 - - [01/Oct/2019:14:32:01 +0000] "GET /History/winehistory.htm HTTP/1.0" 200 424 "-" "Mozilla/5.0 (compatible; bingbot/2.0; +http://www.bing.com/bingbot.htm)"
207.46.13.138 - - [01/Oct/2019:14:32:12 +0000] "GET /History/saratoga-women.htm HTTP/1.0" 200 427 "-" "Mozilla/5.0 (compatible; bingbot/2.0; +http://www.bing.com/bingbot.htm)"
207.46.13.138 - - [01/Oct/2019:14:32:13 +0000] "GET /History/japanese_gardens.htm HTTP/1.0" 200 429 "-" "Mozilla/5.0 (compatible; bingbot/2.0; +http://www.bing.com/bingbot.htm)"
207.46.13.138 - - [01/Oct/2019:14:32:15 +0000] "GET /educational/programs.htm HTTP/1.0" 200 425 "-" "Mozilla/5.0 (compatible; bingbot/2.0; +http://www.bing.com/bingbot.htm)"
207.46.13.144 - - [01/Oct/2019:14:33:16 +0000] "GET /History/peeper.htm HTTP/1.0" 200 419 "-" "Mozilla/5.0 (compatible; bingbot/2.0; +http://www.bing.com/bingbot.htm)"
157.55.39.125 - - [01/Oct/2019:14:33:27 +0000] "GET /History/bibliography.htm HTTP/1.0" 200 425 "-" "Mozilla/5.0 (compatible; bingbot/2.0; +http://www.bing.com/bingbot.htm)"
157.55.39.125 - - [01/Oct/2019:14:33:28 +0000] "GET /overview.htm HTTP/1.0" 200 413 "-" "Mozilla/5.0 (compatible; bingbot/2.0; +http://www.bing.com/bingbot.htm)"
157.55.39.125 - - [01/Oct/2019:14:33:29 +0000] "GET /location_and_hours.htm HTTP/1.0" 200 423 "-" "Mozilla/5.0 (compatible; bingbot/2.0; +http://www.bing.com/bingbot.htm)"
157.55.39.125 - - [01/Oct/2019:14:33:30 +0000] "GET /newsletter.htm HTTP/1.0" 200 415 "-" "Mozilla/5.0 (compatible; bingbot/2.0; +http://www.bing.com/bingbot.htm)"
66.249.66.194 - - [01/Oct/2019:15:50:25 +0000] "GET /robots.txt HTTP/1.0" 200 2506 "-" "Mozilla/5.0 (compatible; Googlebot/2.1; +http://www.google.com/bot.html)"
66.249.66.194 - - [01/Oct/2019:15:50:25 +0000] "GET /test/fcgi/test.html HTTP/1.0" 200 420 "-" "Mozilla/5.0 (Linux; Android 6.0.1; Nexus 5X Build/MMB29P) AppleWebKit/537.36 (KHTML, like Gecko) Chrome/41.0.2272.96 Mobile Safari/537.36 (compatible; Googlebot/2.1; +http://www.google.com/bot.html)"
207.46.13.144 - - [01/Oct/2019:15:50:47 +0000] "GET /inthenews/ HTTP/1.0" 200 421 "-" "Mozilla/5.0 (compatible; bingbot/2.0; +http://www.bing.com/bingbot.htm)"
66.249.66.197 - - [01/Oct/2019:15:51:42 +0000] "GET /test/fcgi/test.fcgi?1568160000000 HTTP/1.0" 200 2314 "https://www.saratogahistory.com/test/fcgi/test.html" "Mozilla/5.0 (Linux; Android 6.0.1; Nexus 5X Build/MMB29P) AppleWebKit/537.36 (KHTML, like Gecko) Chrome/41.0.2272.96 Mobile Safari/537.36 (compatible; Googlebot/2.1; +http://www.google.com/bot.html)"
66.249.66.194 - - [01/Oct/2019:15:56:53 +0000] "GET /index.html HTTP/1.0" 404 2649 "-" "Mozilla/5.0 (Linux; Android 6.0.1; Nexus 5X Build/MMB29P) AppleWebKit/537.36 (KHTML, like Gecko) Chrome/41.0.2272.96 Mobile Safari/537.36 (compatible; Googlebot/2.1; +http://www.google.com/bot.html)"
66.249.66.197 - - [01/Oct/2019:16:11:11 +0000] "GET /test/fcgi/test.fcgi HTTP/1.0" 200 3478 "-" "Mozilla/5.0 (Linux; Android 6.0.1; Nexus 5X Build/MMB29P) AppleWebKit/537.36 (KHTML, like Gecko) Chrome/41.0.2272.96 Mobile Safari/537.36 (compatible; Googlebot/2.1; +http://www.google.com/bot.html)"
66.249.66.194 - - [01/Oct/2019:17:29:23 +0000] "GET /ads.txt HTTP/1.0" 404 2649 "-" "Mozilla/5.0 (compatible; Googlebot/2.1; +http://www.google.com/bot.html)"
157.55.39.106 - - [01/Oct/2019:12:00:44 +0000] "GET /History/cob.htm HTTP/1.1" 200 14279 "-" "Mozilla/5.0 (compatible; bingbot/2.0; +http://www.bing.com/bingbot.htm)"
40.77.167.108 - - [01/Oct/2019:12:13:13 +0000] "GET /History/PIrailroad.htm HTTP/1.1" 200 26250 "-" "Mozilla/5.0 (compatible; bingbot/2.0; +http://www.bing.com/bingbot.htm)"
40.77.167.108 - - [01/Oct/2019:12:27:00 +0000] "GET /History/called_saratoga.htm HTTP/1.1" 200 38723 "-" "Mozilla/5.0 (compatible; bingbot/2.0; +http://www.bing.com/bingbot.htm)"
157.55.39.106 - - [01/Oct/2019:12:34:37 +0000] "GET /History/sarah_brown.htm HTTP/1.1" 200 20264 "-" "Mozilla/5.0 (compatible; bingbot/2.0; +http://www.bing.com/bingbot.htm)"
157.55.39.125 - - [01/Oct/2019:12:47:46 +0000] "GET /History/WWII.htm HTTP/1.1" 200 25600 "-" "Mozilla/5.0 (compatible; bingbot/2.0; +http://www.bing.com/bingbot.htm)"
207.46.13.138 - - [01/Oct/2019:13:03:04 +0000] "GET /History/WWI.htm HTTP/1.1" 200 18671 "-" "Mozilla/5.0 (compatible; bingbot/2.0; +http://www.bing.com/bingbot.htm)"
40.77.167.108 - - [01/Oct/2019:13:03:08 +0000] "GET /membership.htm HTTP/1.1" 200 9691 "-" "Mozilla/5.0 (compatible; bingbot/2.0; +http://www.bing.com/bingbot.htm)"
40.77.167.108 - - [01/Oct/2019:13:10:07 +0000] "GET /History/abijah_mccall.htm HTTP/1.1" 200 11686 "-" "Mozilla/5.0 (compatible; bingbot/2.0; +http://www.bing.com/bingbot.htm)"
207.46.13.144 - - [01/Oct/2019:13:18:26 +0000] "GET /History/KoreanWar.htm HTTP/1.1" 200 9020 "-" "Mozilla/5.0 (compatible; bingbot/2.0; +http://www.bing.com/bingbot.htm)"
40.77.167.108 - - [01/Oct/2019:14:29:35 +0000] "GET /volunteers.htm HTTP/1.1" 200 12416 "-" "Mozilla/5.0 (compatible; bingbot/2.0; +http://www.bing.com/bingbot.htm)"
207.46.13.144 - - [01/Oct/2019:14:29:46 +0000] "GET /History/kevin_moran.htm HTTP/1.1" 200 13066 "-" "Mozilla/5.0 (compatible; bingbot/2.0; +http://www.bing.com/bingbot.htm)"
40.77.167.108 - - [01/Oct/2019:14:30:45 +0000] "GET /History/foothillclub.htm HTTP/1.1" 200 10896 "-" "Mozilla/5.0 (compatible; bingbot/2.0; +http://www.bing.com/bingbot.htm)"
40.77.167.108 - - [01/Oct/2019:14:31:51 +0000] "GET /misc%20documents/RayCosynLectures.pdf HTTP/1.1" 200 48887 "-" "Mozilla/5.0 (compatible; bingbot/2.0; +http://www.bing.com/bingbot.htm)"
207.46.13.144 - - [01/Oct/2019:14:32:01 +0000] "GET /History/winehistory.htm HTTP/1.1" 200 11083 "-" "Mozilla/5.0 (compatible; bingbot/2.0; +http://www.bing.com/bingbot.htm)"
207.46.13.138 - - [01/Oct/2019:14:32:12 +0000] "GET /History/saratoga-women.htm HTTP/1.1" 200 14684 "-" "Mozilla/5.0 (compatible; bingbot/2.0; +http://www.bing.com/bingbot.htm)"
207.46.13.138 - - [01/Oct/2019:14:32:13 +0000] "GET /History/japanese_gardens.htm HTTP/1.1" 200 15793 "-" "Mozilla/5.0 (compatible; bingbot/2.0; +http://www.bing.com/bingbot.htm)"
207.46.13.138 - - [01/Oct/2019:14:32:15 +0000] "GET /educational/programs.htm HTTP/1.1" 200 11173 "-" "Mozilla/5.0 (compatible; bingbot/2.0; +http://www.bing.com/bingbot.htm)"
207.46.13.144 - - [01/Oct/2019:14:33:16 +0000] "GET /History/peeper.htm HTTP/1.1" 200 29094 "-" "Mozilla/5.0 (compatible; bingbot/2.0; +http://www.bing.com/bingbot.htm)"
157.55.39.125 - - [01/Oct/2019:14:33:27 +0000] "GET /History/bibliography.htm HTTP/1.1" 200 18369 "-" "Mozilla/5.0 (compatible; bingbot/2.0; +http://www.bing.com/bingbot.htm)"
157.55.39.125 - - [01/Oct/2019:14:33:28 +0000] "GET /overview.htm HTTP/1.1" 200 9145 "-" "Mozilla/5.0 (compatible; bingbot/2.0; +http://www.bing.com/bingbot.htm)"
157.55.39.125 - - [01/Oct/2019:14:33:29 +0000] "GET /location_and_hours.htm HTTP/1.1" 200 10261 "-" "Mozilla/5.0 (compatible; bingbot/2.0; +http://www.bing.com/bingbot.htm)"
157.55.39.125 - - [01/Oct/2019:14:33:30 +0000] "GET /newsletter.htm HTTP/1.1" 200 16871 "-" "Mozilla/5.0 (compatible; bingbot/2.0; +http://www.bing.com/bingbot.htm)"
66.249.66.194 - - [01/Oct/2019:15:50:25 +0000] "GET /test/fcgi/test.html HTTP/1.1" 200 1953 "-" "Mozilla/5.0 (Linux; Android 6.0.1; Nexus 5X Build/MMB29P) AppleWebKit/537.36 (KHTML, like Gecko) Chrome/41.0.2272.96 Mobile Safari/537.36 (compatible; Googlebot/2.1; +http://www.google.com/bot.html)"
207.46.13.144 - - [01/Oct/2019:15:50:47 +0000] "GET /inthenews/ HTTP/1.1" 200 11845 "-" "Mozilla/5.0 (compatible; bingbot/2.0; +http://www.bing.com/bingbot.htm)"
40.77.167.124 - - [02/Oct/2019:05:50:36 +0000] "GET / HTTP/1.0" 200 1792 "-" "Mozilla/5.0 (compatible; bingbot/2.0; +http://www.bing.com/bingbot.htm)"
157.55.39.25 - - [02/Oct/2019:08:38:25 +0000] "GET /robots.txt HTTP/1.0" 200 2506 "-" "Mozilla/5.0 (compatible; bingbot/2.0; +http://www.bing.com/bingbot.htm)"
157.55.39.25 - - [02/Oct/2019:08:38:25 +0000] "GET /robots.txt HTTP/1.0" 200 1124 "-" "Mozilla/5.0 (compatible; bingbot/2.0; +http://www.bing.com/bingbot.htm)"
66.249.64.70 - - [02/Oct/2019:10:25:25 +0000] "GET / HTTP/1.0" 200 1792 "-" "Mozilla/5.0 (compatible; Googlebot/2.1; +http://www.google.com/bot.html)"
66.249.64.66 - - [02/Oct/2019:13:56:26 +0000] "GET /ads.txt HTTP/1.0" 404 2649 "-" "Mozilla/5.0 (compatible; Googlebot/2.1; +http://www.google.com/bot.html)"
40.77.167.225 - - [02/Oct/2019:22:58:15 +0000] "GET /www.amazonsmile.com HTTP/1.0" 404 2649 "-" "Mozilla/5.0 (compatible; bingbot/2.0; +http://www.bing.com/bingbot.htm)"
40.77.167.124 - - [02/Oct/2019:05:50:36 +0000] "GET / HTTP/1.1" 200 26644 "-" "Mozilla/5.0 (compatible; bingbot/2.0; +http://www.bing.com/bingbot.htm)"
66.249.64.70 - - [02/Oct/2019:10:25:25 +0000] "GET / HTTP/1.1" 200 26644 "-" "Mozilla/5.0 (compatible; Googlebot/2.1; +http://www.google.com/bot.html)"
157.55.39.14 - - [03/Oct/2019:04:14:43 +0000] "GET /robots.txt HTTP/1.0" 200 2506 "-" "Mozilla/5.0 (compatible; bingbot/2.0; +http://www.bing.com/bingbot.htm)"
157.55.39.14 - - [03/Oct/2019:04:14:44 +0000] "GET /robots.txt HTTP/1.0" 200 1124 "-" "Mozilla/5.0 (compatible; bingbot/2.0; +http://www.bing.com/bingbot.htm)"
66.249.73.70 - - [03/Oct/2019:09:28:42 +0000] "GET /robots.txt HTTP/1.0" 200 2506 "-" "Mozilla/5.0 (compatible; Googlebot/2.1; +http://www.google.com/bot.html)"
66.249.73.66 - - [03/Oct/2019:09:28:42 +0000] "GET /ads.txt HTTP/1.0" 404 1267 "-" "Mozilla/5.0 (compatible; Googlebot/2.1; +http://www.google.com/bot.html)"
66.249.73.70 - - [03/Oct/2019:11:48:53 +0000] "GET / HTTP/1.0" 200 1792 "-" "Mozilla/5.0 (compatible; Googlebot/2.1; +http://www.google.com/bot.html)"
66.249.73.69 - - [03/Oct/2019:12:11:18 +0000] "GET /css/shf.css HTTP/1.0" 200 1793 "https://www.saratogahistory.com/" "Mozilla/5.0 AppleWebKit/537.36 (KHTML, like Gecko; compatible; Googlebot/2.1; +http://www.google.com/bot.html) Safari/537.36"
66.249.73.70 - - [03/Oct/2019:12:11:19 +0000] "GET /javascript/quickmenu.js HTTP/1.0" 200 437 "https://www.saratogahistory.com/" "Mozilla/5.0 AppleWebKit/537.36 (KHTML, like Gecko; compatible; Googlebot/2.1; +http://www.google.com/bot.html) Safari/537.36"
66.249.73.70 - - [03/Oct/2019:12:39:36 +0000] "GET / HTTP/1.0" 200 1792 "-" "Mozilla/5.0 (Linux; Android 6.0.1; Nexus 5X Build/MMB29P) AppleWebKit/537.36 (KHTML, like Gecko) Chrome/41.0.2272.96 Mobile Safari/537.36 (compatible; Googlebot/2.1; +http://www.google.com/bot.html)"
66.249.73.70 - - [03/Oct/2019:14:03:35 +0000] "GET /css/shf.css HTTP/1.0" 200 1793 "https://www.saratogahistory.com/" "Mozilla/5.0 (Linux; Android 6.0.1; Nexus 5X Build/MMB29P) AppleWebKit/537.36 (KHTML, like Gecko) Chrome/41.0.2272.96 Mobile Safari/537.36 (compatible; Googlebot/2.1; +http://www.google.com/bot.html)"
66.249.73.70 - - [03/Oct/2019:14:03:36 +0000] "GET /css/quickmenu.css HTTP/1.0" 200 417 "https://www.saratogahistory.com/" "Mozilla/5.0 (Linux; Android 6.0.1; Nexus 5X Build/MMB29P) AppleWebKit/537.36 (KHTML, like Gecko) Chrome/41.0.2272.96 Mobile Safari/537.36 (compatible; Googlebot/2.1; +http://www.google.com/bot.html)"
35.197.25.13 - - [04/Oct/2019:03:12:06 +0000] "GET / HTTP/1.0" 200 1792 "https://saratogahistory.com" "Mozilla/5.0 (Windows NT 10.0; Win64; x64; rv:56.0) Gecko/20100101 Firefox/56.0"
66.249.73.70 - - [03/Oct/2019:11:48:53 +0000] "GET / HTTP/1.1" 200 26644 "-" "Mozilla/5.0 (compatible; Googlebot/2.1; +http://www.google.com/bot.html)"
66.249.73.69 - - [03/Oct/2019:12:11:18 +0000] "GET /css/shf.css HTTP/1.1" 200 5498 "https://www.saratogahistory.com/" "Mozilla/5.0 AppleWebKit/537.36 (KHTML, like Gecko; compatible; Googlebot/2.1; +http://www.google.com/bot.html) Safari/537.36"
66.249.73.70 - - [03/Oct/2019:12:11:19 +0000] "GET /javascript/quickmenu.js HTTP/1.1" 200 15419 "https://www.saratogahistory.com/" "Mozilla/5.0 AppleWebKit/537.36 (KHTML, like Gecko; compatible; Googlebot/2.1; +http://www.google.com/bot.html) Safari/537.36"
66.249.73.70 - - [03/Oct/2019:12:39:36 +0000] "GET / HTTP/1.1" 200 26644 "-" "Mozilla/5.0 (Linux; Android 6.0.1; Nexus 5X Build/MMB29P) AppleWebKit/537.36 (KHTML, like Gecko) Chrome/41.0.2272.96 Mobile Safari/537.36 (compatible; Googlebot/2.1; +http://www.google.com/bot.html)"
66.249.73.70 - - [03/Oct/2019:14:03:35 +0000] "GET /css/shf.css HTTP/1.1" 200 5498 "https://www.saratogahistory.com/" "Mozilla/5.0 (Linux; Android 6.0.1; Nexus 5X Build/MMB29P) AppleWebKit/537.36 (KHTML, like Gecko) Chrome/41.0.2272.96 Mobile Safari/537.36 (compatible; Googlebot/2.1; +http://www.google.com/bot.html)"
66.249.73.70 - - [03/Oct/2019:14:03:36 +0000] "GET /css/quickmenu.css HTTP/1.1" 200 4355 "https://www.saratogahistory.com/" "Mozilla/5.0 (Linux; Android 6.0.1; Nexus 5X Build/MMB29P) AppleWebKit/537.36 (KHTML, like Gecko) Chrome/41.0.2272.96 Mobile Safari/537.36 (compatible; Googlebot/2.1; +http://www.google.com/bot.html)"
35.197.25.13 - - [04/Oct/2019:03:12:06 +0000] "GET / HTTP/1.1" 301 162 "-" "Mozilla/5.0 (Windows NT 10.0; Win64; x64; rv:56.0) Gecko/20100101 Firefox/56.0"
35.197.25.13 - - [04/Oct/2019:03:12:06 +0000] "GET / HTTP/1.1" 200 23976 "https://saratogahistory.com" "Mozilla/5.0 (Windows NT 10.0; Win64; x64; rv:56.0) Gecko/20100101 Firefox/56.0"
141.8.144.38 - - [04/Oct/2019:05:21:31 +0000] "GET /robots.txt HTTP/1.0" 200 2506 "-" "Mozilla/5.0 (compatible; YandexBot/3.0; +http://yandex.com/bots)"
5.255.250.81 - - [04/Oct/2019:05:21:36 +0000] "GET /robots.txt HTTP/1.0" 200 1124 "-" "Mozilla/5.0 (compatible; YandexBot/3.0; +http://yandex.com/bots)"
37.9.87.141 - - [04/Oct/2019:05:21:40 +0000] "GET /favicon.ico HTTP/1.0" 200 427 "-" "Mozilla/5.0 (compatible; YandexBot/3.0; +http://yandex.com/bots)"
66.249.64.69 - - [04/Oct/2019:07:23:05 +0000] "GET /ads.txt HTTP/1.0" 404 2649 "-" "Mozilla/5.0 (compatible; Googlebot/2.1; +http://www.google.com/bot.html)"
66.249.64.66 - - [04/Oct/2019:08:37:47 +0000] "GET / HTTP/1.0" 200 1792 "-" "Mozilla/5.0 (compatible; Googlebot/2.1; +http://www.google.com/bot.html)"
66.249.64.70 - - [04/Oct/2019:08:57:40 +0000] "GET / HTTP/1.0" 200 410 "-" "Mozilla/5.0 (Linux; Android 6.0.1; Nexus 5X Build/MMB29P) AppleWebKit/537.36 (KHTML, like Gecko) Chrome/41.0.2272.96 Mobile Safari/537.36 (compatible; Googlebot/2.1; +http://www.google.com/bot.html)"
66.249.64.69 - - [04/Oct/2019:10:41:28 +0000] "GET /robots.txt HTTP/1.0" 200 2506 "-" "Mozilla/5.0 (compatible; Googlebot/2.1; +http://www.google.com/bot.html)"
66.249.64.66 - - [04/Oct/2019:12:33:43 +0000] "GET /javascript/utilities.js HTTP/1.0" 200 1819 "https://www.saratogahistory.com/" "Mozilla/5.0 (Linux; Android 6.0.1; Nexus 5X Build/MMB29P) AppleWebKit/537.36 (KHTML, like Gecko) Chrome/41.0.2272.96 Mobile Safari/537.36 (compatible; Googlebot/2.1; +http://www.google.com/bot.html)"
66.249.64.66 - - [04/Oct/2019:12:33:44 +0000] "GET /javascript/quickmenu.js HTTP/1.0" 200 437 "https://www.saratogahistory.com/" "Mozilla/5.0 (Linux; Android 6.0.1; Nexus 5X Build/MMB29P) AppleWebKit/537.36 (KHTML, like Gecko) Chrome/41.0.2272.96 Mobile Safari/537.36 (compatible; Googlebot/2.1; +http://www.google.com/bot.html)"
66.249.64.66 - - [04/Oct/2019:12:33:45 +0000] "GET /css/quickmenu.css HTTP/1.0" 200 417 "https://www.saratogahistory.com/" "Mozilla/5.0 (Linux; Android 6.0.1; Nexus 5X Build/MMB29P) AppleWebKit/537.36 (KHTML, like Gecko) Chrome/41.0.2272.96 Mobile Safari/537.36 (compatible; Googlebot/2.1; +http://www.google.com/bot.html)"
66.249.64.69 - - [04/Oct/2019:15:45:08 +0000] "GET /css/quickmenu.css HTTP/1.0" 200 1799 "https://www.saratogahistory.com/" "Mozilla/5.0 AppleWebKit/537.36 (KHTML, like Gecko; compatible; Googlebot/2.1; +http://www.google.com/bot.html) Safari/537.36"
66.249.64.69 - - [04/Oct/2019:15:45:09 +0000] "GET /javascript/utilities.js HTTP/1.0" 200 437 "https://www.saratogahistory.com/" "Mozilla/5.0 AppleWebKit/537.36 (KHTML, like Gecko; compatible; Googlebot/2.1; +http://www.google.com/bot.html) Safari/537.36"
66.249.64.226 - - [04/Oct/2019:16:48:41 +0000] "GET / HTTP/1.0" 200 1792 "-" "Mozilla/5.0 (Linux; Android 6.0.1; Nexus 5X Build/MMB29P) AppleWebKit/537.36 (KHTML, like Gecko) Chrome/41.0.2272.96 Mobile Safari/537.36 (compatible; Googlebot/2.1; +http://www.google.com/bot.html)"
66.249.64.226 - - [04/Oct/2019:16:48:57 +0000] "GET /css/shf.css HTTP/1.0" 200 411 "https://www.saratogahistory.com/" "Mozilla/5.0 (Linux; Android 6.0.1; Nexus 5X Build/MMB29P) AppleWebKit/537.36 (KHTML, like Gecko) Chrome/41.0.2272.96 Mobile Safari/537.36 (compatible; Googlebot/2.1; +http://www.google.com/bot.html)"
66.249.64.227 - - [04/Oct/2019:16:48:58 +0000] "GET /css/quickmenu.css HTTP/1.0" 200 417 "https://www.saratogahistory.com/" "Mozilla/5.0 (Linux; Android 6.0.1; Nexus 5X Build/MMB29P) AppleWebKit/537.36 (KHTML, like Gecko) Chrome/41.0.2272.96 Mobile Safari/537.36 (compatible; Googlebot/2.1; +http://www.google.com/bot.html)"
66.249.64.227 - - [04/Oct/2019:16:48:58 +0000] "GET /javascript/quickmenu.js HTTP/1.0" 200 437 "https://www.saratogahistory.com/" "Mozilla/5.0 (Linux; Android 6.0.1; Nexus 5X Build/MMB29P) AppleWebKit/537.36 (KHTML, like Gecko) Chrome/41.0.2272.96 Mobile Safari/537.36 (compatible; Googlebot/2.1; +http://www.google.com/bot.html)"
66.249.64.227 - - [04/Oct/2019:16:48:58 +0000] "GET /javascript/utilities.js HTTP/1.0" 200 437 "https://www.saratogahistory.com/" "Mozilla/5.0 (Linux; Android 6.0.1; Nexus 5X Build/MMB29P) AppleWebKit/537.36 (KHTML, like Gecko) Chrome/41.0.2272.96 Mobile Safari/537.36 (compatible; Googlebot/2.1; +http://www.google.com/bot.html)"
66.249.64.226 - - [04/Oct/2019:16:55:30 +0000] "GET /History/sarah_brown.htm HTTP/1.0" 200 1806 "-" "Mozilla/5.0 (Linux; Android 6.0.1; Nexus 5X Build/MMB29P) AppleWebKit/537.36 (KHTML, like Gecko) Chrome/41.0.2272.96 Mobile Safari/537.36 (compatible; Googlebot/2.1; +http://www.google.com/bot.html)"
66.249.64.229 - - [04/Oct/2019:16:55:34 +0000] "GET /volunteers.htm HTTP/1.0" 200 415 "-" "Mozilla/5.0 (Linux; Android 6.0.1; Nexus 5X Build/MMB29P) AppleWebKit/537.36 (KHTML, like Gecko) Chrome/41.0.2272.96 Mobile Safari/537.36 (compatible; Googlebot/2.1; +http://www.google.com/bot.html)"
66.249.64.226 - - [04/Oct/2019:16:55:38 +0000] "GET /overview.htm HTTP/1.0" 200 413 "-" "Mozilla/5.0 (Linux; Android 6.0.1; Nexus 5X Build/MMB29P) AppleWebKit/537.36 (KHTML, like Gecko) Chrome/41.0.2272.96 Mobile Safari/537.36 (compatible; Googlebot/2.1; +http://www.google.com/bot.html)"
66.249.64.226 - - [04/Oct/2019:16:55:41 +0000] "GET /www.amazonsmile.com HTTP/1.0" 404 1267 "-" "Mozilla/5.0 (Linux; Android 6.0.1; Nexus 5X Build/MMB29P) AppleWebKit/537.36 (KHTML, like Gecko) Chrome/41.0.2272.96 Mobile Safari/537.36 (compatible; Googlebot/2.1; +http://www.google.com/bot.html)"
66.249.64.226 - - [04/Oct/2019:16:55:45 +0000] "GET /membership.htm HTTP/1.0" 200 415 "-" "Mozilla/5.0 (Linux; Android 6.0.1; Nexus 5X Build/MMB29P) AppleWebKit/537.36 (KHTML, like Gecko) Chrome/41.0.2272.96 Mobile Safari/537.36 (compatible; Googlebot/2.1; +http://www.google.com/bot.html)"
66.249.64.226 - - [04/Oct/2019:16:55:49 +0000] "GET /location_and_hours.htm HTTP/1.0" 200 423 "-" "Mozilla/5.0 (Linux; Android 6.0.1; Nexus 5X Build/MMB29P) AppleWebKit/537.36 (KHTML, like Gecko) Chrome/41.0.2272.96 Mobile Safari/537.36 (compatible; Googlebot/2.1; +http://www.google.com/bot.html)"
66.249.64.226 - - [04/Oct/2019:16:55:54 +0000] "GET /newsletter.htm HTTP/1.0" 200 415 "-" "Mozilla/5.0 (Linux; Android 6.0.1; Nexus 5X Build/MMB29P) AppleWebKit/537.36 (KHTML, like Gecko) Chrome/41.0.2272.96 Mobile Safari/537.36 (compatible; Googlebot/2.1; +http://www.google.com/bot.html)"
66.249.64.226 - - [04/Oct/2019:16:55:57 +0000] "GET /css/quickmenu.css HTTP/1.0" 200 417 "https://www.saratogahistory.com/location_and_hours.htm" "Mozilla/5.0 (Linux; Android 6.0.1; Nexus 5X Build/MMB29P) AppleWebKit/537.36 (KHTML, like Gecko) Chrome/41.0.2272.96 Mobile Safari/537.36 (compatible; Googlebot/2.1; +http://www.google.com/bot.html)"
66.249.64.226 - - [04/Oct/2019:16:55:58 +0000] "GET /javascript/utilities.js HTTP/1.0" 200 437 "https://www.saratogahistory.com/location_and_hours.htm" "Mozilla/5.0 (Linux; Android 6.0.1; Nexus 5X Build/MMB29P) AppleWebKit/537.36 (KHTML, like Gecko) Chrome/41.0.2272.96 Mobile Safari/537.36 (compatible; Googlebot/2.1; +http://www.google.com/bot.html)"
66.249.64.226 - - [04/Oct/2019:16:55:58 +0000] "GET /javascript/quickmenu.js HTTP/1.0" 200 437 "https://www.saratogahistory.com/location_and_hours.htm" "Mozilla/5.0 (Linux; Android 6.0.1; Nexus 5X Build/MMB29P) AppleWebKit/537.36 (KHTML, like Gecko) Chrome/41.0.2272.96 Mobile Safari/537.36 (compatible; Googlebot/2.1; +http://www.google.com/bot.html)"
66.249.64.226 - - [04/Oct/2019:16:55:59 +0000] "GET /css/shf.css HTTP/1.0" 200 411 "https://www.saratogahistory.com/location_and_hours.htm" "Mozilla/5.0 (Linux; Android 6.0.1; Nexus 5X Build/MMB29P) AppleWebKit/537.36 (KHTML, like Gecko) Chrome/41.0.2272.96 Mobile Safari/537.36 (compatible; Googlebot/2.1; +http://www.google.com/bot.html)"
66.249.64.226 - - [04/Oct/2019:16:55:59 +0000] "GET /board_of_directors.htm HTTP/1.0" 200 423 "-" "Mozilla/5.0 (Linux; Android 6.0.1; Nexus 5X Build/MMB29P) AppleWebKit/537.36 (KHTML, like Gecko) Chrome/41.0.2272.96 Mobile Safari/537.36 (compatible; Googlebot/2.1; +http://www.google.com/bot.html)"
66.249.64.229 - - [04/Oct/2019:16:56:07 +0000] "GET /admin/ HTTP/1.0" 401 1554 "-" "Mozilla/5.0 (Linux; Android 6.0.1; Nexus 5X Build/MMB29P) AppleWebKit/537.36 (KHTML, like Gecko) Chrome/41.0.2272.96 Mobile Safari/537.36 (compatible; Googlebot/2.1; +http://www.google.com/bot.html)"
66.249.64.226 - - [04/Oct/2019:16:56:15 +0000] "GET /History/peeper.htm HTTP/1.0" 200 419 "-" "Mozilla/5.0 (Linux; Android 6.0.1; Nexus 5X Build/MMB29P) AppleWebKit/537.36 (KHTML, like Gecko) Chrome/41.0.2272.96 Mobile Safari/537.36 (compatible; Googlebot/2.1; +http://www.google.com/bot.html)"
66.249.64.226 - - [04/Oct/2019:16:56:23 +0000] "GET /inthenews/ HTTP/1.0" 200 421 "-" "Mozilla/5.0 (Linux; Android 6.0.1; Nexus 5X Build/MMB29P) AppleWebKit/537.36 (KHTML, like Gecko) Chrome/41.0.2272.96 Mobile Safari/537.36 (compatible; Googlebot/2.1; +http://www.google.com/bot.html)"
66.249.64.226 - - [04/Oct/2019:16:56:31 +0000] "GET /History/cob.htm HTTP/1.0" 200 416 "-" "Mozilla/5.0 (Linux; Android 6.0.1; Nexus 5X Build/MMB29P) AppleWebKit/537.36 (KHTML, like Gecko) Chrome/41.0.2272.96 Mobile Safari/537.36 (compatible; Googlebot/2.1; +http://www.google.com/bot.html)"
66.249.64.226 - - [04/Oct/2019:16:56:40 +0000] "GET /History/KoreanWar.htm HTTP/1.0" 200 422 "-" "Mozilla/5.0 (Linux; Android 6.0.1; Nexus 5X Build/MMB29P) AppleWebKit/537.36 (KHTML, like Gecko) Chrome/41.0.2272.96 Mobile Safari/537.36 (compatible; Googlebot/2.1; +http://www.google.com/bot.html)"
66.249.64.226 - - [04/Oct/2019:16:56:48 +0000] "GET /History/WWI.htm HTTP/1.0" 200 416 "-" "Mozilla/5.0 (Linux; Android 6.0.1; Nexus 5X Build/MMB29P) AppleWebKit/537.36 (KHTML, like Gecko) Chrome/41.0.2272.96 Mobile Safari/537.36 (compatible; Googlebot/2.1; +http://www.google.com/bot.html)"
66.249.64.226 - - [04/Oct/2019:16:56:56 +0000] "GET /History/WWII.htm HTTP/1.0" 200 417 "-" "Mozilla/5.0 (Linux; Android 6.0.1; Nexus 5X Build/MMB29P) AppleWebKit/537.36 (KHTML, like Gecko) Chrome/41.0.2272.96 Mobile Safari/537.36 (compatible; Googlebot/2.1; +http://www.google.com/bot.html)"
66.249.64.229 - - [04/Oct/2019:16:57:04 +0000] "GET /History/mensclub.htm HTTP/1.0" 200 421 "-" "Mozilla/5.0 (Linux; Android 6.0.1; Nexus 5X Build/MMB29P) AppleWebKit/537.36 (KHTML, like Gecko) Chrome/41.0.2272.96 Mobile Safari/537.36 (compatible; Googlebot/2.1; +http://www.google.com/bot.html)"
66.249.64.227 - - [04/Oct/2019:16:57:12 +0000] "GET /History/kevin_moran.htm HTTP/1.0" 200 424 "-" "Mozilla/5.0 (Linux; Android 6.0.1; Nexus 5X Build/MMB29P) AppleWebKit/537.36 (KHTML, like Gecko) Chrome/41.0.2272.96 Mobile Safari/537.36 (compatible; Googlebot/2.1; +http://www.google.com/bot.html)"
66.249.64.226 - - [04/Oct/2019:16:57:21 +0000] "GET /History/winehistory.htm HTTP/1.0" 200 424 "-" "Mozilla/5.0 (Linux; Android 6.0.1; Nexus 5X Build/MMB29P) AppleWebKit/537.36 (KHTML, like Gecko) Chrome/41.0.2272.96 Mobile Safari/537.36 (compatible; Googlebot/2.1; +http://www.google.com/bot.html)"
66.249.64.226 - - [04/Oct/2019:16:57:29 +0000] "GET /History/PIrailroad.htm HTTP/1.0" 200 423 "-" "Mozilla/5.0 (Linux; Android 6.0.1; Nexus 5X Build/MMB29P) AppleWebKit/537.36 (KHTML, like Gecko) Chrome/41.0.2272.96 Mobile Safari/537.36 (compatible; Googlebot/2.1; +http://www.google.com/bot.html)"
66.249.64.226 - - [04/Oct/2019:16:57:37 +0000] "GET /educational/programs.htm HTTP/1.0" 200 425 "-" "Mozilla/5.0 (Linux; Android 6.0.1; Nexus 5X Build/MMB29P) AppleWebKit/537.36 (KHTML, like Gecko) Chrome/41.0.2272.96 Mobile Safari/537.36 (compatible; Googlebot/2.1; +http://www.google.com/bot.html)"
66.249.64.226 - - [04/Oct/2019:16:57:45 +0000] "GET /History/abijah_mccall.htm HTTP/1.0" 200 426 "-" "Mozilla/5.0 (Linux; Android 6.0.1; Nexus 5X Build/MMB29P) AppleWebKit/537.36 (KHTML, like Gecko) Chrome/41.0.2272.96 Mobile Safari/537.36 (compatible; Googlebot/2.1; +http://www.google.com/bot.html)"
66.249.64.226 - - [04/Oct/2019:16:57:53 +0000] "GET /History/saratoga-women.htm HTTP/1.0" 200 427 "-" "Mozilla/5.0 (Linux; Android 6.0.1; Nexus 5X Build/MMB29P) AppleWebKit/537.36 (KHTML, like Gecko) Chrome/41.0.2272.96 Mobile Safari/537.36 (compatible; Googlebot/2.1; +http://www.google.com/bot.html)"
66.249.64.226 - - [04/Oct/2019:16:58:01 +0000] "GET /History/foothillclub.htm HTTP/1.0" 200 425 "-" "Mozilla/5.0 (Linux; Android 6.0.1; Nexus 5X Build/MMB29P) AppleWebKit/537.36 (KHTML, like Gecko) Chrome/41.0.2272.96 Mobile Safari/537.36 (compatible; Googlebot/2.1; +http://www.google.com/bot.html)"
66.249.64.227 - - [04/Oct/2019:16:58:10 +0000] "GET /History/japanese_gardens.htm HTTP/1.0" 200 429 "-" "Mozilla/5.0 (Linux; Android 6.0.1; Nexus 5X Build/MMB29P) AppleWebKit/537.36 (KHTML, like Gecko) Chrome/41.0.2272.96 Mobile Safari/537.36 (compatible; Googlebot/2.1; +http://www.google.com/bot.html)"
66.249.64.226 - - [04/Oct/2019:16:58:18 +0000] "GET /misc%20documents/RayCosynLectures.pdf HTTP/1.0" 200 442 "-" "Mozilla/5.0 (Linux; Android 6.0.1; Nexus 5X Build/MMB29P) AppleWebKit/537.36 (KHTML, like Gecko) Chrome/41.0.2272.96 Mobile Safari/537.36 (compatible; Googlebot/2.1; +http://www.google.com/bot.html)"
66.249.64.226 - - [04/Oct/2019:16:58:26 +0000] "GET /History/bibliography.htm HTTP/1.0" 200 425 "-" "Mozilla/5.0 (Linux; Android 6.0.1; Nexus 5X Build/MMB29P) AppleWebKit/537.36 (KHTML, like Gecko) Chrome/41.0.2272.96 Mobile Safari/537.36 (compatible; Googlebot/2.1; +http://www.google.com/bot.html)"
66.249.64.226 - - [04/Oct/2019:16:58:34 +0000] "GET /misc%20documents/2010-Saratoga-Historical-Bike-Ride.pdf HTTP/1.0" 200 460 "-" "Mozilla/5.0 (Linux; Android 6.0.1; Nexus 5X Build/MMB29P) AppleWebKit/537.36 (KHTML, like Gecko) Chrome/41.0.2272.96 Mobile Safari/537.36 (compatible; Googlebot/2.1; +http://www.google.com/bot.html)"
66.249.64.226 - - [04/Oct/2019:16:58:43 +0000] "GET /History/called_saratoga.htm HTTP/1.0" 200 428 "-" "Mozilla/5.0 (Linux; Android 6.0.1; Nexus 5X Build/MMB29P) AppleWebKit/537.36 (KHTML, like Gecko) Chrome/41.0.2272.96 Mobile Safari/537.36 (compatible; Googlebot/2.1; +http://www.google.com/bot.html)"
66.249.64.226 - - [04/Oct/2019:16:58:52 +0000] "GET /misc%20documents/Reminisce%20about%20Saratoga.pdf HTTP/1.0" 200 450 "-" "Mozilla/5.0 (Linux; Android 6.0.1; Nexus 5X Build/MMB29P) AppleWebKit/537.36 (KHTML, like Gecko) Chrome/41.0.2272.96 Mobile Safari/537.36 (compatible; Googlebot/2.1; +http://www.google.com/bot.html)"
66.249.64.226 - - [04/Oct/2019:16:59:00 +0000] "GET /misc%20documents/Park%20Garden%20Tour%202010%20final.pdf HTTP/1.0" 200 453 "-" "Mozilla/5.0 (Linux; Android 6.0.1; Nexus 5X Build/MMB29P) AppleWebKit/537.36 (KHTML, like Gecko) Chrome/41.0.2272.96 Mobile Safari/537.36 (compatible; Googlebot/2.1; +http://www.google.com/bot.html)"
66.249.64.227 - - [04/Oct/2019:16:59:10 +0000] "GET /misc%20documents/2010-Saratoga-Historical-Walking-Tour.pdf HTTP/1.0" 200 463 "-" "Mozilla/5.0 (Linux; Android 6.0.1; Nexus 5X Build/MMB29P) AppleWebKit/537.36 (KHTML, like Gecko) Chrome/41.0.2272.96 Mobile Safari/537.36 (compatible; Googlebot/2.1; +http://www.google.com/bot.html)"
66.249.64.227 - - [04/Oct/2019:16:59:29 +0000] "GET /misc%20documents/MembershipFormJuly2009.pdf HTTP/1.0" 200 448 "-" "Mozilla/5.0 (Linux; Android 6.0.1; Nexus 5X Build/MMB29P) AppleWebKit/537.36 (KHTML, like Gecko) Chrome/41.0.2272.96 Mobile Safari/537.36 (compatible; Googlebot/2.1; +http://www.google.com/bot.html)"
66.249.64.226 - - [04/Oct/2019:16:59:35 +0000] "GET /newsletters/2016_May.pdf HTTP/1.0" 200 431 "-" "Mozilla/5.0 (Linux; Android 6.0.1; Nexus 5X Build/MMB29P) AppleWebKit/537.36 (KHTML, like Gecko) Chrome/41.0.2272.96 Mobile Safari/537.36 (compatible; Googlebot/2.1; +http://www.google.com/bot.html)"
66.249.64.226 - - [04/Oct/2019:16:59:36 +0000] "GET /newsletters/2008_Nov.pdf HTTP/1.0" 200 431 "-" "Mozilla/5.0 (Linux; Android 6.0.1; Nexus 5X Build/MMB29P) AppleWebKit/537.36 (KHTML, like Gecko) Chrome/41.0.2272.96 Mobile Safari/537.36 (compatible; Googlebot/2.1; +http://www.google.com/bot.html)"
66.249.64.226 - - [04/Oct/2019:16:59:37 +0000] "GET /newsletters/2009_Mar.pdf HTTP/1.0" 200 431 "-" "Mozilla/5.0 (Linux; Android 6.0.1; Nexus 5X Build/MMB29P) AppleWebKit/537.36 (KHTML, like Gecko) Chrome/41.0.2272.96 Mobile Safari/537.36 (compatible; Googlebot/2.1; +http://www.google.com/bot.html)"
66.249.64.226 - - [04/Oct/2019:16:59:38 +0000] "GET /newsletters/2008_May.pdf HTTP/1.0" 200 431 "-" "Mozilla/5.0 (Linux; Android 6.0.1; Nexus 5X Build/MMB29P) AppleWebKit/537.36 (KHTML, like Gecko) Chrome/41.0.2272.96 Mobile Safari/537.36 (compatible; Googlebot/2.1; +http://www.google.com/bot.html)"
66.249.64.226 - - [04/Oct/2019:16:59:39 +0000] "GET /newsletters/2007_May.pdf HTTP/1.0" 200 431 "-" "Mozilla/5.0 (Linux; Android 6.0.1; Nexus 5X Build/MMB29P) AppleWebKit/537.36 (KHTML, like Gecko) Chrome/41.0.2272.96 Mobile Safari/537.36 (compatible; Googlebot/2.1; +http://www.google.com/bot.html)"
66.249.64.226 - - [04/Oct/2019:16:59:39 +0000] "GET /newsletters/2013_May.pdf HTTP/1.0" 200 431 "-" "Mozilla/5.0 (Linux; Android 6.0.1; Nexus 5X Build/MMB29P) AppleWebKit/537.36 (KHTML, like Gecko) Chrome/41.0.2272.96 Mobile Safari/537.36 (compatible; Googlebot/2.1; +http://www.google.com/bot.html)"
66.249.64.229 - - [04/Oct/2019:16:59:42 +0000] "GET /newsletters/2011_May.pdf HTTP/1.0" 200 431 "-" "Mozilla/5.0 (Linux; Android 6.0.1; Nexus 5X Build/MMB29P) AppleWebKit/537.36 (KHTML, like Gecko) Chrome/41.0.2272.96 Mobile Safari/537.36 (compatible; Googlebot/2.1; +http://www.google.com/bot.html)"
66.249.64.227 - - [04/Oct/2019:16:59:48 +0000] "GET /newsletters/2017_May.pdf HTTP/1.0" 200 431 "-" "Mozilla/5.0 (Linux; Android 6.0.1; Nexus 5X Build/MMB29P) AppleWebKit/537.36 (KHTML, like Gecko) Chrome/41.0.2272.96 Mobile Safari/537.36 (compatible; Googlebot/2.1; +http://www.google.com/bot.html)"
66.249.64.226 - - [04/Oct/2019:16:59:50 +0000] "GET /newsletters/2007_Nov.pdf HTTP/1.0" 200 431 "-" "Mozilla/5.0 (Linux; Android 6.0.1; Nexus 5X Build/MMB29P) AppleWebKit/537.36 (KHTML, like Gecko) Chrome/41.0.2272.96 Mobile Safari/537.36 (compatible; Googlebot/2.1; +http://www.google.com/bot.html)"
