141.8.188.193 - - [27/Nov/2019:01:38:24 +0000] "GET /robots.txt HTTP/1.0" 200 1124 "-" "Mozilla/5.0 (compatible; YandexBot/3.0; +http://yandex.com/bots)"
141.8.188.193 - - [27/Nov/2019:01:38:27 +0000] "GET / HTTP/1.0" 200 410 "-" "Mozilla/5.0 (compatible; YandexBot/3.0; +http://yandex.com/bots)"
209.17.96.114 - - [26/Nov/2019:05:09:25 +0000] "GET / HTTP/1.1" 200 24247 "-" "Mozilla/5.0 (compatible; Nimbostratus-Bot/v1.3.2; http://cloudsystemnetworks.com)"
209.17.96.186 - - [26/Nov/2019:09:11:06 +0000] "GET / HTTP/1.1" 301 162 "-" "Mozilla/5.0 (compatible; Nimbostratus-Bot/v1.3.2; http://cloudsystemnetworks.com)"
66.249.64.227 - - [26/Nov/2019:10:24:22 +0000] "GET / HTTP/1.1" 200 24247 "-" "Mozilla/5.0 (Linux; Android 6.0.1; Nexus 5X Build/MMB29P) AppleWebKit/537.36 (KHTML, like Gecko) Chrome/41.0.2272.96 Mobile Safari/537.36 (compatible; Googlebot/2.1; +http://www.google.com/bot.html)"
35.162.70.167 - - [26/Nov/2019:12:08:11 +0000] "HEAD / HTTP/1.1" 301 0 "-" "Go-http-client/1.1"
66.249.64.229 - - [26/Nov/2019:19:17:28 +0000] "GET / HTTP/1.1" 200 24247 "-" "Mozilla/5.0 (Linux; Android 6.0.1; Nexus 5X Build/MMB29P) AppleWebKit/537.36 (KHTML, like Gecko) Chrome/41.0.2272.96 Mobile Safari/537.36 (compatible; Googlebot/2.1; +http://www.google.com/bot.html)"
66.249.64.79 - - [26/Nov/2019:22:49:21 +0000] "GET /robots.txt HTTP/1.1" 301 162 "-" "Mozilla/5.0 (compatible; Googlebot/2.1; +http://www.google.com/bot.html)"
66.249.64.81 - - [26/Nov/2019:22:49:21 +0000] "GET /ads.txt HTTP/1.1" 301 162 "-" "Mozilla/5.0 (compatible; Googlebot/2.1; +http://www.google.com/bot.html)"
207.46.13.144 - - [26/Nov/2019:23:03:30 +0000] "GET /robots.txt HTTP/1.1" 301 162 "-" "Mozilla/5.0 (compatible; bingbot/2.0; +http://www.bing.com/bingbot.htm)"
207.46.13.144 - - [26/Nov/2019:23:03:31 +0000] "GET /robots.txt HTTP/1.1" 301 162 "-" "Mozilla/5.0 (compatible; bingbot/2.0; +http://www.bing.com/bingbot.htm)"
141.8.188.193 - - [27/Nov/2019:01:38:12 +0000] "GET /robots.txt HTTP/1.1" 301 162 "-" "Mozilla/5.0 (compatible; YandexBot/3.0; +http://yandex.com/bots)"
100.43.85.165 - - [27/Nov/2019:01:38:16 +0000] "GET / HTTP/1.1" 301 162 "-" "Mozilla/5.0 (compatible; YandexBot/3.0; +http://yandex.com/bots)"
141.8.188.193 - - [27/Nov/2019:01:38:27 +0000] "GET / HTTP/1.1" 200 24247 "-" "Mozilla/5.0 (compatible; YandexBot/3.0; +http://yandex.com/bots)"
128.199.227.231 - - [27/Nov/2019:02:08:15 +0000] "GET / HTTP/1.1" 301 162 "-" "curl/7.35.0"
66.249.64.227 - - [27/Nov/2019:04:14:48 +0000] "GET / HTTP/1.0" 200 1792 "-" "Mozilla/5.0 (Linux; Android 6.0.1; Nexus 5X Build/MMB29P) AppleWebKit/537.36 (KHTML, like Gecko) Chrome/41.0.2272.96 Mobile Safari/537.36 (compatible; Googlebot/2.1; +http://www.google.com/bot.html)"
66.249.64.226 - - [27/Nov/2019:13:21:01 +0000] "GET / HTTP/1.0" 200 1792 "-" "Mozilla/5.0 (Linux; Android 6.0.1; Nexus 5X Build/MMB29P) AppleWebKit/537.36 (KHTML, like Gecko) Chrome/41.0.2272.96 Mobile Safari/537.36 (compatible; Googlebot/2.1; +http://www.google.com/bot.html)"
17.58.98.239 - - [27/Nov/2019:18:54:37 +0000] "GET /robots.txt HTTP/1.0" 200 1124 "-" "Mozilla/5.0 (Macintosh; Intel Mac OS X 10_10_1) AppleWebKit/600.2.5 (KHTML, like Gecko) Version/8.0.2 Safari/600.2.5 (Applebot/0.1; +http://www.apple.com/go/applebot)"
17.58.99.7 - - [27/Nov/2019:18:54:37 +0000] "GET / HTTP/1.0" 200 410 "-" "Mozilla/5.0 (Macintosh; Intel Mac OS X 10_10_1) AppleWebKit/600.2.5 (KHTML, like Gecko) Version/8.0.2 Safari/600.2.5 (Applebot/0.1; +http://www.apple.com/go/applebot)"
157.55.39.19 - - [27/Nov/2019:21:57:33 +0000] "GET /robots.txt HTTP/1.0" 200 2506 "-" "Mozilla/5.0 (compatible; bingbot/2.0; +http://www.bing.com/bingbot.htm)"
157.55.39.19 - - [27/Nov/2019:21:57:34 +0000] "GET /robots.txt HTTP/1.0" 200 1124 "-" "Mozilla/5.0 (compatible; bingbot/2.0; +http://www.bing.com/bingbot.htm)"
66.249.64.226 - - [27/Nov/2019:22:50:56 +0000] "GET /robots.txt HTTP/1.0" 200 2506 "-" "Mozilla/5.0 (compatible; Googlebot/2.1; +http://www.google.com/bot.html)"
66.249.64.229 - - [27/Nov/2019:22:50:57 +0000] "GET /robots.txt HTTP/1.0" 200 1124 "-" "Mozilla/5.0 (compatible; Googlebot/2.1; +http://www.google.com/bot.html)"
66.249.64.227 - - [27/Nov/2019:22:50:57 +0000] "GET /ads.txt HTTP/1.0" 404 1267 "-" "Mozilla/5.0 (compatible; Googlebot/2.1; +http://www.google.com/bot.html)"
66.249.64.227 - - [28/Nov/2019:01:32:27 +0000] "GET / HTTP/1.0" 200 1792 "-" "Mozilla/5.0 (Linux; Android 6.0.1; Nexus 5X Build/MMB29P) AppleWebKit/537.36 (KHTML, like Gecko) Chrome/41.0.2272.96 Mobile Safari/537.36 (compatible; Googlebot/2.1; +http://www.google.com/bot.html)"
66.249.64.227 - - [27/Nov/2019:04:14:48 +0000] "GET / HTTP/1.1" 200 24247 "-" "Mozilla/5.0 (Linux; Android 6.0.1; Nexus 5X Build/MMB29P) AppleWebKit/537.36 (KHTML, like Gecko) Chrome/41.0.2272.96 Mobile Safari/537.36 (compatible; Googlebot/2.1; +http://www.google.com/bot.html)"
52.34.24.33 - - [27/Nov/2019:05:07:20 +0000] "HEAD / HTTP/1.1" 301 0 "-" "Go-http-client/1.1"
66.249.64.226 - - [27/Nov/2019:13:21:01 +0000] "GET / HTTP/1.1" 200 24247 "-" "Mozilla/5.0 (Linux; Android 6.0.1; Nexus 5X Build/MMB29P) AppleWebKit/537.36 (KHTML, like Gecko) Chrome/41.0.2272.96 Mobile Safari/537.36 (compatible; Googlebot/2.1; +http://www.google.com/bot.html)"
17.58.99.7 - - [27/Nov/2019:18:54:37 +0000] "GET / HTTP/1.1" 200 24247 "-" "Mozilla/5.0 (Macintosh; Intel Mac OS X 10_10_1) AppleWebKit/600.2.5 (KHTML, like Gecko) Version/8.0.2 Safari/600.2.5 (Applebot/0.1; +http://www.apple.com/go/applebot)"
66.249.64.83 - - [27/Nov/2019:22:50:56 +0000] "GET /ads.txt HTTP/1.1" 301 162 "-" "Mozilla/5.0 (compatible; Googlebot/2.1; +http://www.google.com/bot.html)"
66.249.64.81 - - [27/Nov/2019:22:50:56 +0000] "GET /robots.txt HTTP/1.1" 301 162 "-" "Mozilla/5.0 (compatible; Googlebot/2.1; +http://www.google.com/bot.html)"
66.249.64.227 - - [28/Nov/2019:01:32:27 +0000] "GET / HTTP/1.1" 200 24247 "-" "Mozilla/5.0 (Linux; Android 6.0.1; Nexus 5X Build/MMB29P) AppleWebKit/537.36 (KHTML, like Gecko) Chrome/41.0.2272.96 Mobile Safari/537.36 (compatible; Googlebot/2.1; +http://www.google.com/bot.html)"
52.34.24.33 - - [28/Nov/2019:02:11:39 +0000] "HEAD / HTTP/1.1" 301 0 "-" "Go-http-client/1.1"
159.138.159.178 - - [28/Nov/2019:09:08:40 +0000] "GET / HTTP/1.0" 200 1792 "-" "Mozilla/5.0 (Linux; Android 7.0; FRD-AL00 Build/HUAWEIFRD-AL00; wv) AppleWebKit/537.36 (KHTML, like Gecko) Version/4.0 Chrome/53.0.2785.49 Mobile MQQBrowser/6.2 TBS/043602 Safari/537.36 MicroMessenger/6.5.16.1120 NetType/WIFI Language/zh_CN"
159.138.128.149 - - [28/Nov/2019:09:27:12 +0000] "GET / HTTP/1.0" 200 410 "-" "Mozilla/5.0(Linux;U;Android 5.1.1;zh-CN;OPPO A33 Build/LMY47V) AppleWebKit/537.36(KHTML,like Gecko) Version/4.0 Chrome/40.0.2214.89 UCBrowser/11.7.0.953 Mobile Safari/537.36"
159.138.155.250 - - [28/Nov/2019:09:38:11 +0000] "GET / HTTP/1.0" 200 410 "-" "Mozilla/5.0(Linux;Android 5.1.1;OPPO A33 Build/LMY47V;wv) AppleWebKit/537.36(KHTML,link Gecko) Version/4.0 Chrome/43.0.2357.121 Mobile Safari/537.36 LieBaoFast/4.51.3"
66.249.64.227 - - [28/Nov/2019:10:15:23 +0000] "GET /css/style.css HTTP/1.0" 200 1795 "https://www.saratogahistory.com/test/php/test.php" "Mozilla/5.0 (Linux; Android 6.0.1; Nexus 5X Build/MMB29P) AppleWebKit/537.36 (KHTML, like Gecko) Chrome/41.0.2272.96 Mobile Safari/537.36 (compatible; Googlebot/2.1; +http://www.google.com/bot.html)"
5.196.87.174 - - [28/Nov/2019:10:16:27 +0000] "GET /robots.txt HTTP/1.0" 200 1124 "-" "Mozilla/5.0 (compatible; AhrefsBot/6.1; +http://ahrefs.com/robot/)"
66.249.64.227 - - [28/Nov/2019:10:32:21 +0000] "GET / HTTP/1.0" 200 1792 "-" "Mozilla/5.0 (Linux; Android 6.0.1; Nexus 5X Build/MMB29P) AppleWebKit/537.36 (KHTML, like Gecko) Chrome/41.0.2272.96 Mobile Safari/537.36 (compatible; Googlebot/2.1; +http://www.google.com/bot.html)"
157.55.39.15 - - [28/Nov/2019:11:12:17 +0000] "GET /robots.txt HTTP/1.0" 200 2506 "-" "Mozilla/5.0 (compatible; bingbot/2.0; +http://www.bing.com/bingbot.htm)"
157.55.39.15 - - [28/Nov/2019:11:12:17 +0000] "GET /robots.txt HTTP/1.0" 200 1124 "-" "Mozilla/5.0 (compatible; bingbot/2.0; +http://www.bing.com/bingbot.htm)"
66.249.64.229 - - [28/Nov/2019:17:25:06 +0000] "GET /test/php/test.php HTTP/1.0" 200 2396 "https://www.saratogahistory.com/test/php/test.html" "Mozilla/5.0 (Linux; Android 6.0.1; Nexus 5X Build/MMB29P) AppleWebKit/537.36 (KHTML, like Gecko) Chrome/41.0.2272.96 Mobile Safari/537.36 (compatible; Googlebot/2.1; +http://www.google.com/bot.html)"
66.249.64.229 - - [28/Nov/2019:17:25:06 +0000] "GET /css/style.css HTTP/1.0" 200 413 "https://www.saratogahistory.com/test/php/test.html" "Mozilla/5.0 (Linux; Android 6.0.1; Nexus 5X Build/MMB29P) AppleWebKit/537.36 (KHTML, like Gecko) Chrome/41.0.2272.96 Mobile Safari/537.36 (compatible; Googlebot/2.1; +http://www.google.com/bot.html)"
66.249.64.229 - - [28/Nov/2019:17:25:07 +0000] "GET /test/php/test.php?1569801600050 HTTP/1.0" 200 2439 "https://www.saratogahistory.com/test/php/test.html" "Mozilla/5.0 (Linux; Android 6.0.1; Nexus 5X Build/MMB29P) AppleWebKit/537.36 (KHTML, like Gecko) Chrome/41.0.2272.96 Mobile Safari/537.36 (compatible; Googlebot/2.1; +http://www.google.com/bot.html)"
66.249.64.226 - - [28/Nov/2019:19:15:10 +0000] "GET / HTTP/1.0" 200 1792 "-" "Mozilla/5.0 (Linux; Android 6.0.1; Nexus 5X Build/MMB29P) AppleWebKit/537.36 (KHTML, like Gecko) Chrome/41.0.2272.96 Mobile Safari/537.36 (compatible; Googlebot/2.1; +http://www.google.com/bot.html)"
66.249.64.229 - - [28/Nov/2019:22:41:38 +0000] "GET /ads.txt HTTP/1.0" 404 2649 "-" "Mozilla/5.0 (compatible; Googlebot/2.1; +http://www.google.com/bot.html)"
159.138.159.178 - - [28/Nov/2019:09:08:40 +0000] "GET / HTTP/1.1" 200 24247 "-" "Mozilla/5.0 (Linux; Android 7.0; FRD-AL00 Build/HUAWEIFRD-AL00; wv) AppleWebKit/537.36 (KHTML, like Gecko) Version/4.0 Chrome/53.0.2785.49 Mobile MQQBrowser/6.2 TBS/043602 Safari/537.36 MicroMessenger/6.5.16.1120 NetType/WIFI Language/zh_CN"
159.138.154.87 - - [28/Nov/2019:09:27:10 +0000] "GET / HTTP/1.1" 301 162 "-" "Mozilla/5.0(Linux;U;Android 5.1.1;zh-CN;OPPO A33 Build/LMY47V) AppleWebKit/537.36(KHTML,like Gecko) Version/4.0 Chrome/40.0.2214.89 UCBrowser/11.7.0.953 Mobile Safari/537.36"
159.138.128.149 - - [28/Nov/2019:09:27:12 +0000] "GET / HTTP/1.1" 200 24247 "-" "Mozilla/5.0(Linux;U;Android 5.1.1;zh-CN;OPPO A33 Build/LMY47V) AppleWebKit/537.36(KHTML,like Gecko) Version/4.0 Chrome/40.0.2214.89 UCBrowser/11.7.0.953 Mobile Safari/537.36"
159.138.155.250 - - [28/Nov/2019:09:38:11 +0000] "GET / HTTP/1.1" 200 24247 "-" "Mozilla/5.0(Linux;Android 5.1.1;OPPO A33 Build/LMY47V;wv) AppleWebKit/537.36(KHTML,link Gecko) Version/4.0 Chrome/43.0.2357.121 Mobile Safari/537.36 LieBaoFast/4.51.3"
66.249.64.227 - - [28/Nov/2019:10:15:23 +0000] "GET /css/style.css HTTP/1.1" 200 7366 "https://www.saratogahistory.com/test/php/test.php" "Mozilla/5.0 (Linux; Android 6.0.1; Nexus 5X Build/MMB29P) AppleWebKit/537.36 (KHTML, like Gecko) Chrome/41.0.2272.96 Mobile Safari/537.36 (compatible; Googlebot/2.1; +http://www.google.com/bot.html)"
66.249.64.227 - - [28/Nov/2019:10:32:21 +0000] "GET / HTTP/1.1" 200 24247 "-" "Mozilla/5.0 (Linux; Android 6.0.1; Nexus 5X Build/MMB29P) AppleWebKit/537.36 (KHTML, like Gecko) Chrome/41.0.2272.96 Mobile Safari/537.36 (compatible; Googlebot/2.1; +http://www.google.com/bot.html)"
66.249.64.229 - - [28/Nov/2019:17:25:06 +0000] "GET /css/style.css HTTP/1.1" 200 7366 "https://www.saratogahistory.com/test/php/test.html" "Mozilla/5.0 (Linux; Android 6.0.1; Nexus 5X Build/MMB29P) AppleWebKit/537.36 (KHTML, like Gecko) Chrome/41.0.2272.96 Mobile Safari/537.36 (compatible; Googlebot/2.1; +http://www.google.com/bot.html)"
66.249.64.226 - - [28/Nov/2019:19:15:10 +0000] "GET / HTTP/1.1" 200 24247 "-" "Mozilla/5.0 (Linux; Android 6.0.1; Nexus 5X Build/MMB29P) AppleWebKit/537.36 (KHTML, like Gecko) Chrome/41.0.2272.96 Mobile Safari/537.36 (compatible; Googlebot/2.1; +http://www.google.com/bot.html)"
66.249.64.79 - - [28/Nov/2019:22:41:37 +0000] "GET /ads.txt HTTP/1.1" 301 162 "-" "Mozilla/5.0 (compatible; Googlebot/2.1; +http://www.google.com/bot.html)"
52.41.211.72 - - [29/Nov/2019:02:05:07 +0000] "HEAD / HTTP/1.1" 301 0 "-" "Go-http-client/1.1"
66.249.64.229 - - [29/Nov/2019:03:41:38 +0000] "GET /robots.txt HTTP/1.0" 200 2506 "-" "Mozilla/5.0 (compatible; Googlebot/2.1; +http://www.google.com/bot.html)"
34.82.228.187 - - [29/Nov/2019:06:20:04 +0000] "GET / HTTP/1.0" 200 410 "-" "Mozilla/5.0 (Windows NT 10.0; Win64; x64; rv:56.0) Gecko/20100101 Firefox/56.0"
108.178.61.58 - - [29/Nov/2019:10:41:32 +0000] "GET / HTTP/1.0" 200 1792 "https://saratogahistory.com/" "Mozilla/5.0 (Windows NT 10.0; WOW64) AppleWebKit/537.36 (KHTML, like Gecko) Chrome/66.0.3359.117 Safari/537.36"
157.55.39.15 - - [29/Nov/2019:22:16:13 +0000] "GET /robots.txt HTTP/1.0" 200 1124 "-" "Mozilla/5.0 (compatible; bingbot/2.0; +http://www.bing.com/bingbot.htm)"
157.55.39.15 - - [29/Nov/2019:22:16:13 +0000] "GET /robots.txt HTTP/1.0" 200 1124 "-" "Mozilla/5.0 (compatible; bingbot/2.0; +http://www.bing.com/bingbot.htm)"
66.249.64.227 - - [29/Nov/2019:22:32:25 +0000] "GET /robots.txt HTTP/1.0" 200 2506 "-" "Mozilla/5.0 (compatible; Googlebot/2.1; +http://www.google.com/bot.html)"
66.249.64.229 - - [29/Nov/2019:22:32:26 +0000] "GET /ads.txt HTTP/1.0" 404 1267 "-" "Mozilla/5.0 (compatible; Googlebot/2.1; +http://www.google.com/bot.html)"
66.249.64.229 - - [30/Nov/2019:00:15:37 +0000] "GET /History/PIrailroad.htm HTTP/1.0" 200 1805 "-" "Mozilla/5.0 (Linux; Android 6.0.1; Nexus 5X Build/MMB29P) AppleWebKit/537.36 (KHTML, like Gecko) Chrome/41.0.2272.96 Mobile Safari/537.36 (compatible; Googlebot/2.1; +http://www.google.com/bot.html)"
209.17.96.202 - - [30/Nov/2019:03:23:12 +0000] "GET / HTTP/1.0" 200 1792 "-" "Mozilla/5.0 (compatible; Nimbostratus-Bot/v1.3.2; http://cloudsystemnetworks.com)"
34.82.228.187 - - [29/Nov/2019:06:20:04 +0000] "GET / HTTP/1.1" 200 24247 "-" "Mozilla/5.0 (Windows NT 10.0; Win64; x64; rv:56.0) Gecko/20100101 Firefox/56.0"
108.178.61.58 - - [29/Nov/2019:10:41:31 +0000] "GET / HTTP/1.1" 301 162 "-" "Mozilla/5.0 (Windows NT 10.0; WOW64) AppleWebKit/537.36 (KHTML, like Gecko) Chrome/66.0.3359.117 Safari/537.36"
108.178.61.58 - - [29/Nov/2019:10:41:32 +0000] "GET / HTTP/1.1" 200 24247 "https://saratogahistory.com/" "Mozilla/5.0 (Windows NT 10.0; WOW64) AppleWebKit/537.36 (KHTML, like Gecko) Chrome/66.0.3359.117 Safari/537.36"
66.249.64.79 - - [29/Nov/2019:22:32:24 +0000] "GET /robots.txt HTTP/1.1" 301 162 "-" "Mozilla/5.0 (compatible; Googlebot/2.1; +http://www.google.com/bot.html)"
66.249.64.79 - - [29/Nov/2019:22:32:25 +0000] "GET /ads.txt HTTP/1.1" 301 162 "-" "Mozilla/5.0 (compatible; Googlebot/2.1; +http://www.google.com/bot.html)"
66.249.64.229 - - [30/Nov/2019:00:15:37 +0000] "GET /History/PIrailroad.htm HTTP/1.1" 200 26233 "-" "Mozilla/5.0 (Linux; Android 6.0.1; Nexus 5X Build/MMB29P) AppleWebKit/537.36 (KHTML, like Gecko) Chrome/41.0.2272.96 Mobile Safari/537.36 (compatible; Googlebot/2.1; +http://www.google.com/bot.html)"
209.17.96.202 - - [30/Nov/2019:03:23:12 +0000] "GET / HTTP/1.1" 200 24247 "-" "Mozilla/5.0 (compatible; Nimbostratus-Bot/v1.3.2; http://cloudsystemnetworks.com)"
185.229.144.22 - - [30/Nov/2019:06:20:40 +0000] "GET / HTTP/1.0" 200 1792 "-" "Mozilla/4.0 (compatible; MSIE 7.0; Windows NT 5.0) Match by Siteimprove.com"
198.143.158.82 - - [30/Nov/2019:10:14:15 +0000] "GET / HTTP/1.0" 200 1792 "-" "Mozilla/5.0 (Windows NT 10.0; WOW64) AppleWebKit/537.36 (KHTML, like Gecko) Chrome/66.0.3359.117 Safari/537.36"
66.249.64.229 - - [30/Nov/2019:13:59:18 +0000] "GET /robots.txt HTTP/1.0" 200 2506 "-" "Mozilla/5.0 (compatible; Googlebot/2.1; +http://www.google.com/bot.html)"
66.249.64.226 - - [30/Nov/2019:13:59:18 +0000] "GET / HTTP/1.0" 200 410 "-" "Mozilla/5.0 (compatible; Googlebot/2.1; +http://www.google.com/bot.html)"
66.249.64.226 - - [30/Nov/2019:22:23:50 +0000] "GET /ads.txt HTTP/1.0" 404 2649 "-" "Mozilla/5.0 (compatible; Googlebot/2.1; +http://www.google.com/bot.html)"
66.249.64.227 - - [30/Nov/2019:23:18:29 +0000] "GET /css/style.css HTTP/1.0" 200 1795 "https://www.saratogahistory.com/test/fcgi/test.fcgi" "Mozilla/5.0 (Linux; Android 6.0.1; Nexus 5X Build/MMB29P) AppleWebKit/537.36 (KHTML, like Gecko) Chrome/41.0.2272.96 Mobile Safari/537.36 (compatible; Googlebot/2.1; +http://www.google.com/bot.html)"
66.249.65.196 - - [01/Dec/2019:03:24:04 +0000] "GET /ads.txt HTTP/1.0" 404 2649 "-" "Mozilla/5.0 (compatible; Googlebot/2.1; +http://www.google.com/bot.html)"
35.162.70.167 - - [30/Nov/2019:04:36:07 +0000] "HEAD / HTTP/1.1" 301 0 "-" "Go-http-client/1.1"
185.229.144.22 - - [30/Nov/2019:06:20:40 +0000] "GET / HTTP/1.1" 200 24247 "-" "Mozilla/4.0 (compatible; MSIE 7.0; Windows NT 5.0) Match by Siteimprove.com"
209.17.97.42 - - [30/Nov/2019:06:59:07 +0000] "GET / HTTP/1.1" 301 162 "-" "Mozilla/5.0 (compatible; Nimbostratus-Bot/v1.3.2; http://cloudsystemnetworks.com)"
198.143.158.82 - - [30/Nov/2019:10:14:16 +0000] "GET / HTTP/1.1" 200 24247 "-" "Mozilla/5.0 (Windows NT 10.0; WOW64) AppleWebKit/537.36 (KHTML, like Gecko) Chrome/66.0.3359.117 Safari/537.36"
66.249.64.226 - - [30/Nov/2019:13:59:18 +0000] "GET / HTTP/1.1" 200 24247 "-" "Mozilla/5.0 (compatible; Googlebot/2.1; +http://www.google.com/bot.html)"
66.249.64.81 - - [30/Nov/2019:22:23:49 +0000] "GET /ads.txt HTTP/1.1" 301 162 "-" "Mozilla/5.0 (compatible; Googlebot/2.1; +http://www.google.com/bot.html)"
66.249.64.227 - - [30/Nov/2019:23:18:29 +0000] "GET /css/style.css HTTP/1.1" 200 7366 "https://www.saratogahistory.com/test/fcgi/test.fcgi" "Mozilla/5.0 (Linux; Android 6.0.1; Nexus 5X Build/MMB29P) AppleWebKit/537.36 (KHTML, like Gecko) Chrome/41.0.2272.96 Mobile Safari/537.36 (compatible; Googlebot/2.1; +http://www.google.com/bot.html)"
34.245.52.33 - - [01/Dec/2019:03:01:25 +0000] "GET /robots.txt HTTP/1.1" 301 162 "-" "PleskBot"
34.245.52.33 - - [01/Dec/2019:03:01:33 +0000] "GET / HTTP/1.1" 301 162 "-" "PleskBot"
157.55.39.15 - - [01/Dec/2019:04:00:18 +0000] "GET /robots.txt HTTP/1.0" 200 2506 "-" "Mozilla/5.0 (compatible; bingbot/2.0; +http://www.bing.com/bingbot.htm)"
157.55.39.15 - - [01/Dec/2019:04:00:18 +0000] "GET /robots.txt HTTP/1.0" 200 1124 "-" "Mozilla/5.0 (compatible; bingbot/2.0; +http://www.bing.com/bingbot.htm)"
137.226.113.28 - - [01/Dec/2019:07:37:24 +0000] "GET / HTTP/1.0" 200 1792 "-" "Mozilla/5.0 zgrab/0.x (compatible; Researchscan/t12ca; +http://researchscan.comsys.rwth-aachen.de)"
137.226.113.34 - - [01/Dec/2019:07:50:56 +0000] "GET / HTTP/1.0" 200 1792 "-" "Mozilla/5.0 (X11; Ubuntu; Linux x86_64; rv:50.0) Gecko/20100101 Firefox/50.0"
137.226.113.34 - - [01/Dec/2019:07:50:56 +0000] "GET /shf_Assets/favicon.ico HTTP/1.0" 200 438 "-" "Mozilla/5.0 (X11; Ubuntu; Linux x86_64; rv:50.0) Gecko/20100101 Firefox/50.0"
137.226.113.34 - - [01/Dec/2019:07:50:56 +0000] "GET /css/shf.css HTTP/1.0" 200 411 "-" "Mozilla/5.0 (X11; Ubuntu; Linux x86_64; rv:50.0) Gecko/20100101 Firefox/50.0"
137.226.113.34 - - [01/Dec/2019:07:50:56 +0000] "GET /javascript/quickmenu.js HTTP/1.0" 200 437 "-" "Mozilla/5.0 (X11; Ubuntu; Linux x86_64; rv:50.0) Gecko/20100101 Firefox/50.0"
137.226.113.34 - - [01/Dec/2019:07:50:56 +0000] "GET /css/quickmenu.css HTTP/1.0" 200 417 "-" "Mozilla/5.0 (X11; Ubuntu; Linux x86_64; rv:50.0) Gecko/20100101 Firefox/50.0"
137.226.113.34 - - [01/Dec/2019:07:50:56 +0000] "GET /javascript/utilities.js HTTP/1.0" 200 437 "-" "Mozilla/5.0 (X11; Ubuntu; Linux x86_64; rv:50.0) Gecko/20100101 Firefox/50.0"
137.226.113.34 - - [01/Dec/2019:07:50:56 +0000] "GET /shf_Assets/buildings.gif HTTP/1.0" 200 425 "-" "Mozilla/5.0 (X11; Ubuntu; Linux x86_64; rv:50.0) Gecko/20100101 Firefox/50.0"
137.226.113.34 - - [01/Dec/2019:07:50:56 +0000] "GET /shf_Assets/banner7.jpg HTTP/1.0" 200 424 "-" "Mozilla/5.0 (X11; Ubuntu; Linux x86_64; rv:50.0) Gecko/20100101 Firefox/50.0"
137.226.113.34 - - [01/Dec/2019:07:50:56 +0000] "GET /shf_Assets/ForTheLoveOfApricots.png HTTP/1.0" 200 436 "-" "Mozilla/5.0 (X11; Ubuntu; Linux x86_64; rv:50.0) Gecko/20100101 Firefox/50.0"
137.226.113.34 - - [01/Dec/2019:07:50:56 +0000] "GET /shf_Assets/Apricot.png HTTP/1.0" 200 423 "-" "Mozilla/5.0 (X11; Ubuntu; Linux x86_64; rv:50.0) Gecko/20100101 Firefox/50.0"
137.226.113.34 - - [01/Dec/2019:07:50:56 +0000] "GET /shf_Assets/BooksBow.gif HTTP/1.0" 200 424 "-" "Mozilla/5.0 (X11; Ubuntu; Linux x86_64; rv:50.0) Gecko/20100101 Firefox/50.0"
137.226.113.34 - - [01/Dec/2019:07:50:56 +0000] "GET /shf_Assets/blksmith.jpg HTTP/1.0" 200 425 "-" "Mozilla/5.0 (X11; Ubuntu; Linux x86_64; rv:50.0) Gecko/20100101 Firefox/50.0"
137.226.113.34 - - [01/Dec/2019:07:50:56 +0000] "GET /shf_Assets/christmastree.jpg HTTP/1.0" 200 430 "-" "Mozilla/5.0 (X11; Ubuntu; Linux x86_64; rv:50.0) Gecko/20100101 Firefox/50.0"
137.226.113.34 - - [01/Dec/2019:07:50:56 +0000] "GET /shf_Assets/memory.jpg HTTP/1.0" 200 423 "-" "Mozilla/5.0 (X11; Ubuntu; Linux x86_64; rv:50.0) Gecko/20100101 Firefox/50.0"
137.226.113.34 - - [01/Dec/2019:07:50:56 +0000] "GET /shf_Assets/bike.jpg HTTP/1.0" 200 421 "-" "Mozilla/5.0 (X11; Ubuntu; Linux x86_64; rv:50.0) Gecko/20100101 Firefox/50.0"
137.226.113.34 - - [01/Dec/2019:07:50:56 +0000] "GET /shf_Assets/hands.gif HTTP/1.0" 200 421 "-" "Mozilla/5.0 (X11; Ubuntu; Linux x86_64; rv:50.0) Gecko/20100101 Firefox/50.0"
137.226.113.34 - - [01/Dec/2019:07:50:56 +0000] "GET /shf_Assets/books-2.jpg HTTP/1.0" 200 424 "-" "Mozilla/5.0 (X11; Ubuntu; Linux x86_64; rv:50.0) Gecko/20100101 Firefox/50.0"
137.226.113.34 - - [01/Dec/2019:07:50:56 +0000] "GET /shf_Assets/amazon.jpg HTTP/1.0" 200 423 "-" "Mozilla/5.0 (X11; Ubuntu; Linux x86_64; rv:50.0) Gecko/20100101 Firefox/50.0"
137.226.113.34 - - [01/Dec/2019:07:50:56 +0000] "GET /shf_Assets/microphone.gif HTTP/1.0" 200 426 "-" "Mozilla/5.0 (X11; Ubuntu; Linux x86_64; rv:50.0) Gecko/20100101 Firefox/50.0"
158.69.171.152 - - [01/Dec/2019:08:07:21 +0000] "GET / HTTP/1.0" 200 1792 "-" "Mozilla/5.0 (Windows NT 10.0; WOW64; rv:47.0) Gecko/20100101 Firefox/47.0"
188.242.71.212 - - [01/Dec/2019:09:07:20 +0000] "GET /phpBB/index.php HTTP/1.0" 403 2636 "https://www.saratogahistory.com/phpBB/index.php" "Mozilla/5.0 (Windows NT 6.1) AppleWebKit/537.36 (KHTML, like Gecko) Chrome/68.0.3440.106 Safari/537.36 Kinza/4.9.1"
188.242.71.212 - - [01/Dec/2019:09:07:21 +0000] "GET / HTTP/1.0" 200 410 "https://www.saratogahistory.com/phpBB/index.php" "Mozilla/5.0 (Windows NT 6.1) AppleWebKit/537.36 (KHTML, like Gecko) Chrome/68.0.3440.106 Safari/537.36 Kinza/4.9.1"
188.242.71.212 - - [01/Dec/2019:09:07:22 +0000] "GET /board_of_directors.htm HTTP/1.0" 200 423 "https://www.saratogahistory.com/board_of_directors.htm" "Mozilla/5.0 (Windows NT 6.1) AppleWebKit/537.36 (KHTML, like Gecko) Chrome/68.0.3440.106 Safari/537.36 Kinza/4.9.1"
188.242.71.212 - - [01/Dec/2019:09:07:22 +0000] "POST /contact_mailer.php HTTP/1.0" 200 8588 "https://www.saratogahistory.com/board_of_directors.htm" "Mozilla/5.0 (Windows NT 6.1) AppleWebKit/537.36 (KHTML, like Gecko) Chrome/68.0.3440.106 Safari/537.36 Kinza/4.9.1"
188.242.71.212 - - [01/Dec/2019:09:07:23 +0000] "GET /board_of_directors.htm HTTP/1.0" 200 423 "https://www.saratogahistory.com/board_of_directors.htm" "Mozilla/5.0 (Windows NT 6.1) AppleWebKit/537.36 (KHTML, like Gecko) Chrome/68.0.3440.106 Safari/537.36 Kinza/4.9.1"
188.242.71.212 - - [01/Dec/2019:09:07:23 +0000] "GET /board_of_directors.htm HTTP/1.0" 200 423 "https://www.saratogahistory.com/board_of_directors.htm" "Mozilla/5.0 (Windows NT 6.1) AppleWebKit/537.36 (KHTML, like Gecko) Chrome/68.0.3440.106 Safari/537.36 Kinza/4.9.1"
137.226.113.26 - - [01/Dec/2019:12:47:32 +0000] "GET / HTTP/1.0" 200 1792 "-" "Mozilla/5.0 zgrab/0.x (compatible; Researchscan/t12sns; +http://researchscan.comsys.rwth-aachen.de)"
185.222.57.138 - - [01/Dec/2019:14:27:32 +0000] "GET /owa/auth/logon.aspx?replaceCurrent=1&url= HTTP/1.0" 404 2649 "-" "Mozilla/5.0 (Windows NT 10.0; WOW64; rv:47.0) Gecko/20100101 Firefox/47.0"
185.222.57.138 - - [01/Dec/2019:14:27:32 +0000] "GET / HTTP/1.0" 200 410 "-" "Mozilla/5.0 (Windows NT 10.0; WOW64; rv:47.0) Gecko/20100101 Firefox/47.0"
157.55.39.9 - - [01/Dec/2019:15:54:21 +0000] "GET / HTTP/1.0" 200 1792 "-" "Mozilla/5.0 (compatible; bingbot/2.0; +http://www.bing.com/bingbot.htm)"
66.249.65.196 - - [01/Dec/2019:16:39:59 +0000] "GET /robots.txt HTTP/1.0" 200 2506 "-" "Mozilla/5.0 (compatible; Googlebot/2.1; +http://www.google.com/bot.html)"
66.249.65.194 - - [01/Dec/2019:16:39:59 +0000] "GET / HTTP/1.0" 200 410 "-" "Mozilla/5.0 (Linux; Android 6.0.1; Nexus 5X Build/MMB29P) AppleWebKit/537.36 (KHTML, like Gecko) Chrome/41.0.2272.96 Mobile Safari/537.36 (compatible; Googlebot/2.1; +http://www.google.com/bot.html)"
137.226.113.27 - - [01/Dec/2019:17:31:53 +0000] "GET / HTTP/1.0" 200 1792 "-" "Mozilla/5.0 zgrab/0.x (compatible; Researchscan/t13rl; +http://researchscan.comsys.rwth-aachen.de)"
66.249.65.198 - - [01/Dec/2019:22:14:51 +0000] "GET /robots.txt HTTP/1.0" 200 2506 "-" "Mozilla/5.0 (compatible; Googlebot/2.1; +http://www.google.com/bot.html)"
66.249.65.194 - - [01/Dec/2019:22:14:52 +0000] "GET /ads.txt HTTP/1.0" 404 1267 "-" "Mozilla/5.0 (compatible; Googlebot/2.1; +http://www.google.com/bot.html)"
35.162.70.167 - - [01/Dec/2019:05:14:37 +0000] "HEAD / HTTP/1.1" 301 0 "-" "Go-http-client/1.1"
137.226.113.28 - - [01/Dec/2019:07:37:24 +0000] "GET / HTTP/1.1" 200 24247 "-" "Mozilla/5.0 zgrab/0.x (compatible; Researchscan/t12ca; +http://researchscan.comsys.rwth-aachen.de)"
137.226.113.34 - - [01/Dec/2019:07:50:56 +0000] "GET / HTTP/2.0" 200 24247 "-" "Mozilla/5.0 (X11; Ubuntu; Linux x86_64; rv:50.0) Gecko/20100101 Firefox/50.0"
137.226.113.34 - - [01/Dec/2019:07:50:56 +0000] "GET /shf_Assets/buildings.gif HTTP/2.0" 200 2847 "-" "Mozilla/5.0 (X11; Ubuntu; Linux x86_64; rv:50.0) Gecko/20100101 Firefox/50.0"
137.226.113.34 - - [01/Dec/2019:07:50:56 +0000] "GET /shf_Assets/ForTheLoveOfApricots.png HTTP/2.0" 200 28037 "-" "Mozilla/5.0 (X11; Ubuntu; Linux x86_64; rv:50.0) Gecko/20100101 Firefox/50.0"
137.226.113.34 - - [01/Dec/2019:07:50:56 +0000] "GET /shf_Assets/BooksBow.gif HTTP/2.0" 200 6491 "-" "Mozilla/5.0 (X11; Ubuntu; Linux x86_64; rv:50.0) Gecko/20100101 Firefox/50.0"
137.226.113.34 - - [01/Dec/2019:07:50:56 +0000] "GET /css/shf.css HTTP/2.0" 200 5498 "-" "Mozilla/5.0 (X11; Ubuntu; Linux x86_64; rv:50.0) Gecko/20100101 Firefox/50.0"
137.226.113.34 - - [01/Dec/2019:07:50:56 +0000] "GET /javascript/quickmenu.js HTTP/2.0" 200 15419 "-" "Mozilla/5.0 (X11; Ubuntu; Linux x86_64; rv:50.0) Gecko/20100101 Firefox/50.0"
137.226.113.34 - - [01/Dec/2019:07:50:56 +0000] "GET /css/quickmenu.css HTTP/2.0" 200 4355 "-" "Mozilla/5.0 (X11; Ubuntu; Linux x86_64; rv:50.0) Gecko/20100101 Firefox/50.0"
137.226.113.34 - - [01/Dec/2019:07:50:56 +0000] "GET /javascript/utilities.js HTTP/2.0" 200 2100 "-" "Mozilla/5.0 (X11; Ubuntu; Linux x86_64; rv:50.0) Gecko/20100101 Firefox/50.0"
137.226.113.34 - - [01/Dec/2019:07:50:56 +0000] "GET /shf_Assets/favicon.ico HTTP/2.0" 200 15086 "-" "Mozilla/5.0 (X11; Ubuntu; Linux x86_64; rv:50.0) Gecko/20100101 Firefox/50.0"
137.226.113.34 - - [01/Dec/2019:07:50:56 +0000] "GET /shf_Assets/banner7.jpg HTTP/2.0" 200 29732 "-" "Mozilla/5.0 (X11; Ubuntu; Linux x86_64; rv:50.0) Gecko/20100101 Firefox/50.0"
137.226.113.34 - - [01/Dec/2019:07:50:56 +0000] "GET /shf_Assets/memory.jpg HTTP/2.0" 200 3290 "-" "Mozilla/5.0 (X11; Ubuntu; Linux x86_64; rv:50.0) Gecko/20100101 Firefox/50.0"
137.226.113.34 - - [01/Dec/2019:07:50:56 +0000] "GET /shf_Assets/blksmith.jpg HTTP/2.0" 200 2638 "-" "Mozilla/5.0 (X11; Ubuntu; Linux x86_64; rv:50.0) Gecko/20100101 Firefox/50.0"
137.226.113.34 - - [01/Dec/2019:07:50:56 +0000] "GET /shf_Assets/christmastree.jpg HTTP/2.0" 200 5688 "-" "Mozilla/5.0 (X11; Ubuntu; Linux x86_64; rv:50.0) Gecko/20100101 Firefox/50.0"
137.226.113.34 - - [01/Dec/2019:07:50:56 +0000] "GET /shf_Assets/books-2.jpg HTTP/2.0" 200 6237 "-" "Mozilla/5.0 (X11; Ubuntu; Linux x86_64; rv:50.0) Gecko/20100101 Firefox/50.0"
137.226.113.34 - - [01/Dec/2019:07:50:56 +0000] "GET /shf_Assets/bike.jpg HTTP/2.0" 200 4080 "-" "Mozilla/5.0 (X11; Ubuntu; Linux x86_64; rv:50.0) Gecko/20100101 Firefox/50.0"
137.226.113.34 - - [01/Dec/2019:07:50:56 +0000] "GET /shf_Assets/hands.gif HTTP/2.0" 200 3098 "-" "Mozilla/5.0 (X11; Ubuntu; Linux x86_64; rv:50.0) Gecko/20100101 Firefox/50.0"
137.226.113.34 - - [01/Dec/2019:07:50:56 +0000] "GET /shf_Assets/amazon.jpg HTTP/2.0" 200 4531 "-" "Mozilla/5.0 (X11; Ubuntu; Linux x86_64; rv:50.0) Gecko/20100101 Firefox/50.0"
137.226.113.34 - - [01/Dec/2019:07:50:56 +0000] "GET /shf_Assets/microphone.gif HTTP/2.0" 200 1808 "-" "Mozilla/5.0 (X11; Ubuntu; Linux x86_64; rv:50.0) Gecko/20100101 Firefox/50.0"
137.226.113.34 - - [01/Dec/2019:07:50:57 +0000] "GET /shf_Assets/Apricot.png HTTP/2.0" 200 50303 "-" "Mozilla/5.0 (X11; Ubuntu; Linux x86_64; rv:50.0) Gecko/20100101 Firefox/50.0"
158.69.171.152 - - [01/Dec/2019:08:07:21 +0000] "GET / HTTP/1.1" 200 24247 "-" "Mozilla/5.0 (Windows NT 10.0; WOW64; rv:47.0) Gecko/20100101 Firefox/47.0"
188.242.71.212 - - [01/Dec/2019:09:07:21 +0000] "GET / HTTP/1.0" 200 24247 "https://www.saratogahistory.com/phpBB/index.php" "Mozilla/5.0 (Windows NT 6.1) AppleWebKit/537.36 (KHTML, like Gecko) Chrome/68.0.3440.106 Safari/537.36 Kinza/4.9.1"
188.242.71.212 - - [01/Dec/2019:09:07:22 +0000] "GET /board_of_directors.htm HTTP/1.0" 200 11569 "https://www.saratogahistory.com/board_of_directors.htm" "Mozilla/5.0 (Windows NT 6.1) AppleWebKit/537.36 (KHTML, like Gecko) Chrome/68.0.3440.106 Safari/537.36 Kinza/4.9.1"
188.242.71.212 - - [01/Dec/2019:09:07:23 +0000] "GET /board_of_directors.htm HTTP/1.0" 200 11569 "https://www.saratogahistory.com/board_of_directors.htm" "Mozilla/5.0 (Windows NT 6.1) AppleWebKit/537.36 (KHTML, like Gecko) Chrome/68.0.3440.106 Safari/537.36 Kinza/4.9.1"
188.242.71.212 - - [01/Dec/2019:09:07:23 +0000] "GET /board_of_directors.htm HTTP/1.0" 200 11569 "https://www.saratogahistory.com/board_of_directors.htm" "Mozilla/5.0 (Windows NT 6.1) AppleWebKit/537.36 (KHTML, like Gecko) Chrome/68.0.3440.106 Safari/537.36 Kinza/4.9.1"
137.226.113.26 - - [01/Dec/2019:12:47:33 +0000] "GET / HTTP/1.1" 200 24247 "-" "Mozilla/5.0 zgrab/0.x (compatible; Researchscan/t12sns; +http://researchscan.comsys.rwth-aachen.de)"
185.222.57.138 - - [01/Dec/2019:14:27:32 +0000] "GET / HTTP/1.1" 200 24247 "-" "Mozilla/5.0 (Windows NT 10.0; WOW64; rv:47.0) Gecko/20100101 Firefox/47.0"
31.202.40.82 - - [01/Dec/2019:15:03:10 +0000] "GET / HTTP/1.1" 301 162 "-" "Screaming Frog SEO Spider/12.1"
157.55.39.9 - - [01/Dec/2019:15:54:21 +0000] "GET / HTTP/1.1" 200 24247 "-" "Mozilla/5.0 (compatible; bingbot/2.0; +http://www.bing.com/bingbot.htm)"
66.249.65.194 - - [01/Dec/2019:16:39:59 +0000] "GET / HTTP/1.1" 200 24247 "-" "Mozilla/5.0 (Linux; Android 6.0.1; Nexus 5X Build/MMB29P) AppleWebKit/537.36 (KHTML, like Gecko) Chrome/41.0.2272.96 Mobile Safari/537.36 (compatible; Googlebot/2.1; +http://www.google.com/bot.html)"
137.226.113.27 - - [01/Dec/2019:17:31:53 +0000] "GET / HTTP/1.1" 200 24247 "-" "Mozilla/5.0 zgrab/0.x (compatible; Researchscan/t13rl; +http://researchscan.comsys.rwth-aachen.de)"
66.249.73.51 - - [01/Dec/2019:22:14:51 +0000] "GET /robots.txt HTTP/1.1" 301 162 "-" "Mozilla/5.0 (compatible; Googlebot/2.1; +http://www.google.com/bot.html)"
66.249.73.51 - - [01/Dec/2019:22:14:51 +0000] "GET /ads.txt HTTP/1.1" 301 162 "-" "Mozilla/5.0 (compatible; Googlebot/2.1; +http://www.google.com/bot.html)"
66.249.65.198 - - [02/Dec/2019:03:38:33 +0000] "GET /index.html HTTP/1.0" 404 2649 "-" "Mozilla/5.0 (Linux; Android 6.0.1; Nexus 5X Build/MMB29P) AppleWebKit/537.36 (KHTML, like Gecko) Chrome/41.0.2272.96 Mobile Safari/537.36 (compatible; Googlebot/2.1; +http://www.google.com/bot.html)"
158.69.171.152 - - [02/Dec/2019:04:53:10 +0000] "GET /Login.aspx HTTP/1.0" 404 2649 "-" "Mozilla/5.0 (Windows NT 10.0; WOW64; rv:47.0) Gecko/20100101 Firefox/47.0"
158.69.171.152 - - [02/Dec/2019:04:53:10 +0000] "GET / HTTP/1.0" 200 410 "-" "Mozilla/5.0 (Windows NT 10.0; WOW64; rv:47.0) Gecko/20100101 Firefox/47.0"
157.55.39.42 - - [02/Dec/2019:04:54:33 +0000] "GET /robots.txt HTTP/1.0" 200 1124 "-" "Mozilla/5.0 (compatible; bingbot/2.0; +http://www.bing.com/bingbot.htm)"
157.55.39.42 - - [02/Dec/2019:04:54:34 +0000] "GET /robots.txt HTTP/1.0" 200 1124 "-" "Mozilla/5.0 (compatible; bingbot/2.0; +http://www.bing.com/bingbot.htm)"
66.249.65.198 - - [02/Dec/2019:05:53:18 +0000] "GET / HTTP/1.0" 200 1792 "-" "Mozilla/5.0 (Linux; Android 6.0.1; Nexus 5X Build/MMB29P) AppleWebKit/537.36 (KHTML, like Gecko) Chrome/41.0.2272.96 Mobile Safari/537.36 (compatible; Googlebot/2.1; +http://www.google.com/bot.html)"
66.249.65.198 - - [02/Dec/2019:14:14:24 +0000] "GET / HTTP/1.0" 200 1792 "-" "Mozilla/5.0 (Linux; Android 6.0.1; Nexus 5X Build/MMB29P) AppleWebKit/537.36 (KHTML, like Gecko) Chrome/41.0.2272.96 Mobile Safari/537.36 (compatible; Googlebot/2.1; +http://www.google.com/bot.html)"
66.249.65.194 - - [02/Dec/2019:14:24:33 +0000] "GET /History/PIrailroad.htm HTTP/1.0" 200 1805 "-" "Mozilla/5.0 (Linux; Android 6.0.1; Nexus 5X Build/MMB29P) AppleWebKit/537.36 (KHTML, like Gecko) Chrome/41.0.2272.96 Mobile Safari/537.36 (compatible; Googlebot/2.1; +http://www.google.com/bot.html)"
159.138.158.230 - - [02/Dec/2019:16:35:30 +0000] "GET / HTTP/1.0" 200 1792 "-" "Mozilla/5.0 (Linux; Android 7.0; FRD-AL00 Build/HUAWEIFRD-AL00; wv) AppleWebKit/537.36 (KHTML, like Gecko) Version/4.0 Chrome/53.0.2785.49 Mobile MQQBrowser/6.2 TBS/043602 Safari/537.36 MicroMessenger/6.5.16.1120 NetType/WIFI Language/zh_CN"
141.8.188.193 - - [02/Dec/2019:18:31:13 +0000] "GET /robots.txt HTTP/1.0" 200 2506 "-" "Mozilla/5.0 (compatible; YandexBot/3.0; +http://yandex.com/bots)"
141.8.188.193 - - [02/Dec/2019:18:31:16 +0000] "GET /favicon.ico HTTP/1.0" 200 427 "-" "Mozilla/5.0 (compatible; YandexBot/3.0; +http://yandex.com/bots)"
66.249.65.194 - - [02/Dec/2019:22:04:59 +0000] "GET /robots.txt HTTP/1.0" 200 2506 "-" "Mozilla/5.0 (compatible; Googlebot/2.1; +http://www.google.com/bot.html)"
66.249.65.194 - - [02/Dec/2019:22:04:59 +0000] "GET /ads.txt HTTP/1.0" 404 1267 "-" "Mozilla/5.0 (compatible; Googlebot/2.1; +http://www.google.com/bot.html)"
157.55.39.42 - - [03/Dec/2019:00:14:57 +0000] "GET /robots.txt HTTP/1.0" 200 2506 "-" "Mozilla/5.0 (compatible; bingbot/2.0; +http://www.bing.com/bingbot.htm)"
157.55.39.42 - - [03/Dec/2019:00:14:57 +0000] "GET /robots.txt HTTP/1.0" 200 1124 "-" "Mozilla/5.0 (compatible; bingbot/2.0; +http://www.bing.com/bingbot.htm)"
66.249.65.196 - - [03/Dec/2019:02:21:30 +0000] "GET / HTTP/1.0" 200 1792 "-" "Mozilla/5.0 (Linux; Android 6.0.1; Nexus 5X Build/MMB29P) AppleWebKit/537.36 (KHTML, like Gecko) Chrome/41.0.2272.96 Mobile Safari/537.36 (compatible; Googlebot/2.1; +http://www.google.com/bot.html)"
66.249.66.3 - - [03/Dec/2019:03:05:05 +0000] "GET /ads.txt HTTP/1.0" 404 2649 "-" "Mozilla/5.0 (compatible; Googlebot/2.1; +http://www.google.com/bot.html)"
158.69.171.152 - - [02/Dec/2019:04:53:10 +0000] "GET / HTTP/1.1" 200 24247 "-" "Mozilla/5.0 (Windows NT 10.0; WOW64; rv:47.0) Gecko/20100101 Firefox/47.0"
66.249.65.198 - - [02/Dec/2019:05:53:18 +0000] "GET / HTTP/1.1" 200 24247 "-" "Mozilla/5.0 (Linux; Android 6.0.1; Nexus 5X Build/MMB29P) AppleWebKit/537.36 (KHTML, like Gecko) Chrome/41.0.2272.96 Mobile Safari/537.36 (compatible; Googlebot/2.1; +http://www.google.com/bot.html)"
52.34.24.33 - - [02/Dec/2019:06:02:59 +0000] "HEAD / HTTP/1.1" 301 0 "-" "Go-http-client/1.1"
66.249.65.198 - - [02/Dec/2019:14:14:24 +0000] "GET / HTTP/1.1" 200 24247 "-" "Mozilla/5.0 (Linux; Android 6.0.1; Nexus 5X Build/MMB29P) AppleWebKit/537.36 (KHTML, like Gecko) Chrome/41.0.2272.96 Mobile Safari/537.36 (compatible; Googlebot/2.1; +http://www.google.com/bot.html)"
66.249.65.194 - - [02/Dec/2019:14:24:33 +0000] "GET /History/PIrailroad.htm HTTP/1.1" 200 26233 "-" "Mozilla/5.0 (Linux; Android 6.0.1; Nexus 5X Build/MMB29P) AppleWebKit/537.36 (KHTML, like Gecko) Chrome/41.0.2272.96 Mobile Safari/537.36 (compatible; Googlebot/2.1; +http://www.google.com/bot.html)"
159.138.158.230 - - [02/Dec/2019:16:35:30 +0000] "GET / HTTP/1.1" 200 24247 "-" "Mozilla/5.0 (Linux; Android 7.0; FRD-AL00 Build/HUAWEIFRD-AL00; wv) AppleWebKit/537.36 (KHTML, like Gecko) Version/4.0 Chrome/53.0.2785.49 Mobile MQQBrowser/6.2 TBS/043602 Safari/537.36 MicroMessenger/6.5.16.1120 NetType/WIFI Language/zh_CN"
141.8.188.193 - - [02/Dec/2019:18:31:17 +0000] "GET /favicon.ico HTTP/1.1" 200 113459 "-" "Mozilla/5.0 (compatible; YandexBot/3.0; +http://yandex.com/bots)"
66.249.73.47 - - [02/Dec/2019:22:04:59 +0000] "GET /ads.txt HTTP/1.1" 301 162 "-" "Mozilla/5.0 (compatible; Googlebot/2.1; +http://www.google.com/bot.html)"
66.249.65.196 - - [03/Dec/2019:02:21:30 +0000] "GET / HTTP/1.1" 200 24247 "-" "Mozilla/5.0 (Linux; Android 6.0.1; Nexus 5X Build/MMB29P) AppleWebKit/537.36 (KHTML, like Gecko) Chrome/41.0.2272.96 Mobile Safari/537.36 (compatible; Googlebot/2.1; +http://www.google.com/bot.html)"
66.249.66.6 - - [03/Dec/2019:04:55:47 +0000] "GET /History/PIrailroad.htm HTTP/1.0" 200 423 "-" "Mozilla/5.0 (Linux; Android 6.0.1; Nexus 5X Build/MMB29P) AppleWebKit/537.36 (KHTML, like Gecko) Chrome/41.0.2272.96 Mobile Safari/537.36 (compatible; Googlebot/2.1; +http://www.google.com/bot.html)"
66.249.66.6 - - [03/Dec/2019:09:17:39 +0000] "GET /test/fcgi/test.fcgi?1569888000030 HTTP/1.0" 200 3426 "-" "Mozilla/5.0 (Linux; Android 6.0.1; Nexus 5X Build/MMB29P) AppleWebKit/537.36 (KHTML, like Gecko) Chrome/41.0.2272.96 Mobile Safari/537.36 (compatible; Googlebot/2.1; +http://www.google.com/bot.html)"
66.249.66.3 - - [03/Dec/2019:14:47:13 +0000] "GET / HTTP/1.0" 200 1792 "-" "Mozilla/5.0 (Linux; Android 6.0.1; Nexus 5X Build/MMB29P) AppleWebKit/537.36 (KHTML, like Gecko) Chrome/41.0.2272.96 Mobile Safari/537.36 (compatible; Googlebot/2.1; +http://www.google.com/bot.html)"
199.34.83.112 - - [03/Dec/2019:17:57:39 +0000] "GET / HTTP/1.0" 200 1792 "-" "Mozilla/5.0 (Windows NT 10.0; Win64; x64) AppleWebKit/537.36 (KHTML, like Gecko) Chrome/63.0.3239.84 Safari/537.36"
199.34.83.112 - - [03/Dec/2019:17:57:39 +0000] "GET /css/shf.css HTTP/1.0" 200 411 "https://www.saratogahistory.com/" "Mozilla/5.0 (Windows NT 10.0; Win64; x64) AppleWebKit/537.36 (KHTML, like Gecko) Chrome/63.0.3239.84 Safari/537.36"
199.34.83.112 - - [03/Dec/2019:17:57:40 +0000] "GET /css/quickmenu.css HTTP/1.0" 200 417 "https://www.saratogahistory.com/" "Mozilla/5.0 (Windows NT 10.0; Win64; x64) AppleWebKit/537.36 (KHTML, like Gecko) Chrome/63.0.3239.84 Safari/537.36"
199.34.83.112 - - [03/Dec/2019:17:57:40 +0000] "GET /javascript/quickmenu.js HTTP/1.0" 200 437 "https://www.saratogahistory.com/" "Mozilla/5.0 (Windows NT 10.0; Win64; x64) AppleWebKit/537.36 (KHTML, like Gecko) Chrome/63.0.3239.84 Safari/537.36"
199.34.83.112 - - [03/Dec/2019:17:57:40 +0000] "GET /javascript/utilities.js HTTP/1.0" 200 437 "https://www.saratogahistory.com/" "Mozilla/5.0 (Windows NT 10.0; Win64; x64) AppleWebKit/537.36 (KHTML, like Gecko) Chrome/63.0.3239.84 Safari/537.36"
172.96.81.174 - - [03/Dec/2019:17:57:46 +0000] "GET /newsletter.htm HTTP/1.0" 200 415 "-" "Mozilla/5.0 (Windows NT 10.0; Win64; x64) AppleWebKit/537.36 (KHTML, like Gecko) Chrome/63.0.3239.84 Safari/537.36"
172.96.81.174 - - [03/Dec/2019:17:57:47 +0000] "GET /css/shf.css HTTP/1.0" 200 411 "https://www.saratogahistory.com/newsletter.htm" "Mozilla/5.0 (Windows NT 10.0; Win64; x64) AppleWebKit/537.36 (KHTML, like Gecko) Chrome/63.0.3239.84 Safari/537.36"
172.96.81.174 - - [03/Dec/2019:17:57:47 +0000] "GET /css/quickmenu.css HTTP/1.0" 200 417 "https://www.saratogahistory.com/newsletter.htm" "Mozilla/5.0 (Windows NT 10.0; Win64; x64) AppleWebKit/537.36 (KHTML, like Gecko) Chrome/63.0.3239.84 Safari/537.36"
172.96.81.174 - - [03/Dec/2019:17:57:47 +0000] "GET /javascript/quickmenu.js HTTP/1.0" 200 437 "https://www.saratogahistory.com/newsletter.htm" "Mozilla/5.0 (Windows NT 10.0; Win64; x64) AppleWebKit/537.36 (KHTML, like Gecko) Chrome/63.0.3239.84 Safari/537.36"
172.96.81.174 - - [03/Dec/2019:17:57:48 +0000] "GET /javascript/utilities.js HTTP/1.0" 200 437 "https://www.saratogahistory.com/newsletter.htm" "Mozilla/5.0 (Windows NT 10.0; Win64; x64) AppleWebKit/537.36 (KHTML, like Gecko) Chrome/63.0.3239.84 Safari/537.36"
216.213.24.7 - - [03/Dec/2019:17:57:52 +0000] "GET /board_of_directors.htm HTTP/1.0" 200 423 "-" "Mozilla/5.0 (Windows NT 10.0; Win64; x64) AppleWebKit/537.36 (KHTML, like Gecko) Chrome/63.0.3239.84 Safari/537.36"
216.213.24.7 - - [03/Dec/2019:17:57:54 +0000] "GET /css/shf.css HTTP/1.0" 200 411 "https://www.saratogahistory.com/board_of_directors.htm" "Mozilla/5.0 (Windows NT 10.0; Win64; x64) AppleWebKit/537.36 (KHTML, like Gecko) Chrome/63.0.3239.84 Safari/537.36"
216.213.24.7 - - [03/Dec/2019:17:57:54 +0000] "GET /css/quickmenu.css HTTP/1.0" 200 417 "https://www.saratogahistory.com/board_of_directors.htm" "Mozilla/5.0 (Windows NT 10.0; Win64; x64) AppleWebKit/537.36 (KHTML, like Gecko) Chrome/63.0.3239.84 Safari/537.36"
216.213.24.7 - - [03/Dec/2019:17:57:54 +0000] "GET /javascript/quickmenu.js HTTP/1.0" 200 437 "https://www.saratogahistory.com/board_of_directors.htm" "Mozilla/5.0 (Windows NT 10.0; Win64; x64) AppleWebKit/537.36 (KHTML, like Gecko) Chrome/63.0.3239.84 Safari/537.36"
216.213.24.7 - - [03/Dec/2019:17:57:54 +0000] "GET /javascript/utilities.js HTTP/1.0" 200 437 "https://www.saratogahistory.com/board_of_directors.htm" "Mozilla/5.0 (Windows NT 10.0; Win64; x64) AppleWebKit/537.36 (KHTML, like Gecko) Chrome/63.0.3239.84 Safari/537.36"
167.71.45.228 - - [03/Dec/2019:18:00:25 +0000] "GET /newsletter.htm HTTP/1.0" 200 415 "-" "Mozilla/5.0 (Windows NT 10.0; Win64; x64) AppleWebKit/537.36 (KHTML, like Gecko) Chrome/63.0.3239.84 Safari/537.36"
167.71.45.228 - - [03/Dec/2019:18:00:25 +0000] "GET /css/shf.css HTTP/1.0" 200 411 "https://www.saratogahistory.com/newsletter.htm" "Mozilla/5.0 (Windows NT 10.0; Win64; x64) AppleWebKit/537.36 (KHTML, like Gecko) Chrome/63.0.3239.84 Safari/537.36"
167.71.45.228 - - [03/Dec/2019:18:00:25 +0000] "GET /css/quickmenu.css HTTP/1.0" 200 417 "https://www.saratogahistory.com/newsletter.htm" "Mozilla/5.0 (Windows NT 10.0; Win64; x64) AppleWebKit/537.36 (KHTML, like Gecko) Chrome/63.0.3239.84 Safari/537.36"
167.71.45.228 - - [03/Dec/2019:18:00:26 +0000] "GET /javascript/quickmenu.js HTTP/1.0" 200 437 "https://www.saratogahistory.com/newsletter.htm" "Mozilla/5.0 (Windows NT 10.0; Win64; x64) AppleWebKit/537.36 (KHTML, like Gecko) Chrome/63.0.3239.84 Safari/537.36"
167.71.45.228 - - [03/Dec/2019:18:00:26 +0000] "GET /javascript/utilities.js HTTP/1.0" 200 437 "https://www.saratogahistory.com/newsletter.htm" "Mozilla/5.0 (Windows NT 10.0; Win64; x64) AppleWebKit/537.36 (KHTML, like Gecko) Chrome/63.0.3239.84 Safari/537.36"
66.249.66.4 - - [03/Dec/2019:22:05:39 +0000] "GET /robots.txt HTTP/1.0" 200 2506 "-" "Mozilla/5.0 (compatible; Googlebot/2.1; +http://www.google.com/bot.html)"
66.249.66.3 - - [03/Dec/2019:22:05:40 +0000] "GET /ads.txt HTTP/1.0" 404 1267 "-" "Mozilla/5.0 (compatible; Googlebot/2.1; +http://www.google.com/bot.html)"
34.209.229.66 - - [04/Dec/2019:02:38:31 +0000] "GET / HTTP/1.0" 200 1792 "-" "Mozilla/5.0 (Macintosh; Intel Mac OS X 10_13_6) AppleWebKit/537.36 (KHTML, like Gecko) Chrome/76.0.3809.100 Safari/537.36"
66.249.66.6 - - [03/Dec/2019:04:55:47 +0000] "GET /History/PIrailroad.htm HTTP/1.1" 200 26233 "-" "Mozilla/5.0 (Linux; Android 6.0.1; Nexus 5X Build/MMB29P) AppleWebKit/537.36 (KHTML, like Gecko) Chrome/41.0.2272.96 Mobile Safari/537.36 (compatible; Googlebot/2.1; +http://www.google.com/bot.html)"
35.162.70.167 - - [03/Dec/2019:05:28:53 +0000] "HEAD / HTTP/1.1" 301 0 "-" "Go-http-client/1.1"
209.17.96.186 - - [03/Dec/2019:12:14:15 +0000] "GET / HTTP/1.1" 301 162 "-" "Mozilla/5.0 (compatible; Nimbostratus-Bot/v1.3.2; http://cloudsystemnetworks.com)"
66.249.66.3 - - [03/Dec/2019:14:47:13 +0000] "GET / HTTP/1.1" 200 24247 "-" "Mozilla/5.0 (Linux; Android 6.0.1; Nexus 5X Build/MMB29P) AppleWebKit/537.36 (KHTML, like Gecko) Chrome/41.0.2272.96 Mobile Safari/537.36 (compatible; Googlebot/2.1; +http://www.google.com/bot.html)"
199.34.83.112 - - [03/Dec/2019:17:57:39 +0000] "GET / HTTP/1.1" 200 24247 "-" "Mozilla/5.0 (Windows NT 10.0; Win64; x64) AppleWebKit/537.36 (KHTML, like Gecko) Chrome/63.0.3239.84 Safari/537.36"
199.34.83.112 - - [03/Dec/2019:17:57:39 +0000] "GET /css/shf.css HTTP/1.1" 200 5498 "https://www.saratogahistory.com/" "Mozilla/5.0 (Windows NT 10.0; Win64; x64) AppleWebKit/537.36 (KHTML, like Gecko) Chrome/63.0.3239.84 Safari/537.36"
199.34.83.112 - - [03/Dec/2019:17:57:40 +0000] "GET /css/quickmenu.css HTTP/1.1" 200 4355 "https://www.saratogahistory.com/" "Mozilla/5.0 (Windows NT 10.0; Win64; x64) AppleWebKit/537.36 (KHTML, like Gecko) Chrome/63.0.3239.84 Safari/537.36"
199.34.83.112 - - [03/Dec/2019:17:57:40 +0000] "GET /javascript/quickmenu.js HTTP/1.1" 200 15419 "https://www.saratogahistory.com/" "Mozilla/5.0 (Windows NT 10.0; Win64; x64) AppleWebKit/537.36 (KHTML, like Gecko) Chrome/63.0.3239.84 Safari/537.36"
199.34.83.112 - - [03/Dec/2019:17:57:40 +0000] "GET /javascript/utilities.js HTTP/1.1" 200 2100 "https://www.saratogahistory.com/" "Mozilla/5.0 (Windows NT 10.0; Win64; x64) AppleWebKit/537.36 (KHTML, like Gecko) Chrome/63.0.3239.84 Safari/537.36"
172.96.81.174 - - [03/Dec/2019:17:57:46 +0000] "GET /newsletter.htm HTTP/1.1" 200 16857 "-" "Mozilla/5.0 (Windows NT 10.0; Win64; x64) AppleWebKit/537.36 (KHTML, like Gecko) Chrome/63.0.3239.84 Safari/537.36"
172.96.81.174 - - [03/Dec/2019:17:57:47 +0000] "GET /css/shf.css HTTP/1.1" 200 5498 "https://www.saratogahistory.com/newsletter.htm" "Mozilla/5.0 (Windows NT 10.0; Win64; x64) AppleWebKit/537.36 (KHTML, like Gecko) Chrome/63.0.3239.84 Safari/537.36"
172.96.81.174 - - [03/Dec/2019:17:57:47 +0000] "GET /css/quickmenu.css HTTP/1.1" 200 4355 "https://www.saratogahistory.com/newsletter.htm" "Mozilla/5.0 (Windows NT 10.0; Win64; x64) AppleWebKit/537.36 (KHTML, like Gecko) Chrome/63.0.3239.84 Safari/537.36"
172.96.81.174 - - [03/Dec/2019:17:57:47 +0000] "GET /javascript/quickmenu.js HTTP/1.1" 200 15419 "https://www.saratogahistory.com/newsletter.htm" "Mozilla/5.0 (Windows NT 10.0; Win64; x64) AppleWebKit/537.36 (KHTML, like Gecko) Chrome/63.0.3239.84 Safari/537.36"
172.96.81.174 - - [03/Dec/2019:17:57:48 +0000] "GET /javascript/utilities.js HTTP/1.1" 200 2100 "https://www.saratogahistory.com/newsletter.htm" "Mozilla/5.0 (Windows NT 10.0; Win64; x64) AppleWebKit/537.36 (KHTML, like Gecko) Chrome/63.0.3239.84 Safari/537.36"
216.213.24.7 - - [03/Dec/2019:17:57:52 +0000] "GET /board_of_directors.htm HTTP/1.1" 200 11569 "-" "Mozilla/5.0 (Windows NT 10.0; Win64; x64) AppleWebKit/537.36 (KHTML, like Gecko) Chrome/63.0.3239.84 Safari/537.36"
216.213.24.7 - - [03/Dec/2019:17:57:54 +0000] "GET /css/shf.css HTTP/1.1" 200 5498 "https://www.saratogahistory.com/board_of_directors.htm" "Mozilla/5.0 (Windows NT 10.0; Win64; x64) AppleWebKit/537.36 (KHTML, like Gecko) Chrome/63.0.3239.84 Safari/537.36"
216.213.24.7 - - [03/Dec/2019:17:57:54 +0000] "GET /css/quickmenu.css HTTP/1.1" 200 4355 "https://www.saratogahistory.com/board_of_directors.htm" "Mozilla/5.0 (Windows NT 10.0; Win64; x64) AppleWebKit/537.36 (KHTML, like Gecko) Chrome/63.0.3239.84 Safari/537.36"
216.213.24.7 - - [03/Dec/2019:17:57:54 +0000] "GET /javascript/quickmenu.js HTTP/1.1" 200 15419 "https://www.saratogahistory.com/board_of_directors.htm" "Mozilla/5.0 (Windows NT 10.0; Win64; x64) AppleWebKit/537.36 (KHTML, like Gecko) Chrome/63.0.3239.84 Safari/537.36"
216.213.24.7 - - [03/Dec/2019:17:57:54 +0000] "GET /javascript/utilities.js HTTP/1.1" 200 2100 "https://www.saratogahistory.com/board_of_directors.htm" "Mozilla/5.0 (Windows NT 10.0; Win64; x64) AppleWebKit/537.36 (KHTML, like Gecko) Chrome/63.0.3239.84 Safari/537.36"
167.71.45.228 - - [03/Dec/2019:18:00:25 +0000] "GET /newsletter.htm HTTP/1.1" 200 16857 "-" "Mozilla/5.0 (Windows NT 10.0; Win64; x64) AppleWebKit/537.36 (KHTML, like Gecko) Chrome/63.0.3239.84 Safari/537.36"
167.71.45.228 - - [03/Dec/2019:18:00:25 +0000] "GET /css/shf.css HTTP/1.1" 200 5498 "https://www.saratogahistory.com/newsletter.htm" "Mozilla/5.0 (Windows NT 10.0; Win64; x64) AppleWebKit/537.36 (KHTML, like Gecko) Chrome/63.0.3239.84 Safari/537.36"
167.71.45.228 - - [03/Dec/2019:18:00:25 +0000] "GET /css/quickmenu.css HTTP/1.1" 200 4355 "https://www.saratogahistory.com/newsletter.htm" "Mozilla/5.0 (Windows NT 10.0; Win64; x64) AppleWebKit/537.36 (KHTML, like Gecko) Chrome/63.0.3239.84 Safari/537.36"
167.71.45.228 - - [03/Dec/2019:18:00:26 +0000] "GET /javascript/quickmenu.js HTTP/1.1" 200 15419 "https://www.saratogahistory.com/newsletter.htm" "Mozilla/5.0 (Windows NT 10.0; Win64; x64) AppleWebKit/537.36 (KHTML, like Gecko) Chrome/63.0.3239.84 Safari/537.36"
167.71.45.228 - - [03/Dec/2019:18:00:26 +0000] "GET /javascript/utilities.js HTTP/1.1" 200 2100 "https://www.saratogahistory.com/newsletter.htm" "Mozilla/5.0 (Windows NT 10.0; Win64; x64) AppleWebKit/537.36 (KHTML, like Gecko) Chrome/63.0.3239.84 Safari/537.36"
66.249.66.211 - - [03/Dec/2019:22:05:39 +0000] "GET /robots.txt HTTP/1.1" 301 162 "-" "Mozilla/5.0 (compatible; Googlebot/2.1; +http://www.google.com/bot.html)"
66.249.66.207 - - [03/Dec/2019:22:05:39 +0000] "GET /ads.txt HTTP/1.1" 301 162 "-" "Mozilla/5.0 (compatible; Googlebot/2.1; +http://www.google.com/bot.html)"
34.209.229.66 - - [04/Dec/2019:02:38:31 +0000] "GET / HTTP/1.1" 301 162 "-" "Mozilla/5.0 (Macintosh; Intel Mac OS X 10_13_6) AppleWebKit/537.36 (KHTML, like Gecko) Chrome/76.0.3809.100 Safari/537.36"
34.209.229.66 - - [04/Dec/2019:02:38:31 +0000] "GET / HTTP/1.1" 200 24247 "-" "Mozilla/5.0 (Macintosh; Intel Mac OS X 10_13_6) AppleWebKit/537.36 (KHTML, like Gecko) Chrome/76.0.3809.100 Safari/537.36"
35.162.70.167 - - [04/Dec/2019:03:16:32 +0000] "HEAD / HTTP/1.1" 301 0 "-" "Go-http-client/1.1"
66.249.69.98 - - [04/Dec/2019:05:10:31 +0000] "GET / HTTP/1.0" 200 1792 "-" "Mozilla/5.0 (Linux; Android 6.0.1; Nexus 5X Build/MMB29P) AppleWebKit/537.36 (KHTML, like Gecko) Chrome/41.0.2272.96 Mobile Safari/537.36 (compatible; Googlebot/2.1; +http://www.google.com/bot.html)"
